Archive member included to satisfy reference by file (symbol)

c:/program files (x86)/atollic/truestudio for stm32 9.0.1/armtools/bin/../lib/gcc/arm-atollic-eabi/6.3.1/../../../../arm-atollic-eabi/lib/armv7e-m/fpu\libc_nano.a(lib_a-errno.o)
                              Src\syscalls.o (__errno)
c:/program files (x86)/atollic/truestudio for stm32 9.0.1/armtools/bin/../lib/gcc/arm-atollic-eabi/6.3.1/../../../../arm-atollic-eabi/lib/armv7e-m/fpu\libc_nano.a(lib_a-impure.o)
                              c:/program files (x86)/atollic/truestudio for stm32 9.0.1/armtools/bin/../lib/gcc/arm-atollic-eabi/6.3.1/../../../../arm-atollic-eabi/lib/armv7e-m/fpu\libc_nano.a(lib_a-errno.o) (_impure_ptr)
c:/program files (x86)/atollic/truestudio for stm32 9.0.1/armtools/bin/../lib/gcc/arm-atollic-eabi/6.3.1/../../../../arm-atollic-eabi/lib/armv7e-m/fpu\libc_nano.a(lib_a-init.o)
                              startup\startup_stm32f411xe.o (__libc_init_array)
c:/program files (x86)/atollic/truestudio for stm32 9.0.1/armtools/bin/../lib/gcc/arm-atollic-eabi/6.3.1/../../../../arm-atollic-eabi/lib/armv7e-m/fpu\libc_nano.a(lib_a-malloc.o)
                              Middlewares\ST\STM32_USB_Host_Library\Class\CDC\Src\usbh_cdc.o (malloc)
c:/program files (x86)/atollic/truestudio for stm32 9.0.1/armtools/bin/../lib/gcc/arm-atollic-eabi/6.3.1/../../../../arm-atollic-eabi/lib/armv7e-m/fpu\libc_nano.a(lib_a-memset.o)
                              Src\main.o (memset)
c:/program files (x86)/atollic/truestudio for stm32 9.0.1/armtools/bin/../lib/gcc/arm-atollic-eabi/6.3.1/../../../../arm-atollic-eabi/lib/armv7e-m/fpu\libc_nano.a(lib_a-nano-freer.o)
                              c:/program files (x86)/atollic/truestudio for stm32 9.0.1/armtools/bin/../lib/gcc/arm-atollic-eabi/6.3.1/../../../../arm-atollic-eabi/lib/armv7e-m/fpu\libc_nano.a(lib_a-malloc.o) (_free_r)
c:/program files (x86)/atollic/truestudio for stm32 9.0.1/armtools/bin/../lib/gcc/arm-atollic-eabi/6.3.1/../../../../arm-atollic-eabi/lib/armv7e-m/fpu\libc_nano.a(lib_a-nano-mallocr.o)
                              c:/program files (x86)/atollic/truestudio for stm32 9.0.1/armtools/bin/../lib/gcc/arm-atollic-eabi/6.3.1/../../../../arm-atollic-eabi/lib/armv7e-m/fpu\libc_nano.a(lib_a-malloc.o) (_malloc_r)
c:/program files (x86)/atollic/truestudio for stm32 9.0.1/armtools/bin/../lib/gcc/arm-atollic-eabi/6.3.1/../../../../arm-atollic-eabi/lib/armv7e-m/fpu\libc_nano.a(lib_a-sbrkr.o)
                              c:/program files (x86)/atollic/truestudio for stm32 9.0.1/armtools/bin/../lib/gcc/arm-atollic-eabi/6.3.1/../../../../arm-atollic-eabi/lib/armv7e-m/fpu\libc_nano.a(lib_a-nano-mallocr.o) (_sbrk_r)
c:/program files (x86)/atollic/truestudio for stm32 9.0.1/armtools/bin/../lib/gcc/arm-atollic-eabi/6.3.1/../../../../arm-atollic-eabi/lib/armv7e-m/fpu\libc_nano.a(lib_a-snprintf.o)
                              Src\menu.o (snprintf)
c:/program files (x86)/atollic/truestudio for stm32 9.0.1/armtools/bin/../lib/gcc/arm-atollic-eabi/6.3.1/../../../../arm-atollic-eabi/lib/armv7e-m/fpu\libc_nano.a(lib_a-mlock.o)
                              c:/program files (x86)/atollic/truestudio for stm32 9.0.1/armtools/bin/../lib/gcc/arm-atollic-eabi/6.3.1/../../../../arm-atollic-eabi/lib/armv7e-m/fpu\libc_nano.a(lib_a-nano-freer.o) (__malloc_lock)
c:/program files (x86)/atollic/truestudio for stm32 9.0.1/armtools/bin/../lib/gcc/arm-atollic-eabi/6.3.1/../../../../arm-atollic-eabi/lib/armv7e-m/fpu\libc_nano.a(lib_a-nano-svfprintf.o)
                              c:/program files (x86)/atollic/truestudio for stm32 9.0.1/armtools/bin/../lib/gcc/arm-atollic-eabi/6.3.1/../../../../arm-atollic-eabi/lib/armv7e-m/fpu\libc_nano.a(lib_a-snprintf.o) (_svfprintf_r)
c:/program files (x86)/atollic/truestudio for stm32 9.0.1/armtools/bin/../lib/gcc/arm-atollic-eabi/6.3.1/../../../../arm-atollic-eabi/lib/armv7e-m/fpu\libc_nano.a(lib_a-nano-vfprintf_i.o)
                              c:/program files (x86)/atollic/truestudio for stm32 9.0.1/armtools/bin/../lib/gcc/arm-atollic-eabi/6.3.1/../../../../arm-atollic-eabi/lib/armv7e-m/fpu\libc_nano.a(lib_a-nano-svfprintf.o) (_printf_i)
c:/program files (x86)/atollic/truestudio for stm32 9.0.1/armtools/bin/../lib/gcc/arm-atollic-eabi/6.3.1/../../../../arm-atollic-eabi/lib/armv7e-m/fpu\libc_nano.a(lib_a-reent.o)
                              c:/program files (x86)/atollic/truestudio for stm32 9.0.1/armtools/bin/../lib/gcc/arm-atollic-eabi/6.3.1/../../../../arm-atollic-eabi/lib/armv7e-m/fpu\libc_nano.a(lib_a-sbrkr.o) (errno)
c:/program files (x86)/atollic/truestudio for stm32 9.0.1/armtools/bin/../lib/gcc/arm-atollic-eabi/6.3.1/../../../../arm-atollic-eabi/lib/armv7e-m/fpu\libc_nano.a(lib_a-memchr.o)
                              c:/program files (x86)/atollic/truestudio for stm32 9.0.1/armtools/bin/../lib/gcc/arm-atollic-eabi/6.3.1/../../../../arm-atollic-eabi/lib/armv7e-m/fpu\libc_nano.a(lib_a-nano-svfprintf.o) (memchr)
[...]
Memory Configuration

Name             Origin             Length             Attributes
RAM              0x20000000         0x00020000         xrw
FLASH            0x08000000         0x00080000         xr
*default*        0x00000000         0xffffffff

Linker script and memory map

LOAD c:/program files (x86)/atollic/truestudio for stm32 9.0.1/armtools/bin/../lib/gcc/arm-atollic-eabi/6.3.1/armv7e-m/fpu/crti.o
LOAD c:/program files (x86)/atollic/truestudio for stm32 9.0.1/armtools/bin/../lib/gcc/arm-atollic-eabi/6.3.1/armv7e-m/fpu/crtbegin.o
LOAD Drivers\STM32F4xx_HAL_Driver\Src\stm32f4xx_hal.o
LOAD Drivers\STM32F4xx_HAL_Driver\Src\stm32f4xx_hal_cortex.o
LOAD Drivers\STM32F4xx_HAL_Driver\Src\stm32f4xx_hal_dma.o
LOAD Drivers\STM32F4xx_HAL_Driver\Src\stm32f4xx_hal_dma_ex.o
LOAD Drivers\STM32F4xx_HAL_Driver\Src\stm32f4xx_hal_exti.o
LOAD Drivers\STM32F4xx_HAL_Driver\Src\stm32f4xx_hal_flash.o
LOAD Drivers\STM32F4xx_HAL_Driver\Src\stm32f4xx_hal_flash_ex.o
LOAD Drivers\STM32F4xx_HAL_Driver\Src\stm32f4xx_hal_flash_ramfunc.o
LOAD Drivers\STM32F4xx_HAL_Driver\Src\stm32f4xx_hal_gpio.o
LOAD Drivers\STM32F4xx_HAL_Driver\Src\stm32f4xx_hal_hcd.o
LOAD Drivers\STM32F4xx_HAL_Driver\Src\stm32f4xx_hal_i2c.o
LOAD Drivers\STM32F4xx_HAL_Driver\Src\stm32f4xx_hal_i2c_ex.o
LOAD Drivers\STM32F4xx_HAL_Driver\Src\stm32f4xx_hal_i2s.o
LOAD Drivers\STM32F4xx_HAL_Driver\Src\stm32f4xx_hal_i2s_ex.o
LOAD Drivers\STM32F4xx_HAL_Driver\Src\stm32f4xx_hal_pwr.o
LOAD Drivers\STM32F4xx_HAL_Driver\Src\stm32f4xx_hal_pwr_ex.o
LOAD Drivers\STM32F4xx_HAL_Driver\Src\stm32f4xx_hal_rcc.o
LOAD Drivers\STM32F4xx_HAL_Driver\Src\stm32f4xx_hal_rcc_ex.o
LOAD Drivers\STM32F4xx_HAL_Driver\Src\stm32f4xx_hal_spi.o
LOAD Drivers\STM32F4xx_HAL_Driver\Src\stm32f4xx_hal_tim.o
LOAD Drivers\STM32F4xx_HAL_Driver\Src\stm32f4xx_hal_tim_ex.o
LOAD Drivers\STM32F4xx_HAL_Driver\Src\stm32f4xx_ll_usb.o
LOAD Middlewares\ST\STM32_USB_Host_Library\Class\CDC\Src\usbh_cdc.o
LOAD Middlewares\ST\STM32_USB_Host_Library\Core\Src\usbh_core.o
LOAD Middlewares\ST\STM32_USB_Host_Library\Core\Src\usbh_ctlreq.o
LOAD Middlewares\ST\STM32_USB_Host_Library\Core\Src\usbh_ioreq.o
LOAD Middlewares\ST\STM32_USB_Host_Library\Core\Src\usbh_pipes.o
LOAD Src\fonts.o
LOAD Src\ili9341.o
LOAD Src\main.o
LOAD Src\menu.o
LOAD Src\stepperdrive.o
LOAD Src\stm32f4xx_hal_msp.o
LOAD Src\stm32f4xx_it.o
LOAD Src\syscalls.o
LOAD Src\system_stm32f4xx.o
LOAD Src\usb_host.o
LOAD Src\usbh_conf.o
LOAD Src\usbh_platform.o
LOAD startup\startup_stm32f411xe.o
                0x00000080                malloc_getpagesize_P = 0x80
START GROUP
LOAD c:/program files (x86)/atollic/truestudio for stm32 9.0.1/armtools/bin/../lib/gcc/arm-atollic-eabi/6.3.1/../../../../arm-atollic-eabi/lib/armv7e-m/fpu\libc_nano.a
LOAD c:/program files (x86)/atollic/truestudio for stm32 9.0.1/armtools/bin/../lib/gcc/arm-atollic-eabi/6.3.1/../../../../arm-atollic-eabi/lib/armv7e-m/fpu\libm.a
END GROUP
START GROUP
LOAD c:/program files (x86)/atollic/truestudio for stm32 9.0.1/armtools/bin/../lib/gcc/arm-atollic-eabi/6.3.1/armv7e-m/fpu\libgcc.a
LOAD c:/program files (x86)/atollic/truestudio for stm32 9.0.1/armtools/bin/../lib/gcc/arm-atollic-eabi/6.3.1/../../../../arm-atollic-eabi/lib/armv7e-m/fpu\libc_nano.a
END GROUP
START GROUP
LOAD c:/program files (x86)/atollic/truestudio for stm32 9.0.1/armtools/bin/../lib/gcc/arm-atollic-eabi/6.3.1/armv7e-m/fpu\libgcc.a
LOAD c:/program files (x86)/atollic/truestudio for stm32 9.0.1/armtools/bin/../lib/gcc/arm-atollic-eabi/6.3.1/../../../../arm-atollic-eabi/lib/armv7e-m/fpu\libc_nano.a
LOAD c:/program files (x86)/atollic/truestudio for stm32 9.0.1/armtools/bin/../lib/gcc/arm-atollic-eabi/6.3.1/../../../../arm-atollic-eabi/lib/armv7e-m/fpu\libnosys.a
END GROUP
START GROUP
LOAD c:/program files (x86)/atollic/truestudio for stm32 9.0.1/armtools/bin/../lib/gcc/arm-atollic-eabi/6.3.1/armv7e-m/fpu\libgcc.a
LOAD c:/program files (x86)/atollic/truestudio for stm32 9.0.1/armtools/bin/../lib/gcc/arm-atollic-eabi/6.3.1/../../../../arm-atollic-eabi/lib/armv7e-m/fpu\libc_nano.a
LOAD c:/program files (x86)/atollic/truestudio for stm32 9.0.1/armtools/bin/../lib/gcc/arm-atollic-eabi/6.3.1/../../../../arm-atollic-eabi/lib/armv7e-m/fpu\libnosys.a
END GROUP
LOAD c:/program files (x86)/atollic/truestudio for stm32 9.0.1/armtools/bin/../lib/gcc/arm-atollic-eabi/6.3.1/armv7e-m/fpu/crtend.o
LOAD c:/program files (x86)/atollic/truestudio for stm32 9.0.1/armtools/bin/../lib/gcc/arm-atollic-eabi/6.3.1/armv7e-m/fpu/crtn.o
                0x20020000                _estack = 0x20020000
                0x00000200                _Min_Heap_Size = 0x200
                0x00000400                _Min_Stack_Size = 0x400

.isr_vector     0x08000000      0x198
                0x08000000                . = ALIGN (0x4)
 *(.isr_vector)
 .isr_vector    0x08000000      0x198 startup\startup_stm32f411xe.o
                0x08000000                g_pfnVectors
                0x08000198                . = ALIGN (0x4)

.text           0x080001a0     0x5e48
                0x080001a0                . = ALIGN (0x4)
 *(.text)
 .text          0x080001a0       0x40 c:/program files (x86)/atollic/truestudio for stm32 9.0.1/armtools/bin/../lib/gcc/arm-atollic-eabi/6.3.1/armv7e-m/fpu/crtbegin.o
 .text          0x080001e0       0xa0 c:/program files (x86)/atollic/truestudio for stm32 9.0.1/armtools/bin/../lib/gcc/arm-atollic-eabi/6.3.1/../../../../arm-atollic-eabi/lib/armv7e-m/fpu\libc_nano.a(lib_a-memchr.o)
                0x080001e0                memchr
 .text          0x08000280       0x30 c:/program files (x86)/atollic/truestudio for stm32 9.0.1/armtools/bin/../lib/gcc/arm-atollic-eabi/6.3.1/armv7e-m/fpu\libgcc.a(_aeabi_uldivmod.o)
                0x08000280                __aeabi_uldivmod
 .text          0x080002b0      0x2dc c:/program files (x86)/atollic/truestudio for stm32 9.0.1/armtools/bin/../lib/gcc/arm-atollic-eabi/6.3.1/armv7e-m/fpu\libgcc.a(_udivmoddi4.o)
                0x080002b0                __udivmoddi4
 .text          0x0800058c        0x4 c:/program files (x86)/atollic/truestudio for stm32 9.0.1/armtools/bin/../lib/gcc/arm-atollic-eabi/6.3.1/armv7e-m/fpu\libgcc.a(_dvmd_tls.o)
                0x0800058c                __aeabi_idiv0
                0x0800058c                __aeabi_ldiv0
 *(.text*)
 .text.HAL_InitTick
                0x08000590       0x48 Drivers\STM32F4xx_HAL_Driver\Src\stm32f4xx_hal.o
                0x08000590                HAL_InitTick
 .text.HAL_Init
                0x080005d8       0x34 Drivers\STM32F4xx_HAL_Driver\Src\stm32f4xx_hal.o
                0x080005d8                HAL_Init
 .text.HAL_IncTick
                0x0800060c       0x18 Drivers\STM32F4xx_HAL_Driver\Src\stm32f4xx_hal.o
                0x0800060c                HAL_IncTick
 .text.HAL_GetTick
                0x08000624        0xc Drivers\STM32F4xx_HAL_Driver\Src\stm32f4xx_hal.o
                0x08000624                HAL_GetTick
 .text.HAL_Delay
                0x08000630       0x28 Drivers\STM32F4xx_HAL_Driver\Src\stm32f4xx_hal.o
                0x08000630                HAL_Delay
 .text.HAL_NVIC_SetPriorityGrouping
                0x08000658       0x24 Drivers\STM32F4xx_HAL_Driver\Src\stm32f4xx_hal_cortex.o
                0x08000658                HAL_NVIC_SetPriorityGrouping
 .text.HAL_NVIC_SetPriority
                0x0800067c       0x68 Drivers\STM32F4xx_HAL_Driver\Src\stm32f4xx_hal_cortex.o
                0x0800067c                HAL_NVIC_SetPriority
 .text.HAL_NVIC_EnableIRQ
                0x080006e4       0x1c Drivers\STM32F4xx_HAL_Driver\Src\stm32f4xx_hal_cortex.o
                0x080006e4                HAL_NVIC_EnableIRQ
 .text.HAL_SYSTICK_Config
                0x08000700       0x2c Drivers\STM32F4xx_HAL_Driver\Src\stm32f4xx_hal_cortex.o
                0x08000700                HAL_SYSTICK_Config
 .text.DMA_CalcBaseAndBitshift
                0x0800072c       0x2c Drivers\STM32F4xx_HAL_Driver\Src\stm32f4xx_hal_dma.o
 .text.HAL_DMA_Init
                0x08000758       0xfc Drivers\STM32F4xx_HAL_Driver\Src\stm32f4xx_hal_dma.o
                0x08000758                HAL_DMA_Init
 .text.HAL_DMA_Start_IT
                0x08000854       0x7c Drivers\STM32F4xx_HAL_Driver\Src\stm32f4xx_hal_dma.o
                0x08000854                HAL_DMA_Start_IT
 .text.HAL_DMA_Abort_IT
                0x080008d0       0x24 Drivers\STM32F4xx_HAL_Driver\Src\stm32f4xx_hal_dma.o
                0x080008d0                HAL_DMA_Abort_IT
 .text.HAL_DMA_IRQHandler
                0x080008f4      0x174 Drivers\STM32F4xx_HAL_Driver\Src\stm32f4xx_hal_dma.o
                0x080008f4                HAL_DMA_IRQHandler
 .text.HAL_GPIO_Init
                0x08000a68      0x1ac Drivers\STM32F4xx_HAL_Driver\Src\stm32f4xx_hal_gpio.o
                0x08000a68                HAL_GPIO_Init
 .text.HAL_GPIO_ReadPin
                0x08000c14        0xc Drivers\STM32F4xx_HAL_Driver\Src\stm32f4xx_hal_gpio.o
                0x08000c14                HAL_GPIO_ReadPin
 .text.HAL_GPIO_WritePin
                0x08000c20        0xa Drivers\STM32F4xx_HAL_Driver\Src\stm32f4xx_hal_gpio.o
                0x08000c20                HAL_GPIO_WritePin
 .text.HAL_GPIO_TogglePin
                0x08000c2a        0xe Drivers\STM32F4xx_HAL_Driver\Src\stm32f4xx_hal_gpio.o
                0x08000c2a                HAL_GPIO_TogglePin
 .text.HAL_HCD_HC_Init
                0x08000c38       0x70 Drivers\STM32F4xx_HAL_Driver\Src\stm32f4xx_hal_hcd.o
                0x08000c38                HAL_HCD_HC_Init
 .text.HAL_HCD_HC_Halt
                0x08000ca8       0x24 Drivers\STM32F4xx_HAL_Driver\Src\stm32f4xx_hal_hcd.o
                0x08000ca8                HAL_HCD_HC_Halt
 .text.HAL_HCD_Init
                0x08000ccc       0x94 Drivers\STM32F4xx_HAL_Driver\Src\stm32f4xx_hal_hcd.o
                0x08000ccc                HAL_HCD_Init
 .text.HAL_HCD_HC_SubmitRequest
                0x08000d60       0xc4 Drivers\STM32F4xx_HAL_Driver\Src\stm32f4xx_hal_hcd.o
                0x08000d60                HAL_HCD_HC_SubmitRequest
 .text.HAL_HCD_IRQHandler
                0x08000e24      0x638 Drivers\STM32F4xx_HAL_Driver\Src\stm32f4xx_hal_hcd.o
                0x08000e24                HAL_HCD_IRQHandler
 .text.HAL_HCD_Start
                0x0800145c       0x2c Drivers\STM32F4xx_HAL_Driver\Src\stm32f4xx_hal_hcd.o
                0x0800145c                HAL_HCD_Start
 .text.HAL_HCD_Stop
                0x08001488       0x24 Drivers\STM32F4xx_HAL_Driver\Src\stm32f4xx_hal_hcd.o
                0x08001488                HAL_HCD_Stop
 .text.HAL_HCD_ResetPort
                0x080014ac        0x6 Drivers\STM32F4xx_HAL_Driver\Src\stm32f4xx_hal_hcd.o
                0x080014ac                HAL_HCD_ResetPort
 .text.HAL_HCD_HC_GetURBState
                0x080014b2        0xc Drivers\STM32F4xx_HAL_Driver\Src\stm32f4xx_hal_hcd.o
                0x080014b2                HAL_HCD_HC_GetURBState
 .text.HAL_HCD_HC_GetXferCount
                0x080014be        0xa Drivers\STM32F4xx_HAL_Driver\Src\stm32f4xx_hal_hcd.o
                0x080014be                HAL_HCD_HC_GetXferCount
 .text.HAL_HCD_GetCurrentFrame
                0x080014c8        0x6 Drivers\STM32F4xx_HAL_Driver\Src\stm32f4xx_hal_hcd.o
                0x080014c8                HAL_HCD_GetCurrentFrame
 .text.HAL_HCD_GetCurrentSpeed
                0x080014ce        0x6 Drivers\STM32F4xx_HAL_Driver\Src\stm32f4xx_hal_hcd.o
                0x080014ce                HAL_HCD_GetCurrentSpeed
 .text.HAL_I2C_Init
                0x080014d4      0x148 Drivers\STM32F4xx_HAL_Driver\Src\stm32f4xx_hal_i2c.o
                0x080014d4                HAL_I2C_Init
 .text.HAL_I2S_Init
                0x0800161c      0x130 Drivers\STM32F4xx_HAL_Driver\Src\stm32f4xx_hal_i2s.o
                0x0800161c                HAL_I2S_Init
 .text.HAL_I2S_TxCpltCallback
                0x0800174c        0x2 Drivers\STM32F4xx_HAL_Driver\Src\stm32f4xx_hal_i2s.o
                0x0800174c                HAL_I2S_TxCpltCallback
 .text.HAL_I2S_RxCpltCallback
                0x0800174e        0x2 Drivers\STM32F4xx_HAL_Driver\Src\stm32f4xx_hal_i2s.o
                0x0800174e                HAL_I2S_RxCpltCallback
 .text.HAL_I2S_ErrorCallback
                0x08001750        0x2 Drivers\STM32F4xx_HAL_Driver\Src\stm32f4xx_hal_i2s.o
                0x08001750                HAL_I2S_ErrorCallback
 .text.I2S_IRQHandler
                0x08001752       0xfa Drivers\STM32F4xx_HAL_Driver\Src\stm32f4xx_hal_i2s.o
 .text.HAL_I2SEx_TxRxCpltCallback
                0x0800184c        0x2 Drivers\STM32F4xx_HAL_Driver\Src\stm32f4xx_hal_i2s_ex.o
                0x0800184c                HAL_I2SEx_TxRxCpltCallback
 *fill*         0x0800184e        0x2 
 .text.HAL_I2SEx_FullDuplex_IRQHandler
                0x08001850      0x23c Drivers\STM32F4xx_HAL_Driver\Src\stm32f4xx_hal_i2s_ex.o
                0x08001850                HAL_I2SEx_FullDuplex_IRQHandler
 .text.HAL_RCC_OscConfig
                0x08001a8c      0x304 Drivers\STM32F4xx_HAL_Driver\Src\stm32f4xx_hal_rcc.o
                0x08001a8c                HAL_RCC_OscConfig
 .text.HAL_RCC_GetSysClockFreq
                0x08001d90       0x5c Drivers\STM32F4xx_HAL_Driver\Src\stm32f4xx_hal_rcc.o
                0x08001d90                HAL_RCC_GetSysClockFreq
 .text.HAL_RCC_ClockConfig
                0x08001dec      0x134 Drivers\STM32F4xx_HAL_Driver\Src\stm32f4xx_hal_rcc.o
                0x08001dec                HAL_RCC_ClockConfig
 .text.HAL_RCC_GetPCLK1Freq
                0x08001f20       0x20 Drivers\STM32F4xx_HAL_Driver\Src\stm32f4xx_hal_rcc.o
                0x08001f20                HAL_RCC_GetPCLK1Freq
 .text.HAL_RCCEx_PeriphCLKConfig
                0x08001f40      0x140 Drivers\STM32F4xx_HAL_Driver\Src\stm32f4xx_hal_rcc_ex.o
                0x08001f40                HAL_RCCEx_PeriphCLKConfig
 .text.HAL_RCCEx_GetPeriphCLKFreq
                0x08002080       0x5c Drivers\STM32F4xx_HAL_Driver\Src\stm32f4xx_hal_rcc_ex.o
                0x08002080                HAL_RCCEx_GetPeriphCLKFreq
 .text.SPI_WaitFlagStateUntilTimeout.constprop.9
                0x080020dc       0x76 Drivers\STM32F4xx_HAL_Driver\Src\stm32f4xx_hal_spi.o
 *fill*         0x08002152        0x2 
 .text.SPI_EndRxTxTransaction
                0x08002154       0x5c Drivers\STM32F4xx_HAL_Driver\Src\stm32f4xx_hal_spi.o
 .text.HAL_SPI_Init
                0x080021b0       0x7a Drivers\STM32F4xx_HAL_Driver\Src\stm32f4xx_hal_spi.o
                0x080021b0                HAL_SPI_Init
 .text.HAL_SPI_Transmit
                0x0800222a      0x150 Drivers\STM32F4xx_HAL_Driver\Src\stm32f4xx_hal_spi.o
                0x0800222a                HAL_SPI_Transmit
 *fill*         0x0800237a        0x2 
 .text.HAL_SPI_Transmit_DMA
                0x0800237c       0xbc Drivers\STM32F4xx_HAL_Driver\Src\stm32f4xx_hal_spi.o
                0x0800237c                HAL_SPI_Transmit_DMA
 .text.HAL_SPI_TxCpltCallback
                0x08002438        0x2 Drivers\STM32F4xx_HAL_Driver\Src\stm32f4xx_hal_spi.o
                0x08002438                HAL_SPI_TxCpltCallback
 .text.HAL_SPI_TxHalfCpltCallback
                0x0800243a        0x2 Drivers\STM32F4xx_HAL_Driver\Src\stm32f4xx_hal_spi.o
                0x0800243a                HAL_SPI_TxHalfCpltCallback
 .text.SPI_DMAHalfTransmitCplt
                0x0800243c        0xa Drivers\STM32F4xx_HAL_Driver\Src\stm32f4xx_hal_spi.o
 .text.HAL_SPI_ErrorCallback
                0x08002446        0x2 Drivers\STM32F4xx_HAL_Driver\Src\stm32f4xx_hal_spi.o
                0x08002446                HAL_SPI_ErrorCallback
 .text.SPI_DMAError
                0x08002448       0x22 Drivers\STM32F4xx_HAL_Driver\Src\stm32f4xx_hal_spi.o
 .text.SPI_DMATransmitCplt
                0x0800246a       0x6a Drivers\STM32F4xx_HAL_Driver\Src\stm32f4xx_hal_spi.o
 .text.HAL_SPI_IRQHandler
                0x080024d4       0xfc Drivers\STM32F4xx_HAL_Driver\Src\stm32f4xx_hal_spi.o
                0x080024d4                HAL_SPI_IRQHandler
 .text.SPI_DMAAbortOnError
                0x080025d0       0x10 Drivers\STM32F4xx_HAL_Driver\Src\stm32f4xx_hal_spi.o
 .text.HAL_TIM_Base_Start_IT
                0x080025e0       0x20 Drivers\STM32F4xx_HAL_Driver\Src\stm32f4xx_hal_tim.o
                0x080025e0                HAL_TIM_Base_Start_IT
 .text.HAL_TIM_OC_DelayElapsedCallback
                0x08002600        0x2 Drivers\STM32F4xx_HAL_Driver\Src\stm32f4xx_hal_tim.o
                0x08002600                HAL_TIM_OC_DelayElapsedCallback
 .text.HAL_TIM_IC_CaptureCallback
                0x08002602        0x2 Drivers\STM32F4xx_HAL_Driver\Src\stm32f4xx_hal_tim.o
                0x08002602                HAL_TIM_IC_CaptureCallback
 .text.HAL_TIM_PWM_PulseFinishedCallback
                0x08002604        0x2 Drivers\STM32F4xx_HAL_Driver\Src\stm32f4xx_hal_tim.o
                0x08002604                HAL_TIM_PWM_PulseFinishedCallback
 .text.HAL_TIM_TriggerCallback
                0x08002606        0x2 Drivers\STM32F4xx_HAL_Driver\Src\stm32f4xx_hal_tim.o
                0x08002606                HAL_TIM_TriggerCallback
 .text.HAL_TIM_IRQHandler
                0x08002608      0x144 Drivers\STM32F4xx_HAL_Driver\Src\stm32f4xx_hal_tim.o
                0x08002608                HAL_TIM_IRQHandler
 .text.TIM_Base_SetConfig
                0x0800274c       0x9c Drivers\STM32F4xx_HAL_Driver\Src\stm32f4xx_hal_tim.o
                0x0800274c                TIM_Base_SetConfig
 .text.HAL_TIM_Base_Init
                0x080027e8       0x34 Drivers\STM32F4xx_HAL_Driver\Src\stm32f4xx_hal_tim.o
                0x080027e8                HAL_TIM_Base_Init
 .text.HAL_TIM_Encoder_Init
                0x0800281c       0x96 Drivers\STM32F4xx_HAL_Driver\Src\stm32f4xx_hal_tim.o
                0x0800281c                HAL_TIM_Encoder_Init
 .text.TIM_ETR_SetConfig
                0x080028b2       0x14 Drivers\STM32F4xx_HAL_Driver\Src\stm32f4xx_hal_tim.o
                0x080028b2                TIM_ETR_SetConfig
 .text.HAL_TIM_ConfigClockSource
                0x080028c6      0x128 Drivers\STM32F4xx_HAL_Driver\Src\stm32f4xx_hal_tim.o
                0x080028c6                HAL_TIM_ConfigClockSource
 .text.HAL_TIMEx_MasterConfigSynchronization
                0x080029ee       0x3c Drivers\STM32F4xx_HAL_Driver\Src\stm32f4xx_hal_tim_ex.o
                0x080029ee                HAL_TIMEx_MasterConfigSynchronization
 .text.HAL_TIMEx_CommutCallback
                0x08002a2a        0x2 Drivers\STM32F4xx_HAL_Driver\Src\stm32f4xx_hal_tim_ex.o
                0x08002a2a                HAL_TIMEx_CommutCallback
 .text.HAL_TIMEx_BreakCallback
                0x08002a2c        0x2 Drivers\STM32F4xx_HAL_Driver\Src\stm32f4xx_hal_tim_ex.o
                0x08002a2c                HAL_TIMEx_BreakCallback
 *fill*         0x08002a2e        0x2 
 .text.USB_CoreReset
                0x08002a30       0x30 Drivers\STM32F4xx_HAL_Driver\Src\stm32f4xx_ll_usb.o
 .text.USB_CoreInit
                0x08002a60       0x80 Drivers\STM32F4xx_HAL_Driver\Src\stm32f4xx_ll_usb.o
                0x08002a60                USB_CoreInit
 .text.USB_EnableGlobalInt
                0x08002ae0        0xc Drivers\STM32F4xx_HAL_Driver\Src\stm32f4xx_ll_usb.o
                0x08002ae0                USB_EnableGlobalInt
 .text.USB_DisableGlobalInt
                0x08002aec        0xc Drivers\STM32F4xx_HAL_Driver\Src\stm32f4xx_ll_usb.o
                0x08002aec                USB_DisableGlobalInt
 .text.USB_SetCurrentMode
                0x08002af8       0x2e Drivers\STM32F4xx_HAL_Driver\Src\stm32f4xx_ll_usb.o
                0x08002af8                USB_SetCurrentMode
 *fill*         0x08002b26        0x2 
 .text.USB_FlushTxFifo
                0x08002b28       0x24 Drivers\STM32F4xx_HAL_Driver\Src\stm32f4xx_ll_usb.o
                0x08002b28                USB_FlushTxFifo
 .text.USB_FlushRxFifo
                0x08002b4c       0x20 Drivers\STM32F4xx_HAL_Driver\Src\stm32f4xx_ll_usb.o
                0x08002b4c                USB_FlushRxFifo
 .text.USB_WritePacket
                0x08002b6c       0x28 Drivers\STM32F4xx_HAL_Driver\Src\stm32f4xx_ll_usb.o
                0x08002b6c                USB_WritePacket
 .text.USB_ReadPacket
                0x08002b94       0x1c Drivers\STM32F4xx_HAL_Driver\Src\stm32f4xx_ll_usb.o
                0x08002b94                USB_ReadPacket
 .text.USB_ReadInterrupts
                0x08002bb0        0x8 Drivers\STM32F4xx_HAL_Driver\Src\stm32f4xx_ll_usb.o
                0x08002bb0                USB_ReadInterrupts
 .text.USB_GetMode
                0x08002bb8        0x8 Drivers\STM32F4xx_HAL_Driver\Src\stm32f4xx_ll_usb.o
                0x08002bb8                USB_GetMode
 .text.USB_InitFSLSPClkSel
                0x08002bc0       0x38 Drivers\STM32F4xx_HAL_Driver\Src\stm32f4xx_ll_usb.o
                0x08002bc0                USB_InitFSLSPClkSel
 .text.USB_ResetPort
                0x08002bf8       0x3c Drivers\STM32F4xx_HAL_Driver\Src\stm32f4xx_ll_usb.o
                0x08002bf8                USB_ResetPort
 .text.USB_DriveVbus
                0x08002c34       0x40 Drivers\STM32F4xx_HAL_Driver\Src\stm32f4xx_ll_usb.o
                0x08002c34                USB_DriveVbus
 .text.USB_HostInit
                0x08002c74       0xe0 Drivers\STM32F4xx_HAL_Driver\Src\stm32f4xx_ll_usb.o
                0x08002c74                USB_HostInit
 .text.USB_GetHostSpeed
                0x08002d54       0x16 Drivers\STM32F4xx_HAL_Driver\Src\stm32f4xx_ll_usb.o
                0x08002d54                USB_GetHostSpeed
 .text.USB_GetCurrentFrame
                0x08002d6a        0xa Drivers\STM32F4xx_HAL_Driver\Src\stm32f4xx_ll_usb.o
                0x08002d6a                USB_GetCurrentFrame
 .text.USB_HC_Init
                0x08002d74      0x10a Drivers\STM32F4xx_HAL_Driver\Src\stm32f4xx_ll_usb.o
                0x08002d74                USB_HC_Init
 .text.USB_HC_ReadInterrupt
                0x08002e7e        0xa Drivers\STM32F4xx_HAL_Driver\Src\stm32f4xx_ll_usb.o
                0x08002e7e                USB_HC_ReadInterrupt
 .text.USB_HC_Halt
                0x08002e88       0xa4 Drivers\STM32F4xx_HAL_Driver\Src\stm32f4xx_ll_usb.o
                0x08002e88                USB_HC_Halt
 .text.USB_DoPing
                0x08002f2c       0x24 Drivers\STM32F4xx_HAL_Driver\Src\stm32f4xx_ll_usb.o
                0x08002f2c                USB_DoPing
 .text.USB_HC_StartXfer
                0x08002f50      0x164 Drivers\STM32F4xx_HAL_Driver\Src\stm32f4xx_ll_usb.o
                0x08002f50                USB_HC_StartXfer
 .text.USB_StopHost
                0x080030b4       0x6c Drivers\STM32F4xx_HAL_Driver\Src\stm32f4xx_ll_usb.o
                0x080030b4                USB_StopHost
 .text.USBH_CDC_SOFProcess
                0x08003120        0x4 Middlewares\ST\STM32_USB_Host_Library\Class\CDC\Src\usbh_cdc.o
 .text.USBH_CDC_InterfaceDeInit
                0x08003124       0x62 Middlewares\ST\STM32_USB_Host_Library\Class\CDC\Src\usbh_cdc.o
 .text.USBH_CDC_InterfaceInit
                0x08003186      0x12a Middlewares\ST\STM32_USB_Host_Library\Class\CDC\Src\usbh_cdc.o
 .text.USBH_CDC_ClassRequest
                0x080032b0       0x34 Middlewares\ST\STM32_USB_Host_Library\Class\CDC\Src\usbh_cdc.o
 .text.USBH_CDC_TransmitCallback
                0x080032e4        0x2 Middlewares\ST\STM32_USB_Host_Library\Class\CDC\Src\usbh_cdc.o
                0x080032e4                USBH_CDC_TransmitCallback
 .text.USBH_CDC_ReceiveCallback
                0x080032e6        0x2 Middlewares\ST\STM32_USB_Host_Library\Class\CDC\Src\usbh_cdc.o
                0x080032e6                USBH_CDC_ReceiveCallback
 .text.USBH_CDC_LineCodingChanged
                0x080032e8        0x2 Middlewares\ST\STM32_USB_Host_Library\Class\CDC\Src\usbh_cdc.o
                0x080032e8                USBH_CDC_LineCodingChanged
 .text.USBH_CDC_Process
                0x080032ea      0x172 Middlewares\ST\STM32_USB_Host_Library\Class\CDC\Src\usbh_cdc.o
 .text.DeInitStateMachine
                0x0800345c       0x44 Middlewares\ST\STM32_USB_Host_Library\Core\Src\usbh_core.o
 .text.USBH_Init
                0x080034a0       0x2e Middlewares\ST\STM32_USB_Host_Library\Core\Src\usbh_core.o
                0x080034a0                USBH_Init
 .text.USBH_RegisterClass
                0x080034ce       0x1a Middlewares\ST\STM32_USB_Host_Library\Core\Src\usbh_core.o
                0x080034ce                USBH_RegisterClass
 .text.USBH_SelectInterface
                0x080034e8       0x12 Middlewares\ST\STM32_USB_Host_Library\Core\Src\usbh_core.o
                0x080034e8                USBH_SelectInterface
 .text.USBH_FindInterface
                0x080034fa       0x3a Middlewares\ST\STM32_USB_Host_Library\Core\Src\usbh_core.o
                0x080034fa                USBH_FindInterface
 .text.USBH_Start
                0x08003534       0x14 Middlewares\ST\STM32_USB_Host_Library\Core\Src\usbh_core.o
                0x08003534                USBH_Start
 .text.USBH_Process
                0x08003548      0x28a Middlewares\ST\STM32_USB_Host_Library\Core\Src\usbh_core.o
                0x08003548                USBH_Process
 .text.USBH_LL_SetTimer
                0x080037d2        0x6 Middlewares\ST\STM32_USB_Host_Library\Core\Src\usbh_core.o
                0x080037d2                USBH_LL_SetTimer
 .text.USBH_LL_IncTimer
                0x080037d8       0x1c Middlewares\ST\STM32_USB_Host_Library\Core\Src\usbh_core.o
                0x080037d8                USBH_LL_IncTimer
 .text.USBH_LL_PortEnabled
                0x080037f4        0x8 Middlewares\ST\STM32_USB_Host_Library\Core\Src\usbh_core.o
                0x080037f4                USBH_LL_PortEnabled
 .text.USBH_LL_PortDisabled
                0x080037fc        0x8 Middlewares\ST\STM32_USB_Host_Library\Core\Src\usbh_core.o
                0x080037fc                USBH_LL_PortDisabled
 .text.USBH_LL_Connect
                0x08003804       0x28 Middlewares\ST\STM32_USB_Host_Library\Core\Src\usbh_core.o
                0x08003804                USBH_LL_Connect
 .text.USBH_LL_Disconnect
                0x0800382c       0x38 Middlewares\ST\STM32_USB_Host_Library\Core\Src\usbh_core.o
                0x0800382c                USBH_LL_Disconnect
 .text.USBH_CtlReq
                0x08003864      0x182 Middlewares\ST\STM32_USB_Host_Library\Core\Src\usbh_ctlreq.o
                0x08003864                USBH_CtlReq
 .text.USBH_GetDescriptor
                0x080039e6       0x38 Middlewares\ST\STM32_USB_Host_Library\Core\Src\usbh_ctlreq.o
                0x080039e6                USBH_GetDescriptor
 .text.USBH_Get_DevDesc
                0x08003a1e       0x90 Middlewares\ST\STM32_USB_Host_Library\Core\Src\usbh_ctlreq.o
                0x08003a1e                USBH_Get_DevDesc
 .text.USBH_Get_CfgDesc
                0x08003aae      0x11c Middlewares\ST\STM32_USB_Host_Library\Core\Src\usbh_ctlreq.o
                0x08003aae                USBH_Get_CfgDesc
 .text.USBH_Get_StringDesc
                0x08003bca       0x4e Middlewares\ST\STM32_USB_Host_Library\Core\Src\usbh_ctlreq.o
                0x08003bca                USBH_Get_StringDesc
 .text.USBH_SetAddress
                0x08003c18       0x1c Middlewares\ST\STM32_USB_Host_Library\Core\Src\usbh_ctlreq.o
                0x08003c18                USBH_SetAddress
 .text.USBH_SetCfg
                0x08003c34       0x1c Middlewares\ST\STM32_USB_Host_Library\Core\Src\usbh_ctlreq.o
                0x08003c34                USBH_SetCfg
 .text.USBH_SetFeature
                0x08003c50       0x1c Middlewares\ST\STM32_USB_Host_Library\Core\Src\usbh_ctlreq.o
                0x08003c50                USBH_SetFeature
 .text.USBH_ClrFeature
                0x08003c6c       0x1c Middlewares\ST\STM32_USB_Host_Library\Core\Src\usbh_ctlreq.o
                0x08003c6c                USBH_ClrFeature
 .text.USBH_CtlSendSetup
                0x08003c88       0x22 Middlewares\ST\STM32_USB_Host_Library\Core\Src\usbh_ioreq.o
                0x08003c88                USBH_CtlSendSetup
 .text.USBH_CtlSendData
                0x08003caa       0x2e Middlewares\ST\STM32_USB_Host_Library\Core\Src\usbh_ioreq.o
                0x08003caa                USBH_CtlSendData
 .text.USBH_CtlReceiveData
                0x08003cd8       0x20 Middlewares\ST\STM32_USB_Host_Library\Core\Src\usbh_ioreq.o
                0x08003cd8                USBH_CtlReceiveData
 .text.USBH_BulkSendData
                0x08003cf8       0x2e Middlewares\ST\STM32_USB_Host_Library\Core\Src\usbh_ioreq.o
                0x08003cf8                USBH_BulkSendData
 .text.USBH_BulkReceiveData
                0x08003d26       0x20 Middlewares\ST\STM32_USB_Host_Library\Core\Src\usbh_ioreq.o
                0x08003d26                USBH_BulkReceiveData
 .text.USBH_OpenPipe
                0x08003d46       0x1e Middlewares\ST\STM32_USB_Host_Library\Core\Src\usbh_pipes.o
                0x08003d46                USBH_OpenPipe
 .text.USBH_ClosePipe
                0x08003d64        0xa Middlewares\ST\STM32_USB_Host_Library\Core\Src\usbh_pipes.o
                0x08003d64                USBH_ClosePipe
 .text.USBH_AllocPipe
                0x08003d6e       0x2e Middlewares\ST\STM32_USB_Host_Library\Core\Src\usbh_pipes.o
                0x08003d6e                USBH_AllocPipe
 .text.USBH_FreePipe
                0x08003d9c       0x18 Middlewares\ST\STM32_USB_Host_Library\Core\Src\usbh_pipes.o
                0x08003d9c                USBH_FreePipe
 .text.ILI9341_Select
                0x08003db4       0x10 Src\ili9341.o
 .text.ILI9341_WriteCommand
                0x08003dc4       0x2c Src\ili9341.o
 .text.ILI9341_WriteData
                0x08003df0       0x60 Src\ili9341.o
 .text.ILI9341_SetAddressWindow
                0x08003e50       0x5c Src\ili9341.o
 .text.ILI9341_Unselect
                0x08003eac       0x10 Src\ili9341.o
                0x08003eac                ILI9341_Unselect
 .text.ILI9341_Init
                0x08003ebc      0x23c Src\ili9341.o
                0x08003ebc                ILI9341_Init
 .text.ILI9341_WriteString
                0x080040f8      0x11c Src\ili9341.o
                0x080040f8                ILI9341_WriteString
 .text.ILI9341_FillRectangle
                0x08004214       0xe4 Src\ili9341.o
                0x08004214                ILI9341_FillRectangle
 .text.ILI9341_FillScreen
                0x080042f8       0x18 Src\ili9341.o
                0x080042f8                ILI9341_FillScreen
 .text.SystemClock_Config
                0x08004310       0xb0 Src\main.o
                0x08004310                SystemClock_Config
 .text.startup.main
                0x080043c0      0x3a8 Src\main.o
                0x080043c0                main
 .text.Error_Handler
                0x08004768        0x2 Src\main.o
                0x08004768                Error_Handler
 *fill*         0x0800476a        0x2 
 .text.set_menu_ex
                0x0800476c        0xc Src\menu.o
                0x0800476c                set_menu_ex
 .text.set_menu0
                0x08004778        0xc Src\menu.o
                0x08004778                set_menu0
 .text.set_menu1
                0x08004784        0xc Src\menu.o
                0x08004784                set_menu1
 .text.set_menu2
                0x08004790        0xc Src\menu.o
                0x08004790                set_menu2
 .text.set_menu3
                0x0800479c        0xc Src\menu.o
                0x0800479c                set_menu3
 .text.set_menu4
                0x080047a8        0xc Src\menu.o
                0x080047a8                set_menu4
 .text.set_menu5
                0x080047b4        0xc Src\menu.o
                0x080047b4                set_menu5
 .text.set_menu6
                0x080047c0        0xc Src\menu.o
                0x080047c0                set_menu6
 .text.set_menu7
                0x080047cc        0xc Src\menu.o
                0x080047cc                set_menu7
 .text.set_menu8
                0x080047d8        0xc Src\menu.o
                0x080047d8                set_menu8
 .text.set_menu9
                0x080047e4        0xc Src\menu.o
                0x080047e4                set_menu9
 .text.set_menu10
                0x080047f0        0xc Src\menu.o
                0x080047f0                set_menu10
 .text.set_menu11
                0x080047fc        0xc Src\menu.o
                0x080047fc                set_menu11
 .text.set_menu12
                0x08004808        0xc Src\menu.o
                0x08004808                set_menu12
 .text.set_menu13
                0x08004814        0xc Src\menu.o
                0x08004814                set_menu13
 .text.set_menu14
                0x08004820        0xc Src\menu.o
                0x08004820                set_menu14
 .text.set_menu15
                0x0800482c        0xc Src\menu.o
                0x0800482c                set_menu15
 .text.ILI_Init
                0x08004838        0x4 Src\menu.o
                0x08004838                ILI_Init
 .text.count_menuitem
                0x0800483c       0x34 Src\menu.o
                0x0800483c                count_menuitem
 .text.init_display
                0x08004870      0x510 Src\menu.o
                0x08004870                init_display
 .text.display_menu
                0x08004d80       0x4c Src\menu.o
                0x08004d80                display_menu
 .text.incrementCurrentPosition
                0x08004dcc       0x10 Src\stepperdrive.o
                0x08004dcc                incrementCurrentPosition
 .text.feedRatio
                0x08004ddc       0x38 Src\stepperdrive.o
                0x08004ddc                feedRatio
 .text.HAL_TIM_PeriodElapsedCallback
                0x08004e14      0x148 Src\stepperdrive.o
                0x08004e14                HAL_TIM_PeriodElapsedCallback
 .text.HAL_MspInit
                0x08004f5c       0x40 Src\stm32f4xx_hal_msp.o
                0x08004f5c                HAL_MspInit
 .text.HAL_I2C_MspInit
                0x08004f9c       0x70 Src\stm32f4xx_hal_msp.o
                0x08004f9c                HAL_I2C_MspInit
 .text.HAL_I2S_MspInit
                0x0800500c      0x124 Src\stm32f4xx_hal_msp.o
                0x0800500c                HAL_I2S_MspInit
 .text.HAL_SPI_MspInit
                0x08005130      0x10c Src\stm32f4xx_hal_msp.o
                0x08005130                HAL_SPI_MspInit
 .text.HAL_TIM_Encoder_MspInit
                0x0800523c       0x78 Src\stm32f4xx_hal_msp.o
                0x0800523c                HAL_TIM_Encoder_MspInit
 .text.HAL_TIM_Base_MspInit
                0x080052b4       0x3c Src\stm32f4xx_hal_msp.o
                0x080052b4                HAL_TIM_Base_MspInit
 .text.NMI_Handler
                0x080052f0        0x2 Src\stm32f4xx_it.o
                0x080052f0                NMI_Handler
 .text.HardFault_Handler
                0x080052f2        0x2 Src\stm32f4xx_it.o
                0x080052f2                HardFault_Handler
 .text.MemManage_Handler
                0x080052f4        0x2 Src\stm32f4xx_it.o
                0x080052f4                MemManage_Handler
 .text.BusFault_Handler
                0x080052f6        0x2 Src\stm32f4xx_it.o
                0x080052f6                BusFault_Handler
 .text.UsageFault_Handler
                0x080052f8        0x2 Src\stm32f4xx_it.o
                0x080052f8                UsageFault_Handler
 .text.SVC_Handler
                0x080052fa        0x2 Src\stm32f4xx_it.o
                0x080052fa                SVC_Handler
 .text.DebugMon_Handler
                0x080052fc        0x2 Src\stm32f4xx_it.o
                0x080052fc                DebugMon_Handler
 .text.PendSV_Handler
                0x080052fe        0x2 Src\stm32f4xx_it.o
                0x080052fe                PendSV_Handler
 .text.SysTick_Handler
                0x08005300        0x4 Src\stm32f4xx_it.o
                0x08005300                SysTick_Handler
 .text.TIM2_IRQHandler
                0x08005304        0xc Src\stm32f4xx_it.o
                0x08005304                TIM2_IRQHandler
 .text.TIM3_IRQHandler
                0x08005310        0xc Src\stm32f4xx_it.o
                0x08005310                TIM3_IRQHandler
 .text.DMA2_Stream1_IRQHandler
                0x0800531c       0x14 Src\stm32f4xx_it.o
                0x0800531c                DMA2_Stream1_IRQHandler
 .text.OTG_FS_IRQHandler
                0x08005330        0xc Src\stm32f4xx_it.o
                0x08005330                OTG_FS_IRQHandler
 .text.SPI4_IRQHandler
                0x0800533c        0xc Src\stm32f4xx_it.o
                0x0800533c                SPI4_IRQHandler
 .text.get_spi4_dma_completed
                0x08005348        0xc Src\stm32f4xx_it.o
                0x08005348                get_spi4_dma_completed
 .text._sbrk    0x08005354       0x34 Src\syscalls.o
                0x08005354                _sbrk
 .text.SystemInit
                0x08005388       0x4c Src\system_stm32f4xx.o
                0x08005388                SystemInit
 .text.USBH_UserProcess
                0x080053d4       0x24 Src\usb_host.o
 .text.MX_USB_HOST_Init
                0x080053f8       0x40 Src\usb_host.o
                0x080053f8                MX_USB_HOST_Init
 .text.MX_USB_HOST_Process
                0x08005438        0xc Src\usb_host.o
                0x08005438                MX_USB_HOST_Process
 .text.HAL_HCD_MspInit
                0x08005444       0x94 Src\usbh_conf.o
                0x08005444                HAL_HCD_MspInit
 .text.HAL_HCD_SOF_Callback
                0x080054d8        0x8 Src\usbh_conf.o
                0x080054d8                HAL_HCD_SOF_Callback
 .text.HAL_HCD_Connect_Callback
                0x080054e0        0x8 Src\usbh_conf.o
                0x080054e0                HAL_HCD_Connect_Callback
 .text.HAL_HCD_Disconnect_Callback
                0x080054e8        0x8 Src\usbh_conf.o
                0x080054e8                HAL_HCD_Disconnect_Callback
 .text.HAL_HCD_HC_NotifyURBChange_Callback
                0x080054f0        0x2 Src\usbh_conf.o
                0x080054f0                HAL_HCD_HC_NotifyURBChange_Callback
 .text.HAL_HCD_PortEnabled_Callback
                0x080054f2        0x8 Src\usbh_conf.o
                0x080054f2                HAL_HCD_PortEnabled_Callback
 .text.HAL_HCD_PortDisabled_Callback
                0x080054fa        0x8 Src\usbh_conf.o
                0x080054fa                HAL_HCD_PortDisabled_Callback
 *fill*         0x08005502        0x2 
 .text.USBH_LL_Init
                0x08005504       0x4c Src\usbh_conf.o
                0x08005504                USBH_LL_Init
 .text.USBH_LL_Start
                0x08005550       0x1c Src\usbh_conf.o
                0x08005550                USBH_LL_Start
 .text.USBH_LL_Stop
                0x0800556c       0x1c Src\usbh_conf.o
                0x0800556c                USBH_LL_Stop
 .text.USBH_LL_GetSpeed
                0x08005588       0x1c Src\usbh_conf.o
                0x08005588                USBH_LL_GetSpeed
 .text.USBH_LL_ResetPort
                0x080055a4       0x1c Src\usbh_conf.o
                0x080055a4                USBH_LL_ResetPort
 .text.USBH_LL_GetLastXferSize
                0x080055c0        0x8 Src\usbh_conf.o
                0x080055c0                USBH_LL_GetLastXferSize
 .text.USBH_LL_OpenPipe
                0x080055c8       0x30 Src\usbh_conf.o
                0x080055c8                USBH_LL_OpenPipe
 .text.USBH_LL_ClosePipe
                0x080055f8       0x1c Src\usbh_conf.o
                0x080055f8                USBH_LL_ClosePipe
 .text.USBH_LL_SubmitURB
                0x08005614       0x34 Src\usbh_conf.o
                0x08005614                USBH_LL_SubmitURB
 .text.USBH_LL_GetURBState
                0x08005648        0x8 Src\usbh_conf.o
                0x08005648                USBH_LL_GetURBState
 .text.USBH_LL_DriverVBUS
                0x08005650       0x1a Src\usbh_conf.o
                0x08005650                USBH_LL_DriverVBUS
 .text.USBH_LL_SetToggle
                0x0800566a       0x1e Src\usbh_conf.o
                0x0800566a                USBH_LL_SetToggle
 .text.USBH_Delay
                0x08005688        0x4 Src\usbh_conf.o
                0x08005688                USBH_Delay
 .text.MX_DriverVbusFS
                0x0800568c       0x14 Src\usbh_platform.o
                0x0800568c                MX_DriverVbusFS
 .text.Reset_Handler
                0x080056a0       0x50 startup\startup_stm32f411xe.o
                0x080056a0                Reset_Handler
 .text.Default_Handler
                0x080056f0        0x2 startup\startup_stm32f411xe.o
                0x080056f0                RTC_Alarm_IRQHandler
                0x080056f0                EXTI2_IRQHandler
                0x080056f0                TIM1_CC_IRQHandler
                0x080056f0                DMA2_Stream5_IRQHandler
                0x080056f0                DMA1_Stream5_IRQHandler
                0x080056f0                PVD_IRQHandler
                0x080056f0                SDIO_IRQHandler
                0x080056f0                TAMP_STAMP_IRQHandler
                0x080056f0                EXTI3_IRQHandler
                0x080056f0                TIM1_UP_TIM10_IRQHandler
                0x080056f0                I2C3_ER_IRQHandler
                0x080056f0                EXTI0_IRQHandler
                0x080056f0                I2C2_EV_IRQHandler
                0x080056f0                DMA1_Stream2_IRQHandler
                0x080056f0                FPU_IRQHandler
                0x080056f0                DMA2_Stream2_IRQHandler
                0x080056f0                SPI1_IRQHandler
                0x080056f0                TIM1_BRK_TIM9_IRQHandler
                0x080056f0                DMA2_Stream3_IRQHandler
                0x080056f0                USART6_IRQHandler
                0x080056f0                DMA2_Stream0_IRQHandler
                0x080056f0                TIM4_IRQHandler
                0x080056f0                I2C1_EV_IRQHandler
                0x080056f0                DMA1_Stream6_IRQHandler
                0x080056f0                DMA1_Stream1_IRQHandler
                0x080056f0                RCC_IRQHandler
                0x080056f0                Default_Handler
                0x080056f0                EXTI15_10_IRQHandler
                0x080056f0                ADC_IRQHandler
                0x080056f0                DMA1_Stream7_IRQHandler
                0x080056f0                SPI5_IRQHandler
                0x080056f0                TIM5_IRQHandler
                0x080056f0                DMA2_Stream7_IRQHandler
                0x080056f0                I2C3_EV_IRQHandler
                0x080056f0                EXTI9_5_IRQHandler
                0x080056f0                RTC_WKUP_IRQHandler
                0x080056f0                SPI2_IRQHandler
                0x080056f0                DMA1_Stream0_IRQHandler
                0x080056f0                EXTI4_IRQHandler
                0x080056f0                WWDG_IRQHandler
                0x080056f0                OTG_FS_WKUP_IRQHandler
                0x080056f0                TIM1_TRG_COM_TIM11_IRQHandler
                0x080056f0                EXTI1_IRQHandler
                0x080056f0                USART2_IRQHandler
                0x080056f0                I2C2_ER_IRQHandler
                0x080056f0                FLASH_IRQHandler
                0x080056f0                DMA2_Stream4_IRQHandler
                0x080056f0                USART1_IRQHandler
                0x080056f0                SPI3_IRQHandler
                0x080056f0                DMA1_Stream4_IRQHandler
                0x080056f0                I2C1_ER_IRQHandler
                0x080056f0                DMA2_Stream6_IRQHandler
                0x080056f0                DMA1_Stream3_IRQHandler
 *fill*         0x080056f2        0x2 
 .text.__errno  0x080056f4        0xc c:/program files (x86)/atollic/truestudio for stm32 9.0.1/armtools/bin/../lib/gcc/arm-atollic-eabi/6.3.1/../../../../arm-atollic-eabi/lib/armv7e-m/fpu\libc_nano.a(lib_a-errno.o)
                0x080056f4                __errno
 .text.__libc_init_array
                0x08005700       0x48 c:/program files (x86)/atollic/truestudio for stm32 9.0.1/armtools/bin/../lib/gcc/arm-atollic-eabi/6.3.1/../../../../arm-atollic-eabi/lib/armv7e-m/fpu\libc_nano.a(lib_a-init.o)
                0x08005700                __libc_init_array
 .text.malloc   0x08005748       0x10 c:/program files (x86)/atollic/truestudio for stm32 9.0.1/armtools/bin/../lib/gcc/arm-atollic-eabi/6.3.1/../../../../arm-atollic-eabi/lib/armv7e-m/fpu\libc_nano.a(lib_a-malloc.o)
                0x08005748                malloc
 .text.free     0x08005758       0x10 c:/program files (x86)/atollic/truestudio for stm32 9.0.1/armtools/bin/../lib/gcc/arm-atollic-eabi/6.3.1/../../../../arm-atollic-eabi/lib/armv7e-m/fpu\libc_nano.a(lib_a-malloc.o)
                0x08005758                free
 .text.memset   0x08005768       0x10 c:/program files (x86)/atollic/truestudio for stm32 9.0.1/armtools/bin/../lib/gcc/arm-atollic-eabi/6.3.1/../../../../arm-atollic-eabi/lib/armv7e-m/fpu\libc_nano.a(lib_a-memset.o)
                0x08005768                memset
 .text._free_r  0x08005778       0x9c c:/program files (x86)/atollic/truestudio for stm32 9.0.1/armtools/bin/../lib/gcc/arm-atollic-eabi/6.3.1/../../../../arm-atollic-eabi/lib/armv7e-m/fpu\libc_nano.a(lib_a-nano-freer.o)
                0x08005778                _free_r
 .text._malloc_r
                0x08005814       0xbc c:/program files (x86)/atollic/truestudio for stm32 9.0.1/armtools/bin/../lib/gcc/arm-atollic-eabi/6.3.1/../../../../arm-atollic-eabi/lib/armv7e-m/fpu\libc_nano.a(lib_a-nano-mallocr.o)
                0x08005814                _malloc_r
 .text._sbrk_r  0x080058d0       0x20 c:/program files (x86)/atollic/truestudio for stm32 9.0.1/armtools/bin/../lib/gcc/arm-atollic-eabi/6.3.1/../../../../arm-atollic-eabi/lib/armv7e-m/fpu\libc_nano.a(lib_a-sbrkr.o)
                0x080058d0                _sbrk_r
 .text.snprintf
                0x080058f0       0x68 c:/program files (x86)/atollic/truestudio for stm32 9.0.1/armtools/bin/../lib/gcc/arm-atollic-eabi/6.3.1/../../../../arm-atollic-eabi/lib/armv7e-m/fpu\libc_nano.a(lib_a-snprintf.o)
                0x080058f0                sniprintf
                0x080058f0                snprintf
 .text.__malloc_lock
                0x08005958        0x2 c:/program files (x86)/atollic/truestudio for stm32 9.0.1/armtools/bin/../lib/gcc/arm-atollic-eabi/6.3.1/../../../../arm-atollic-eabi/lib/armv7e-m/fpu\libc_nano.a(lib_a-mlock.o)
                0x08005958                __malloc_lock
 .text.__malloc_unlock
                0x0800595a        0x2 c:/program files (x86)/atollic/truestudio for stm32 9.0.1/armtools/bin/../lib/gcc/arm-atollic-eabi/6.3.1/../../../../arm-atollic-eabi/lib/armv7e-m/fpu\libc_nano.a(lib_a-mlock.o)
                0x0800595a                __malloc_unlock
 .text.__ssputs_r
                0x0800595c       0xb6 c:/program files (x86)/atollic/truestudio for stm32 9.0.1/armtools/bin/../lib/gcc/arm-atollic-eabi/6.3.1/../../../../arm-atollic-eabi/lib/armv7e-m/fpu\libc_nano.a(lib_a-nano-svfprintf.o)
                0x0800595c                __ssputs_r
 *fill*         0x08005a12        0x2 
 .text._svfprintf_r
                0x08005a14      0x1e8 c:/program files (x86)/atollic/truestudio for stm32 9.0.1/armtools/bin/../lib/gcc/arm-atollic-eabi/6.3.1/../../../../arm-atollic-eabi/lib/armv7e-m/fpu\libc_nano.a(lib_a-nano-svfprintf.o)
                0x08005a14                _svfiprintf_r
                0x08005a14                _svfprintf_r
 .text._printf_common
                0x08005bfc       0xec c:/program files (x86)/atollic/truestudio for stm32 9.0.1/armtools/bin/../lib/gcc/arm-atollic-eabi/6.3.1/../../../../arm-atollic-eabi/lib/armv7e-m/fpu\libc_nano.a(lib_a-nano-vfprintf_i.o)
                0x08005bfc                _printf_common
 .text._printf_i
                0x08005ce8      0x240 c:/program files (x86)/atollic/truestudio for stm32 9.0.1/armtools/bin/../lib/gcc/arm-atollic-eabi/6.3.1/../../../../arm-atollic-eabi/lib/armv7e-m/fpu\libc_nano.a(lib_a-nano-vfprintf_i.o)
                0x08005ce8                _printf_i
 .text.memcpy   0x08005f28       0x16 c:/program files (x86)/atollic/truestudio for stm32 9.0.1/armtools/bin/../lib/gcc/arm-atollic-eabi/6.3.1/../../../../arm-atollic-eabi/lib/armv7e-m/fpu\libc_nano.a(lib_a-memcpy-stub.o)
                0x08005f28                memcpy
 .text.memmove  0x08005f3e       0x34 c:/program files (x86)/atollic/truestudio for stm32 9.0.1/armtools/bin/../lib/gcc/arm-atollic-eabi/6.3.1/../../../../arm-atollic-eabi/lib/armv7e-m/fpu\libc_nano.a(lib_a-memmove.o)
                0x08005f3e                memmove
 .text._realloc_r
                0x08005f72       0x4c c:/program files (x86)/atollic/truestudio for stm32 9.0.1/armtools/bin/../lib/gcc/arm-atollic-eabi/6.3.1/../../../../arm-atollic-eabi/lib/armv7e-m/fpu\libc_nano.a(lib_a-nano-reallocr.o)
                0x08005f72                _realloc_r
 .text._malloc_usable_size_r
                0x08005fbe       0x12 c:/program files (x86)/atollic/truestudio for stm32 9.0.1/armtools/bin/../lib/gcc/arm-atollic-eabi/6.3.1/../../../../arm-atollic-eabi/lib/armv7e-m/fpu\libc_nano.a(lib_a-nano-msizer.o)
                0x08005fbe                _malloc_usable_size_r
 *(.glue_7)
 .glue_7        0x08005fd0        0x0 linker stubs
 *(.glue_7t)
 .glue_7t       0x08005fd0        0x0 linker stubs
 *(.eh_frame)
 .eh_frame      0x08005fd0        0x0 c:/program files (x86)/atollic/truestudio for stm32 9.0.1/armtools/bin/../lib/gcc/arm-atollic-eabi/6.3.1/armv7e-m/fpu/crtbegin.o
 *(.init)
 .init          0x08005fd0        0x4 c:/program files (x86)/atollic/truestudio for stm32 9.0.1/armtools/bin/../lib/gcc/arm-atollic-eabi/6.3.1/armv7e-m/fpu/crti.o
                0x08005fd0                _init
 .init          0x08005fd4        0x8 c:/program files (x86)/atollic/truestudio for stm32 9.0.1/armtools/bin/../lib/gcc/arm-atollic-eabi/6.3.1/armv7e-m/fpu/crtn.o
 *(.fini)
 .fini          0x08005fdc        0x4 c:/program files (x86)/atollic/truestudio for stm32 9.0.1/armtools/bin/../lib/gcc/arm-atollic-eabi/6.3.1/armv7e-m/fpu/crti.o
                0x08005fdc                _fini
 .fini          0x08005fe0        0x8 c:/program files (x86)/atollic/truestudio for stm32 9.0.1/armtools/bin/../lib/gcc/arm-atollic-eabi/6.3.1/armv7e-m/fpu/crtn.o
                0x08005fe8                . = ALIGN (0x4)
                0x08005fe8                _etext = .

.vfp11_veneer   0x08005fe8        0x0
 .vfp11_veneer  0x08005fe8        0x0 linker stubs

.v4_bx          0x08005fe8        0x0
 .v4_bx         0x08005fe8        0x0 linker stubs

.iplt           0x08005fe8        0x0
 .iplt          0x08005fe8        0x0 c:/program files (x86)/atollic/truestudio for stm32 9.0.1/armtools/bin/../lib/gcc/arm-atollic-eabi/6.3.1/armv7e-m/fpu/crtbegin.o

.rodata         0x08005fe8     0x1488
                0x08005fe8                . = ALIGN (0x4)
 *(.rodata)
 .rodata        0x08005fe8       0x32 Src\ili9341.o
 *(.rodata*)
 .rodata.flagBitshiftOffset.8480
                0x0800601a        0x8 Drivers\STM32F4xx_HAL_Driver\Src\stm32f4xx_hal_dma.o
 .rodata.str1.1
                0x08006022        0x4 Middlewares\ST\STM32_USB_Host_Library\Class\CDC\Src\usbh_cdc.o
 .rodata.Font16x26
                0x08006026     0x134c Src\fonts.o
 .rodata.edit_menu_item.str1.1
                0x08007372        0x6 Src\menu.o
 .rodata.init_display.str1.1
                0x08007378       0xa3 Src\menu.o
 .rodata.AHBPrescTable
                0x0800741b       0x10 Src\system_stm32f4xx.o
                0x0800741b                AHBPrescTable
 .rodata.APBPrescTable
                0x0800742b        0x8 Src\system_stm32f4xx.o
                0x0800742b                APBPrescTable
 .rodata.CSWTCH.14
                0x08007433        0x3 Src\usbh_conf.o
 .rodata.CSWTCH.22
                0x08007436        0x4 Src\usbh_conf.o
 .rodata._svfprintf_r.str1.1
                0x0800743a       0x11 c:/program files (x86)/atollic/truestudio for stm32 9.0.1/armtools/bin/../lib/gcc/arm-atollic-eabi/6.3.1/../../../../arm-atollic-eabi/lib/armv7e-m/fpu\libc_nano.a(lib_a-nano-svfprintf.o)
 .rodata._printf_i.str1.1
                0x0800744b       0x22 c:/program files (x86)/atollic/truestudio for stm32 9.0.1/armtools/bin/../lib/gcc/arm-atollic-eabi/6.3.1/../../../../arm-atollic-eabi/lib/armv7e-m/fpu\libc_nano.a(lib_a-nano-vfprintf_i.o)
                0x08007470                . = ALIGN (0x4)
 *fill*         0x0800746d        0x3 

.ARM.extab
 *(.ARM.extab* .gnu.linkonce.armextab.*)

.ARM            0x08007470        0x8
                0x08007470                __exidx_start = .
 *(.ARM.exidx*)
 .ARM.exidx     0x08007470        0x8 c:/program files (x86)/atollic/truestudio for stm32 9.0.1/armtools/bin/../lib/gcc/arm-atollic-eabi/6.3.1/armv7e-m/fpu\libgcc.a(_udivmoddi4.o)
                0x08007478                __exidx_end = .

.rel.dyn        0x08007478        0x0
 .rel.iplt      0x08007478        0x0 c:/program files (x86)/atollic/truestudio for stm32 9.0.1/armtools/bin/../lib/gcc/arm-atollic-eabi/6.3.1/armv7e-m/fpu/crtbegin.o

.preinit_array  0x08007478        0x0
                0x08007478                PROVIDE (__preinit_array_start, .)
 *(.preinit_array*)
                0x08007478                PROVIDE (__preinit_array_end, .)

.init_array     0x08007478        0x4
                0x08007478                PROVIDE (__init_array_start, .)
 *(SORT(.init_array.*))
 *(.init_array*)
 .init_array    0x08007478        0x4 c:/program files (x86)/atollic/truestudio for stm32 9.0.1/armtools/bin/../lib/gcc/arm-atollic-eabi/6.3.1/armv7e-m/fpu/crtbegin.o
                0x0800747c                PROVIDE (__init_array_end, .)

.fini_array     0x0800747c        0x4
                [!provide]                PROVIDE (__fini_array_start, .)
 *(SORT(.fini_array.*))
 *(.fini_array*)
 .fini_array    0x0800747c        0x4 c:/program files (x86)/atollic/truestudio for stm32 9.0.1/armtools/bin/../lib/gcc/arm-atollic-eabi/6.3.1/armv7e-m/fpu/crtbegin.o
                [!provide]                PROVIDE (__fini_array_end, .)
                0x08007480                _sidata = LOADADDR (.data)

.data           0x20000000       0xa4 load address 0x08007480
                0x20000000                . = ALIGN (0x4)
                0x20000000                _sdata = .
 *(.data)
 *(.data*)
 .data.uwTickFreq
                0x20000000        0x1 Drivers\STM32F4xx_HAL_Driver\Src\stm32f4xx_hal.o
                0x20000000                uwTickFreq
 *fill*         0x20000001        0x3 
 .data.uwTickPrio
                0x20000004        0x4 Drivers\STM32F4xx_HAL_Driver\Src\stm32f4xx_hal.o
                0x20000004                uwTickPrio
 .data.CDC_Class
                0x20000008       0x20 Middlewares\ST\STM32_USB_Host_Library\Class\CDC\Src\usbh_cdc.o
                0x20000008                CDC_Class
 .data.Font_16x26
                0x20000028        0x8 Src\fonts.o
                0x20000028                Font_16x26
 .data.systemState
                0x20000030        0x1 Src\menu.o
                0x20000030                systemState
 .data.enabled  0x20000031        0x1 Src\stepperdrive.o
                0x20000031                enabled
 *fill*         0x20000032        0x2 
 .data.feed     0x20000034        0x4 Src\stepperdrive.o
                0x20000034                feed
 .data.feedDirection
                0x20000038        0x2 Src\stepperdrive.o
                0x20000038                feedDirection
 *fill*         0x2000003a        0x2 
 .data.SystemCoreClock
                0x2000003c        0x4 Src\system_stm32f4xx.o
                0x2000003c                SystemCoreClock
 .data._impure_ptr
                0x20000040        0x4 c:/program files (x86)/atollic/truestudio for stm32 9.0.1/armtools/bin/../lib/gcc/arm-atollic-eabi/6.3.1/../../../../arm-atollic-eabi/lib/armv7e-m/fpu\libc_nano.a(lib_a-impure.o)
                0x20000040                _impure_ptr
 .data.impure_data
                0x20000044       0x60 c:/program files (x86)/atollic/truestudio for stm32 9.0.1/armtools/bin/../lib/gcc/arm-atollic-eabi/6.3.1/../../../../arm-atollic-eabi/lib/armv7e-m/fpu\libc_nano.a(lib_a-impure.o)
                0x200000a4                . = ALIGN (0x4)
                0x200000a4                _edata = .

.igot.plt       0x200000a4        0x0 load address 0x08007524
 .igot.plt      0x200000a4        0x0 c:/program files (x86)/atollic/truestudio for stm32 9.0.1/armtools/bin/../lib/gcc/arm-atollic-eabi/6.3.1/armv7e-m/fpu/crtbegin.o
                0x200000a4                . = ALIGN (0x4)

.bss            0x200000a4      0x9f4 load address 0x08007524
                0x200000a4                _sbss = .
                0x200000a4                __bss_start__ = _sbss
 *(.bss)
 .bss           0x200000a4       0x1c c:/program files (x86)/atollic/truestudio for stm32 9.0.1/armtools/bin/../lib/gcc/arm-atollic-eabi/6.3.1/armv7e-m/fpu/crtbegin.o
 *(.bss*)
 .bss.tmpreg.8636
                0x200000c0        0x4 Drivers\STM32F4xx_HAL_Driver\Src\stm32f4xx_ll_usb.o
 .bss.encoder_pos_raw
                0x200000c4        0x4 Src\menu.o
                0x200000c4                encoder_pos_raw
 .bss.spi4_dma_completed
                0x200000c8        0x1 Src\stm32f4xx_it.o
                0x200000c8                spi4_dma_completed
 *fill*         0x200000c9        0x3 
 .bss.heap_end.7010
                0x200000cc        0x4 Src\syscalls.o
 .bss.Appli_state
                0x200000d0        0x1 Src\usb_host.o
                0x200000d0                Appli_state
 *fill*         0x200000d1        0x3 
 .bss.__malloc_free_list
                0x200000d4        0x4 c:/program files (x86)/atollic/truestudio for stm32 9.0.1/armtools/bin/../lib/gcc/arm-atollic-eabi/6.3.1/../../../../arm-atollic-eabi/lib/armv7e-m/fpu\libc_nano.a(lib_a-nano-mallocr.o)
                0x200000d4                __malloc_free_list
 .bss.__malloc_sbrk_start
                0x200000d8        0x4 c:/program files (x86)/atollic/truestudio for stm32 9.0.1/armtools/bin/../lib/gcc/arm-atollic-eabi/6.3.1/../../../../arm-atollic-eabi/lib/armv7e-m/fpu\libc_nano.a(lib_a-nano-mallocr.o)
                0x200000d8                __malloc_sbrk_start
 *(COMMON)
 COMMON         0x200000dc        0x4 Drivers\STM32F4xx_HAL_Driver\Src\stm32f4xx_hal.o
                0x200000dc                uwTick
 COMMON         0x200000e0        0x1 Src\ili9341.o
                0x200000e0                errr
 *fill*         0x200000e1        0x3 
 COMMON         0x200000e4      0x279 Src\main.o
                0x200000e4                hi2c1
                0x20000138                htim3
                0x20000178                hdma_spi4_tx
                0x200001d8                hspi4
                0x20000230                hspi1
                0x20000288                htim2
                0x200002c8                encoder_cnt
                0x200002cc                hi2s2
                0x20000314                hi2s3
                0x2000035c                buttonDown
 *fill*         0x2000035d        0x3 
 COMMON         0x20000360       0x90 Src\menu.o
                0x20000360                menu_10
                0x20000364                menu_9
                0x20000368                menu_ex
                0x2000036c                menu_12
                0x20000370                menu_4
                0x20000374                menu_7
                0x20000378                menu_00_ex
                0x2000037c                Flash
                0x2000039c                menu_2
                0x200003a0                menu_01
                0x200003a4                writestate
                0x200003a8                menu_5
                0x200003ac                menu_0
                0x200003b0                display_menu_head
                0x200003b4                nr_menuitem
                0x200003b8                set_actual_menu
                0x200003bc                menu_13
                0x200003c0                menu_8
                0x200003c4                storedata
                0x200003c8                menu_3
                0x200003cc                parent_menu_encoder_state
                0x200003d0                menu_15
                0x200003d4                menu_6
                0x200003d8                menu_00
                0x200003dc                menu_01_ex
                0x200003e0                menu_11
                0x200003e4                menu_14
                0x200003e8                menu_1
                0x200003ec                value
 COMMON         0x200003f0       0x14 Src\stepperdrive.o
                0x200003f0                previousFeed
                0x200003f4                previousSpindlePosition
                0x200003f8                state
                0x200003fa                previousFeedDirection
                0x200003fc                currentPosition
                0x20000400                desiredPosition
 COMMON         0x20000404      0x3cc Src\usb_host.o
                0x20000404                hUsbHostFS
 COMMON         0x200007d0      0x2c4 Src\usbh_conf.o
                0x200007d0                hhcd_USB_OTG_FS
 COMMON         0x20000a94        0x4 c:/program files (x86)/atollic/truestudio for stm32 9.0.1/armtools/bin/../lib/gcc/arm-atollic-eabi/6.3.1/../../../../arm-atollic-eabi/lib/armv7e-m/fpu\libc_nano.a(lib_a-reent.o)
                0x20000a94                errno
                0x20000a98                . = ALIGN (0x4)
                0x20000a98                _ebss = .
                0x20000a98                __bss_end__ = _ebss

._user_heap_stack
                0x20000a98      0x600 load address 0x08007524
                0x20000a98                . = ALIGN (0x4)
                0x20000a98                PROVIDE (end, .)
                [!provide]                PROVIDE (_end, .)
                0x20000c98                . = (. + _Min_Heap_Size)
 *fill*         0x20000a98      0x200 
                0x20001098                . = (. + _Min_Stack_Size)
 *fill*         0x20000c98      0x400 
                0x20001098                . = ALIGN (0x4)

/DISCARD/
 libc.a(*)
 libm.a(*)
 libgcc.a(*)

.ARM.attributes
                0x00000000       0x30
 *(.ARM.attributes)
 .ARM.attributes
                0x00000000       0x22 c:/program files (x86)/atollic/truestudio for stm32 9.0.1/armtools/bin/../lib/gcc/arm-atollic-eabi/6.3.1/armv7e-m/fpu/crti.o
 .ARM.attributes
                0x00000022       0x34 c:/program files (x86)/atollic/truestudio for stm32 9.0.1/armtools/bin/../lib/gcc/arm-atollic-eabi/6.3.1/armv7e-m/fpu/crtbegin.o
 .ARM.attributes
                0x00000056       0x39 Drivers\STM32F4xx_HAL_Driver\Src\stm32f4xx_hal.o
 .ARM.attributes
                0x0000008f       0x39 Drivers\STM32F4xx_HAL_Driver\Src\stm32f4xx_hal_cortex.o
 .ARM.attributes
                0x000000c8       0x39 Drivers\STM32F4xx_HAL_Driver\Src\stm32f4xx_hal_dma.o
 .ARM.attributes
                0x00000101       0x39 Drivers\STM32F4xx_HAL_Driver\Src\stm32f4xx_hal_gpio.o
 .ARM.attributes
                0x0000013a       0x39 Drivers\STM32F4xx_HAL_Driver\Src\stm32f4xx_hal_hcd.o
 .ARM.attributes
                0x00000173       0x39 Drivers\STM32F4xx_HAL_Driver\Src\stm32f4xx_hal_i2c.o
 .ARM.attributes
                0x000001ac       0x39 Drivers\STM32F4xx_HAL_Driver\Src\stm32f4xx_hal_i2s.o
 .ARM.attributes
                0x000001e5       0x39 Drivers\STM32F4xx_HAL_Driver\Src\stm32f4xx_hal_i2s_ex.o
 .ARM.attributes
                0x0000021e       0x39 Drivers\STM32F4xx_HAL_Driver\Src\stm32f4xx_hal_rcc.o
 .ARM.attributes
                0x00000257       0x39 Drivers\STM32F4xx_HAL_Driver\Src\stm32f4xx_hal_rcc_ex.o
 .ARM.attributes
                0x00000290       0x39 Drivers\STM32F4xx_HAL_Driver\Src\stm32f4xx_hal_spi.o
 .ARM.attributes
                0x000002c9       0x39 Drivers\STM32F4xx_HAL_Driver\Src\stm32f4xx_hal_tim.o
 .ARM.attributes
                0x00000302       0x39 Drivers\STM32F4xx_HAL_Driver\Src\stm32f4xx_hal_tim_ex.o
 .ARM.attributes
                0x0000033b       0x39 Drivers\STM32F4xx_HAL_Driver\Src\stm32f4xx_ll_usb.o
 .ARM.attributes
                0x00000374       0x39 Middlewares\ST\STM32_USB_Host_Library\Class\CDC\Src\usbh_cdc.o
 .ARM.attributes
                0x000003ad       0x39 Middlewares\ST\STM32_USB_Host_Library\Core\Src\usbh_core.o
 .ARM.attributes
                0x000003e6       0x39 Middlewares\ST\STM32_USB_Host_Library\Core\Src\usbh_ctlreq.o
 .ARM.attributes
                0x0000041f       0x39 Middlewares\ST\STM32_USB_Host_Library\Core\Src\usbh_ioreq.o
 .ARM.attributes
                0x00000458       0x39 Middlewares\ST\STM32_USB_Host_Library\Core\Src\usbh_pipes.o
 .ARM.attributes
                0x00000491       0x39 Src\fonts.o
 .ARM.attributes
                0x000004ca       0x39 Src\ili9341.o
 .ARM.attributes
                0x00000503       0x39 Src\main.o
 .ARM.attributes
                0x0000053c       0x39 Src\menu.o
 .ARM.attributes
                0x00000575       0x39 Src\stepperdrive.o
 .ARM.attributes
                0x000005ae       0x39 Src\stm32f4xx_hal_msp.o
 .ARM.attributes
                0x000005e7       0x39 Src\stm32f4xx_it.o
 .ARM.attributes
                0x00000620       0x39 Src\syscalls.o
 .ARM.attributes
                0x00000659       0x39 Src\system_stm32f4xx.o
 .ARM.attributes
                0x00000692       0x39 Src\usb_host.o
 .ARM.attributes
                0x000006cb       0x39 Src\usbh_conf.o
 .ARM.attributes
                0x00000704       0x39 Src\usbh_platform.o
 .ARM.attributes
                0x0000073d       0x21 startup\startup_stm32f411xe.o
 .ARM.attributes
                0x0000075e       0x34 c:/program files (x86)/atollic/truestudio for stm32 9.0.1/armtools/bin/../lib/gcc/arm-atollic-eabi/6.3.1/../../../../arm-atollic-eabi/lib/armv7e-m/fpu\libc_nano.a(lib_a-errno.o)
 .ARM.attributes
                0x00000792       0x34 c:/program files (x86)/atollic/truestudio for stm32 9.0.1/armtools/bin/../lib/gcc/arm-atollic-eabi/6.3.1/../../../../arm-atollic-eabi/lib/armv7e-m/fpu\libc_nano.a(lib_a-impure.o)
 .ARM.attributes
                0x000007c6       0x34 c:/program files (x86)/atollic/truestudio for stm32 9.0.1/armtools/bin/../lib/gcc/arm-atollic-eabi/6.3.1/../../../../arm-atollic-eabi/lib/armv7e-m/fpu\libc_nano.a(lib_a-init.o)
 .ARM.attributes
                0x000007fa       0x34 c:/program files (x86)/atollic/truestudio for stm32 9.0.1/armtools/bin/../lib/gcc/arm-atollic-eabi/6.3.1/../../../../arm-atollic-eabi/lib/armv7e-m/fpu\libc_nano.a(lib_a-malloc.o)
 .ARM.attributes
                0x0000082e       0x34 c:/program files (x86)/atollic/truestudio for stm32 9.0.1/armtools/bin/../lib/gcc/arm-atollic-eabi/6.3.1/../../../../arm-atollic-eabi/lib/armv7e-m/fpu\libc_nano.a(lib_a-memset.o)
 .ARM.attributes
                0x00000862       0x34 c:/program files (x86)/atollic/truestudio for stm32 9.0.1/armtools/bin/../lib/gcc/arm-atollic-eabi/6.3.1/../../../../arm-atollic-eabi/lib/armv7e-m/fpu\libc_nano.a(lib_a-nano-freer.o)
 .ARM.attributes
                0x00000896       0x34 c:/program files (x86)/atollic/truestudio for stm32 9.0.1/armtools/bin/../lib/gcc/arm-atollic-eabi/6.3.1/../../../../arm-atollic-eabi/lib/armv7e-m/fpu\libc_nano.a(lib_a-nano-mallocr.o)
 .ARM.attributes
                0x000008ca       0x34 c:/program files (x86)/atollic/truestudio for stm32 9.0.1/armtools/bin/../lib/gcc/arm-atollic-eabi/6.3.1/../../../../arm-atollic-eabi/lib/armv7e-m/fpu\libc_nano.a(lib_a-sbrkr.o)
 .ARM.attributes
                0x000008fe       0x34 c:/program files (x86)/atollic/truestudio for stm32 9.0.1/armtools/bin/../lib/gcc/arm-atollic-eabi/6.3.1/../../../../arm-atollic-eabi/lib/armv7e-m/fpu\libc_nano.a(lib_a-snprintf.o)
 .ARM.attributes
                0x00000932       0x34 c:/program files (x86)/atollic/truestudio for stm32 9.0.1/armtools/bin/../lib/gcc/arm-atollic-eabi/6.3.1/../../../../arm-atollic-eabi/lib/armv7e-m/fpu\libc_nano.a(lib_a-mlock.o)
 .ARM.attributes
                0x00000966       0x34 c:/program files (x86)/atollic/truestudio for stm32 9.0.1/armtools/bin/../lib/gcc/arm-atollic-eabi/6.3.1/../../../../arm-atollic-eabi/lib/armv7e-m/fpu\libc_nano.a(lib_a-nano-svfprintf.o)
 .ARM.attributes
                0x0000099a       0x34 c:/program files (x86)/atollic/truestudio for stm32 9.0.1/armtools/bin/../lib/gcc/arm-atollic-eabi/6.3.1/../../../../arm-atollic-eabi/lib/armv7e-m/fpu\libc_nano.a(lib_a-nano-vfprintf_i.o)
 .ARM.attributes
                0x000009ce       0x34 c:/program files (x86)/atollic/truestudio for stm32 9.0.1/armtools/bin/../lib/gcc/arm-atollic-eabi/6.3.1/../../../../arm-atollic-eabi/lib/armv7e-m/fpu\libc_nano.a(lib_a-reent.o)
 .ARM.attributes
                0x00000a02       0x20 c:/program files (x86)/atollic/truestudio for stm32 9.0.1/armtools/bin/../lib/gcc/arm-atollic-eabi/6.3.1/../../../../arm-atollic-eabi/lib/armv7e-m/fpu\libc_nano.a(lib_a-memchr.o)
 .ARM.attributes
                0x00000a22       0x34 c:/program files (x86)/atollic/truestudio for stm32 9.0.1/armtools/bin/../lib/gcc/arm-atollic-eabi/6.3.1/../../../../arm-atollic-eabi/lib/armv7e-m/fpu\libc_nano.a(lib_a-memcpy-stub.o)
 .ARM.attributes
                0x00000a56       0x34 c:/program files (x86)/atollic/truestudio for stm32 9.0.1/armtools/bin/../lib/gcc/arm-atollic-eabi/6.3.1/../../../../arm-atollic-eabi/lib/armv7e-m/fpu\libc_nano.a(lib_a-memmove.o)
 .ARM.attributes
                0x00000a8a       0x34 c:/program files (x86)/atollic/truestudio for stm32 9.0.1/armtools/bin/../lib/gcc/arm-atollic-eabi/6.3.1/../../../../arm-atollic-eabi/lib/armv7e-m/fpu\libc_nano.a(lib_a-nano-reallocr.o)
 .ARM.attributes
                0x00000abe       0x34 c:/program files (x86)/atollic/truestudio for stm32 9.0.1/armtools/bin/../lib/gcc/arm-atollic-eabi/6.3.1/../../../../arm-atollic-eabi/lib/armv7e-m/fpu\libc_nano.a(lib_a-nano-msizer.o)
 .ARM.attributes
                0x00000af2       0x22 c:/program files (x86)/atollic/truestudio for stm32 9.0.1/armtools/bin/../lib/gcc/arm-atollic-eabi/6.3.1/armv7e-m/fpu\libgcc.a(_aeabi_uldivmod.o)
 .ARM.attributes
                0x00000b14       0x34 c:/program files (x86)/atollic/truestudio for stm32 9.0.1/armtools/bin/../lib/gcc/arm-atollic-eabi/6.3.1/armv7e-m/fpu\libgcc.a(_udivmoddi4.o)
 .ARM.attributes
                0x00000b48       0x22 c:/program files (x86)/atollic/truestudio for stm32 9.0.1/armtools/bin/../lib/gcc/arm-atollic-eabi/6.3.1/armv7e-m/fpu\libgcc.a(_dvmd_tls.o)
 .ARM.attributes
                0x00000b6a       0x22 c:/program files (x86)/atollic/truestudio for stm32 9.0.1/armtools/bin/../lib/gcc/arm-atollic-eabi/6.3.1/armv7e-m/fpu/crtn.o
OUTPUT(stm32f411_ili_6.elf elf32-littlearm)

.debug_info     0x00000000    0x281d2
 .debug_info    0x00000000      0x983 Drivers\STM32F4xx_HAL_Driver\Src\stm32f4xx_hal.o
 .debug_info    0x00000983      0xea9 Drivers\STM32F4xx_HAL_Driver\Src\stm32f4xx_hal_cortex.o
 .debug_info    0x0000182c      0xa44 Drivers\STM32F4xx_HAL_Driver\Src\stm32f4xx_hal_dma.o
 .debug_info    0x00002270      0x79d Drivers\STM32F4xx_HAL_Driver\Src\stm32f4xx_hal_gpio.o
 .debug_info    0x00002a0d     0x1273 Drivers\STM32F4xx_HAL_Driver\Src\stm32f4xx_hal_hcd.o
 .debug_info    0x00003c80     0x3354 Drivers\STM32F4xx_HAL_Driver\Src\stm32f4xx_hal_i2c.o
 .debug_info    0x00006fd4      0xf5a Drivers\STM32F4xx_HAL_Driver\Src\stm32f4xx_hal_i2s.o
 .debug_info    0x00007f2e      0xd83 Drivers\STM32F4xx_HAL_Driver\Src\stm32f4xx_hal_i2s_ex.o
 .debug_info    0x00008cb1      0xa81 Drivers\STM32F4xx_HAL_Driver\Src\stm32f4xx_hal_rcc.o
 .debug_info    0x00009732      0x6cc Drivers\STM32F4xx_HAL_Driver\Src\stm32f4xx_hal_rcc_ex.o
 .debug_info    0x00009dfe     0x1d92 Drivers\STM32F4xx_HAL_Driver\Src\stm32f4xx_hal_spi.o
 .debug_info    0x0000bb90     0x34c7 Drivers\STM32F4xx_HAL_Driver\Src\stm32f4xx_hal_tim.o
 .debug_info    0x0000f057     0x12f6 Drivers\STM32F4xx_HAL_Driver\Src\stm32f4xx_hal_tim_ex.o
 .debug_info    0x0001034d     0x1b55 Drivers\STM32F4xx_HAL_Driver\Src\stm32f4xx_ll_usb.o
 .debug_info    0x00011ea2     0x1ed2 Middlewares\ST\STM32_USB_Host_Library\Class\CDC\Src\usbh_cdc.o
 .debug_info    0x00013d74     0x1b09 Middlewares\ST\STM32_USB_Host_Library\Core\Src\usbh_core.o
 .debug_info    0x0001587d     0x1acd Middlewares\ST\STM32_USB_Host_Library\Core\Src\usbh_ctlreq.o
 .debug_info    0x0001734a     0x1696 Middlewares\ST\STM32_USB_Host_Library\Core\Src\usbh_ioreq.o
 .debug_info    0x000189e0     0x12f8 Middlewares\ST\STM32_USB_Host_Library\Core\Src\usbh_pipes.o
 .debug_info    0x00019cd8      0x226 Src\fonts.o
 .debug_info    0x00019efe     0x186f Src\ili9341.o
 .debug_info    0x0001b76d     0x1e3d Src\main.o
 .debug_info    0x0001d5aa     0x2d36 Src\menu.o
 .debug_info    0x000202e0      0x9da Src\stepperdrive.o
 .debug_info    0x00020cba     0x17cd Src\stm32f4xx_hal_msp.o
 .debug_info    0x00022487      0xe5e Src\stm32f4xx_it.o
 .debug_info    0x000232e5      0xfe1 Src\syscalls.o
 .debug_info    0x000242c6      0x534 Src\system_stm32f4xx.o
 .debug_info    0x000247fa     0x1298 Src\usb_host.o
 .debug_info    0x00025a92     0x245c Src\usbh_conf.o
 .debug_info    0x00027eee      0x253 Src\usbh_platform.o
 .debug_info    0x00028141       0x91 startup\startup_stm32f411xe.o

.debug_abbrev   0x00000000     0x5569
 .debug_abbrev  0x00000000      0x268 Drivers\STM32F4xx_HAL_Driver\Src\stm32f4xx_hal.o
 .debug_abbrev  0x00000268      0x314 Drivers\STM32F4xx_HAL_Driver\Src\stm32f4xx_hal_cortex.o
 .debug_abbrev  0x0000057c      0x2b0 Drivers\STM32F4xx_HAL_Driver\Src\stm32f4xx_hal_dma.o
 .debug_abbrev  0x0000082c      0x1ef Drivers\STM32F4xx_HAL_Driver\Src\stm32f4xx_hal_gpio.o
 .debug_abbrev  0x00000a1b      0x319 Drivers\STM32F4xx_HAL_Driver\Src\stm32f4xx_hal_hcd.o
 .debug_abbrev  0x00000d34      0x3a8 Drivers\STM32F4xx_HAL_Driver\Src\stm32f4xx_hal_i2c.o
 .debug_abbrev  0x000010dc      0x2af Drivers\STM32F4xx_HAL_Driver\Src\stm32f4xx_hal_i2s.o
 .debug_abbrev  0x0000138b      0x310 Drivers\STM32F4xx_HAL_Driver\Src\stm32f4xx_hal_i2s_ex.o
 .debug_abbrev  0x0000169b      0x2cb Drivers\STM32F4xx_HAL_Driver\Src\stm32f4xx_hal_rcc.o
 .debug_abbrev  0x00001966      0x172 Drivers\STM32F4xx_HAL_Driver\Src\stm32f4xx_hal_rcc_ex.o
 .debug_abbrev  0x00001ad8      0x335 Drivers\STM32F4xx_HAL_Driver\Src\stm32f4xx_hal_spi.o
 .debug_abbrev  0x00001e0d      0x333 Drivers\STM32F4xx_HAL_Driver\Src\stm32f4xx_hal_tim.o
 .debug_abbrev  0x00002140      0x2ab Drivers\STM32F4xx_HAL_Driver\Src\stm32f4xx_hal_tim_ex.o
 .debug_abbrev  0x000023eb      0x33b Drivers\STM32F4xx_HAL_Driver\Src\stm32f4xx_ll_usb.o
 .debug_abbrev  0x00002726      0x3ca Middlewares\ST\STM32_USB_Host_Library\Class\CDC\Src\usbh_cdc.o
 .debug_abbrev  0x00002af0      0x3ea Middlewares\ST\STM32_USB_Host_Library\Core\Src\usbh_core.o
 .debug_abbrev  0x00002eda      0x3be Middlewares\ST\STM32_USB_Host_Library\Core\Src\usbh_ctlreq.o
 .debug_abbrev  0x00003298      0x271 Middlewares\ST\STM32_USB_Host_Library\Core\Src\usbh_ioreq.o
 .debug_abbrev  0x00003509      0x2c6 Middlewares\ST\STM32_USB_Host_Library\Core\Src\usbh_pipes.o
 .debug_abbrev  0x000037cf       0xb8 Src\fonts.o
 .debug_abbrev  0x00003887      0x3bd Src\ili9341.o
 .debug_abbrev  0x00003c44      0x2b8 Src\main.o
 .debug_abbrev  0x00003efc      0x3db Src\menu.o
 .debug_abbrev  0x000042d7      0x23d Src\stepperdrive.o
 .debug_abbrev  0x00004514      0x249 Src\stm32f4xx_hal_msp.o
 .debug_abbrev  0x0000475d      0x241 Src\stm32f4xx_it.o
 .debug_abbrev  0x0000499e      0x2d9 Src\syscalls.o
 .debug_abbrev  0x00004c77      0x10e Src\system_stm32f4xx.o
 .debug_abbrev  0x00004d85      0x2b4 Src\usb_host.o
 .debug_abbrev  0x00005039      0x3f2 Src\usbh_conf.o
 .debug_abbrev  0x0000542b      0x12c Src\usbh_platform.o
 .debug_abbrev  0x00005557       0x12 startup\startup_stm32f411xe.o

.debug_loc      0x00000000    0x117e0
 .debug_loc     0x00000000      0x11b Drivers\STM32F4xx_HAL_Driver\Src\stm32f4xx_hal.o
 .debug_loc     0x0000011b      0x4fb Drivers\STM32F4xx_HAL_Driver\Src\stm32f4xx_hal_cortex.o
 .debug_loc     0x00000616      0x727 Drivers\STM32F4xx_HAL_Driver\Src\stm32f4xx_hal_dma.o
 .debug_loc     0x00000d3d      0x321 Drivers\STM32F4xx_HAL_Driver\Src\stm32f4xx_hal_gpio.o
 .debug_loc     0x0000105e      0x9c1 Drivers\STM32F4xx_HAL_Driver\Src\stm32f4xx_hal_hcd.o
 .debug_loc     0x00001a1f     0x2f30 Drivers\STM32F4xx_HAL_Driver\Src\stm32f4xx_hal_i2c.o
 .debug_loc     0x0000494f      0x9bf Drivers\STM32F4xx_HAL_Driver\Src\stm32f4xx_hal_i2s.o
 .debug_loc     0x0000530e      0x745 Drivers\STM32F4xx_HAL_Driver\Src\stm32f4xx_hal_i2s_ex.o
 .debug_loc     0x00005a53      0x336 Drivers\STM32F4xx_HAL_Driver\Src\stm32f4xx_hal_rcc.o
 .debug_loc     0x00005d89      0x2f5 Drivers\STM32F4xx_HAL_Driver\Src\stm32f4xx_hal_rcc_ex.o
 .debug_loc     0x0000607e     0x1830 Drivers\STM32F4xx_HAL_Driver\Src\stm32f4xx_hal_spi.o
 .debug_loc     0x000078ae     0x2f57 Drivers\STM32F4xx_HAL_Driver\Src\stm32f4xx_hal_tim.o
 .debug_loc     0x0000a805      0xa7c Drivers\STM32F4xx_HAL_Driver\Src\stm32f4xx_hal_tim_ex.o
 .debug_loc     0x0000b281     0x1b55 Drivers\STM32F4xx_HAL_Driver\Src\stm32f4xx_ll_usb.o
 .debug_loc     0x0000cdd6      0x6dd Middlewares\ST\STM32_USB_Host_Library\Class\CDC\Src\usbh_cdc.o
 .debug_loc     0x0000d4b3      0x79a Middlewares\ST\STM32_USB_Host_Library\Core\Src\usbh_core.o
 .debug_loc     0x0000dc4d      0x888 Middlewares\ST\STM32_USB_Host_Library\Core\Src\usbh_ctlreq.o
 .debug_loc     0x0000e4d5      0x57d Middlewares\ST\STM32_USB_Host_Library\Core\Src\usbh_ioreq.o
 .debug_loc     0x0000ea52      0x196 Middlewares\ST\STM32_USB_Host_Library\Core\Src\usbh_pipes.o
 .debug_loc     0x0000ebe8      0xbe8 Src\ili9341.o
 .debug_loc     0x0000f7d0     0x1023 Src\menu.o
 .debug_loc     0x000107f3      0x12e Src\stepperdrive.o
 .debug_loc     0x00010921      0x1d4 Src\stm32f4xx_hal_msp.o
 .debug_loc     0x00010af5      0x3ef Src\syscalls.o
 .debug_loc     0x00010ee4      0x11c Src\system_stm32f4xx.o
 .debug_loc     0x00011000      0x794 Src\usbh_conf.o
 .debug_loc     0x00011794       0x4c Src\usbh_platform.o

.debug_aranges  0x00000000     0x1488
 .debug_aranges
                0x00000000       0xe8 Drivers\STM32F4xx_HAL_Driver\Src\stm32f4xx_hal.o
 .debug_aranges
                0x000000e8       0xa8 Drivers\STM32F4xx_HAL_Driver\Src\stm32f4xx_hal_cortex.o
 .debug_aranges
                0x00000190       0x80 Drivers\STM32F4xx_HAL_Driver\Src\stm32f4xx_hal_dma.o
 .debug_aranges
                0x00000210       0x58 Drivers\STM32F4xx_HAL_Driver\Src\stm32f4xx_hal_gpio.o
 .debug_aranges
                0x00000268       0xa0 Drivers\STM32F4xx_HAL_Driver\Src\stm32f4xx_hal_hcd.o
 .debug_aranges
                0x00000308      0x1b0 Drivers\STM32F4xx_HAL_Driver\Src\stm32f4xx_hal_i2c.o
 .debug_aranges
                0x000004b8       0xc8 Drivers\STM32F4xx_HAL_Driver\Src\stm32f4xx_hal_i2s.o
 .debug_aranges
                0x00000580       0x60 Drivers\STM32F4xx_HAL_Driver\Src\stm32f4xx_hal_i2s_ex.o
 .debug_aranges
                0x000005e0       0x88 Drivers\STM32F4xx_HAL_Driver\Src\stm32f4xx_hal_rcc.o
 .debug_aranges
                0x00000668       0x50 Drivers\STM32F4xx_HAL_Driver\Src\stm32f4xx_hal_rcc_ex.o
 .debug_aranges
                0x000006b8      0x188 Drivers\STM32F4xx_HAL_Driver\Src\stm32f4xx_hal_spi.o
 .debug_aranges
                0x00000840      0x278 Drivers\STM32F4xx_HAL_Driver\Src\stm32f4xx_hal_tim.o
 .debug_aranges
                0x00000ab8       0xf8 Drivers\STM32F4xx_HAL_Driver\Src\stm32f4xx_hal_tim_ex.o
 .debug_aranges
                0x00000bb0      0x198 Drivers\STM32F4xx_HAL_Driver\Src\stm32f4xx_ll_usb.o
 .debug_aranges
                0x00000d48       0x78 Middlewares\ST\STM32_USB_Host_Library\Class\CDC\Src\usbh_cdc.o
 .debug_aranges
                0x00000dc0       0xb0 Middlewares\ST\STM32_USB_Host_Library\Core\Src\usbh_core.o
 .debug_aranges
                0x00000e70       0x70 Middlewares\ST\STM32_USB_Host_Library\Core\Src\usbh_ctlreq.o
 .debug_aranges
                0x00000ee0       0x60 Middlewares\ST\STM32_USB_Host_Library\Core\Src\usbh_ioreq.o
 .debug_aranges
                0x00000f40       0x38 Middlewares\ST\STM32_USB_Host_Library\Core\Src\usbh_pipes.o
 .debug_aranges
                0x00000f78       0x18 Src\fonts.o
 .debug_aranges
                0x00000f90       0x90 Src\ili9341.o
 .debug_aranges
                0x00001020       0x30 Src\main.o
 .debug_aranges
                0x00001050       0xf0 Src\menu.o
 .debug_aranges
                0x00001140       0x40 Src\stepperdrive.o
 .debug_aranges
                0x00001180       0x68 Src\stm32f4xx_hal_msp.o
 .debug_aranges
                0x000011e8       0x78 Src\stm32f4xx_it.o
 .debug_aranges
                0x00001260       0xb0 Src\syscalls.o
 .debug_aranges
                0x00001310       0x28 Src\system_stm32f4xx.o
 .debug_aranges
                0x00001338       0x30 Src\usb_host.o
 .debug_aranges
                0x00001368       0xd8 Src\usbh_conf.o
 .debug_aranges
                0x00001440       0x20 Src\usbh_platform.o
 .debug_aranges
                0x00001460       0x28 startup\startup_stm32f411xe.o

.debug_ranges   0x00000000     0x1fa8
 .debug_ranges  0x00000000       0xd8 Drivers\STM32F4xx_HAL_Driver\Src\stm32f4xx_hal.o
 .debug_ranges  0x000000d8      0x128 Drivers\STM32F4xx_HAL_Driver\Src\stm32f4xx_hal_cortex.o
 .debug_ranges  0x00000200       0xc8 Drivers\STM32F4xx_HAL_Driver\Src\stm32f4xx_hal_dma.o
 .debug_ranges  0x000002c8       0x68 Drivers\STM32F4xx_HAL_Driver\Src\stm32f4xx_hal_gpio.o
 .debug_ranges  0x00000330       0xf8 Drivers\STM32F4xx_HAL_Driver\Src\stm32f4xx_hal_hcd.o
 .debug_ranges  0x00000428      0x3d0 Drivers\STM32F4xx_HAL_Driver\Src\stm32f4xx_hal_i2c.o
 .debug_ranges  0x000007f8       0xb8 Drivers\STM32F4xx_HAL_Driver\Src\stm32f4xx_hal_i2s.o
 .debug_ranges  0x000008b0       0x50 Drivers\STM32F4xx_HAL_Driver\Src\stm32f4xx_hal_i2s_ex.o
 .debug_ranges  0x00000900       0xb0 Drivers\STM32F4xx_HAL_Driver\Src\stm32f4xx_hal_rcc.o
 .debug_ranges  0x000009b0       0x58 Drivers\STM32F4xx_HAL_Driver\Src\stm32f4xx_hal_rcc_ex.o
 .debug_ranges  0x00000a08      0x238 Drivers\STM32F4xx_HAL_Driver\Src\stm32f4xx_hal_spi.o
 .debug_ranges  0x00000c40      0x340 Drivers\STM32F4xx_HAL_Driver\Src\stm32f4xx_hal_tim.o
 .debug_ranges  0x00000f80       0xe8 Drivers\STM32F4xx_HAL_Driver\Src\stm32f4xx_hal_tim_ex.o
 .debug_ranges  0x00001068      0x1a0 Drivers\STM32F4xx_HAL_Driver\Src\stm32f4xx_ll_usb.o
 .debug_ranges  0x00001208       0xc8 Middlewares\ST\STM32_USB_Host_Library\Class\CDC\Src\usbh_cdc.o
 .debug_ranges  0x000012d0       0xa0 Middlewares\ST\STM32_USB_Host_Library\Core\Src\usbh_core.o
 .debug_ranges  0x00001370      0x120 Middlewares\ST\STM32_USB_Host_Library\Core\Src\usbh_ctlreq.o
 .debug_ranges  0x00001490       0x50 Middlewares\ST\STM32_USB_Host_Library\Core\Src\usbh_ioreq.o
 .debug_ranges  0x000014e0       0x48 Middlewares\ST\STM32_USB_Host_Library\Core\Src\usbh_pipes.o
 .debug_ranges  0x00001528      0x100 Src\ili9341.o
 .debug_ranges  0x00001628      0x118 Src\main.o
 .debug_ranges  0x00001740      0x4a0 Src\menu.o
 .debug_ranges  0x00001be0       0x48 Src\stepperdrive.o
 .debug_ranges  0x00001c28      0x118 Src\stm32f4xx_hal_msp.o
 .debug_ranges  0x00001d40       0x68 Src\stm32f4xx_it.o
 .debug_ranges  0x00001da8       0xa0 Src\syscalls.o
 .debug_ranges  0x00001e48       0x18 Src\system_stm32f4xx.o
 .debug_ranges  0x00001e60       0x20 Src\usb_host.o
 .debug_ranges  0x00001e80       0xf8 Src\usbh_conf.o
 .debug_ranges  0x00001f78       0x10 Src\usbh_platform.o
 .debug_ranges  0x00001f88       0x20 startup\startup_stm32f411xe.o

.debug_line     0x00000000     0xba37
 .debug_line    0x00000000      0x41b Drivers\STM32F4xx_HAL_Driver\Src\stm32f4xx_hal.o
 .debug_line    0x0000041b      0x456 Drivers\STM32F4xx_HAL_Driver\Src\stm32f4xx_hal_cortex.o
 .debug_line    0x00000871      0x56f Drivers\STM32F4xx_HAL_Driver\Src\stm32f4xx_hal_dma.o
 .debug_line    0x00000de0      0x3c9 Drivers\STM32F4xx_HAL_Driver\Src\stm32f4xx_hal_gpio.o
 .debug_line    0x000011a9      0x5d9 Drivers\STM32F4xx_HAL_Driver\Src\stm32f4xx_hal_hcd.o
 .debug_line    0x00001782     0x1bf1 Drivers\STM32F4xx_HAL_Driver\Src\stm32f4xx_hal_i2c.o
 .debug_line    0x00003373      0x6a5 Drivers\STM32F4xx_HAL_Driver\Src\stm32f4xx_hal_i2s.o
 .debug_line    0x00003a18      0x57f Drivers\STM32F4xx_HAL_Driver\Src\stm32f4xx_hal_i2s_ex.o
 .debug_line    0x00003f97      0x4f4 Drivers\STM32F4xx_HAL_Driver\Src\stm32f4xx_hal_rcc.o
 .debug_line    0x0000448b      0x3b2 Drivers\STM32F4xx_HAL_Driver\Src\stm32f4xx_hal_rcc_ex.o
 .debug_line    0x0000483d      0xb7b Drivers\STM32F4xx_HAL_Driver\Src\stm32f4xx_hal_spi.o
 .debug_line    0x000053b8     0x10cb Drivers\STM32F4xx_HAL_Driver\Src\stm32f4xx_hal_tim.o
 .debug_line    0x00006483      0x67d Drivers\STM32F4xx_HAL_Driver\Src\stm32f4xx_hal_tim_ex.o
 .debug_line    0x00006b00      0x947 Drivers\STM32F4xx_HAL_Driver\Src\stm32f4xx_ll_usb.o
 .debug_line    0x00007447      0x58c Middlewares\ST\STM32_USB_Host_Library\Class\CDC\Src\usbh_cdc.o
 .debug_line    0x000079d3      0x593 Middlewares\ST\STM32_USB_Host_Library\Core\Src\usbh_core.o
 .debug_line    0x00007f66      0x522 Middlewares\ST\STM32_USB_Host_Library\Core\Src\usbh_ctlreq.o
 .debug_line    0x00008488      0x3d8 Middlewares\ST\STM32_USB_Host_Library\Core\Src\usbh_ioreq.o
 .debug_line    0x00008860      0x367 Middlewares\ST\STM32_USB_Host_Library\Core\Src\usbh_pipes.o
 .debug_line    0x00008bc7      0x126 Src\fonts.o
 .debug_line    0x00008ced      0x565 Src\ili9341.o
 .debug_line    0x00009252      0x48e Src\main.o
 .debug_line    0x000096e0      0x80e Src\menu.o
 .debug_line    0x00009eee      0x2c3 Src\stepperdrive.o
 .debug_line    0x0000a1b1      0x434 Src\stm32f4xx_hal_msp.o
 .debug_line    0x0000a5e5      0x320 Src\stm32f4xx_it.o
 .debug_line    0x0000a905      0x3bb Src\syscalls.o
 .debug_line    0x0000acc0      0x1de Src\system_stm32f4xx.o
 .debug_line    0x0000ae9e      0x383 Src\usb_host.o
 .debug_line    0x0000b221      0x5b2 Src\usbh_conf.o
 .debug_line    0x0000b7d3      0x1e5 Src\usbh_platform.o
 .debug_line    0x0000b9b8       0x7f startup\startup_stm32f411xe.o

.debug_str      0x00000000     0x7b65
 .debug_str     0x00000000      0xa1a Drivers\STM32F4xx_HAL_Driver\Src\stm32f4xx_hal.o
                                0xa88 (size before relaxing)
 .debug_str     0x00000a1a      0x4a1 Drivers\STM32F4xx_HAL_Driver\Src\stm32f4xx_hal_cortex.o
                                0xb41 (size before relaxing)
 .debug_str     0x00000ebb      0x512 Drivers\STM32F4xx_HAL_Driver\Src\stm32f4xx_hal_dma.o
                                0x7e5 (size before relaxing)
 .debug_str     0x000013cd      0x1d8 Drivers\STM32F4xx_HAL_Driver\Src\stm32f4xx_hal_gpio.o
                                0x571 (size before relaxing)
 .debug_str     0x000015a5      0x844 Drivers\STM32F4xx_HAL_Driver\Src\stm32f4xx_hal_hcd.o
                                0xb5b (size before relaxing)
 .debug_str     0x00001de9      0xae1 Drivers\STM32F4xx_HAL_Driver\Src\stm32f4xx_hal_i2c.o
                               0x1071 (size before relaxing)
 .debug_str     0x000028ca      0x434 Drivers\STM32F4xx_HAL_Driver\Src\stm32f4xx_hal_i2s.o
                                0x9c1 (size before relaxing)
 .debug_str     0x00002cfe      0x1f1 Drivers\STM32F4xx_HAL_Driver\Src\stm32f4xx_hal_i2s_ex.o
                                0x902 (size before relaxing)
 .debug_str     0x00002eef      0x2c9 Drivers\STM32F4xx_HAL_Driver\Src\stm32f4xx_hal_rcc.o
                                0x744 (size before relaxing)
 .debug_str     0x000031b8      0x18f Drivers\STM32F4xx_HAL_Driver\Src\stm32f4xx_hal_rcc_ex.o
                                0x573 (size before relaxing)
 .debug_str     0x00003347      0x649 Drivers\STM32F4xx_HAL_Driver\Src\stm32f4xx_hal_spi.o
                                0xc48 (size before relaxing)
 .debug_str     0x00003990      0xfe6 Drivers\STM32F4xx_HAL_Driver\Src\stm32f4xx_hal_tim.o
                               0x153c (size before relaxing)
 .debug_str     0x00004976      0x548 Drivers\STM32F4xx_HAL_Driver\Src\stm32f4xx_hal_tim_ex.o
                                0xd54 (size before relaxing)
 .debug_str     0x00004ebe      0x502 Drivers\STM32F4xx_HAL_Driver\Src\stm32f4xx_ll_usb.o
                                0xcbb (size before relaxing)
 .debug_str     0x000053c0     0x1250 Middlewares\ST\STM32_USB_Host_Library\Class\CDC\Src\usbh_cdc.o
                               0x15c9 (size before relaxing)
 .debug_str     0x00006610      0x2ac Middlewares\ST\STM32_USB_Host_Library\Core\Src\usbh_core.o
                               0x115b (size before relaxing)
 .debug_str     0x000068bc      0x1db Middlewares\ST\STM32_USB_Host_Library\Core\Src\usbh_ctlreq.o
                               0x1139 (size before relaxing)
 .debug_str     0x00006a97       0xb2 Middlewares\ST\STM32_USB_Host_Library\Core\Src\usbh_ioreq.o
                                0xf6e (size before relaxing)
 .debug_str     0x00006b49       0x80 Middlewares\ST\STM32_USB_Host_Library\Core\Src\usbh_pipes.o
                                0xf04 (size before relaxing)
 .debug_str     0x00006bc9       0xa3 Src\fonts.o
                                0x26e (size before relaxing)
 .debug_str     0x00006c6c      0x1d9 Src\ili9341.o
                                0x988 (size before relaxing)
 .debug_str     0x00006e45      0x16b Src\main.o
                               0x1764 (size before relaxing)
 .debug_str     0x00006fb0      0x588 Src\menu.o
                               0x13b2 (size before relaxing)
 .debug_str     0x00007538      0x112 Src\stepperdrive.o
                                0x80e (size before relaxing)
 .debug_str     0x0000764a       0x37 Src\stm32f4xx_hal_msp.o
                               0x12ef (size before relaxing)
 .debug_str     0x00007681      0x110 Src\stm32f4xx_it.o
                                0xd84 (size before relaxing)
 .debug_str     0x00007791      0x246 Src\syscalls.o
                                0x893 (size before relaxing)
 .debug_str     0x000079d7       0x45 Src\system_stm32f4xx.o
                                0x3d5 (size before relaxing)
 .debug_str     0x00007a1c       0x99 Src\usb_host.o
                                0xf32 (size before relaxing)
 .debug_str     0x00007ab5       0x99 Src\usbh_conf.o
                               0x1c72 (size before relaxing)
 .debug_str     0x00007b4e       0x17 Src\usbh_platform.o
                                0x2d1 (size before relaxing)

.comment        0x00000000       0x7c
 .comment       0x00000000       0x7c Drivers\STM32F4xx_HAL_Driver\Src\stm32f4xx_hal.o
                                 0x7d (size before relaxing)
 .comment       0x0000007c       0x7d Drivers\STM32F4xx_HAL_Driver\Src\stm32f4xx_hal_cortex.o
 .comment       0x0000007c       0x7d Drivers\STM32F4xx_HAL_Driver\Src\stm32f4xx_hal_dma.o
 .comment       0x0000007c       0x7d Drivers\STM32F4xx_HAL_Driver\Src\stm32f4xx_hal_gpio.o
 .comment       0x0000007c       0x7d Drivers\STM32F4xx_HAL_Driver\Src\stm32f4xx_hal_hcd.o
 .comment       0x0000007c       0x7d Drivers\STM32F4xx_HAL_Driver\Src\stm32f4xx_hal_i2c.o
 .comment       0x0000007c       0x7d Drivers\STM32F4xx_HAL_Driver\Src\stm32f4xx_hal_i2s.o
 .comment       0x0000007c       0x7d Drivers\STM32F4xx_HAL_Driver\Src\stm32f4xx_hal_i2s_ex.o
 .comment       0x0000007c       0x7d Drivers\STM32F4xx_HAL_Driver\Src\stm32f4xx_hal_rcc.o
 .comment       0x0000007c       0x7d Drivers\STM32F4xx_HAL_Driver\Src\stm32f4xx_hal_rcc_ex.o
 .comment       0x0000007c       0x7d Drivers\STM32F4xx_HAL_Driver\Src\stm32f4xx_hal_spi.o
 .comment       0x0000007c       0x7d Drivers\STM32F4xx_HAL_Driver\Src\stm32f4xx_hal_tim.o
 .comment       0x0000007c       0x7d Drivers\STM32F4xx_HAL_Driver\Src\stm32f4xx_hal_tim_ex.o
 .comment       0x0000007c       0x7d Drivers\STM32F4xx_HAL_Driver\Src\stm32f4xx_ll_usb.o
 .comment       0x0000007c       0x7d Middlewares\ST\STM32_USB_Host_Library\Class\CDC\Src\usbh_cdc.o
 .comment       0x0000007c       0x7d Middlewares\ST\STM32_USB_Host_Library\Core\Src\usbh_core.o
 .comment       0x0000007c       0x7d Middlewares\ST\STM32_USB_Host_Library\Core\Src\usbh_ctlreq.o
 .comment       0x0000007c       0x7d Middlewares\ST\STM32_USB_Host_Library\Core\Src\usbh_ioreq.o
 .comment       0x0000007c       0x7d Middlewares\ST\STM32_USB_Host_Library\Core\Src\usbh_pipes.o
 .comment       0x0000007c       0x7d Src\fonts.o
 .comment       0x0000007c       0x7d Src\ili9341.o
 .comment       0x0000007c       0x7d Src\main.o
 .comment       0x0000007c       0x7d Src\menu.o
 .comment       0x0000007c       0x7d Src\stepperdrive.o
 .comment       0x0000007c       0x7d Src\stm32f4xx_hal_msp.o
 .comment       0x0000007c       0x7d Src\stm32f4xx_it.o
 .comment       0x0000007c       0x7d Src\syscalls.o
 .comment       0x0000007c       0x7d Src\system_stm32f4xx.o
 .comment       0x0000007c       0x7d Src\usb_host.o
 .comment       0x0000007c       0x7d Src\usbh_conf.o