Archive member included to satisfy reference by file (symbol)

c:/program files (x86)/atollic/truestudio for stm32 9.3.0/armtools/bin/../lib/gcc/arm-atollic-eabi/6.3.1/../../../../arm-atollic-eabi/lib/armv7e-m/fpu\libc_nano.a(lib_a-errno.o)
                              Src\syscalls.o (__errno)
c:/program files (x86)/atollic/truestudio for stm32 9.3.0/armtools/bin/../lib/gcc/arm-atollic-eabi/6.3.1/../../../../arm-atollic-eabi/lib/armv7e-m/fpu\libc_nano.a(lib_a-impure.o)
                              c:/program files (x86)/atollic/truestudio for stm32 9.3.0/armtools/bin/../lib/gcc/arm-atollic-eabi/6.3.1/../../../../arm-atollic-eabi/lib/armv7e-m/fpu\libc_nano.a(lib_a-errno.o) (_impure_ptr)
c:/program files (x86)/atollic/truestudio for stm32 9.3.0/armtools/bin/../lib/gcc/arm-atollic-eabi/6.3.1/../../../../arm-atollic-eabi/lib/armv7e-m/fpu\libc_nano.a(lib_a-init.o)
                              startup\startup_stm32f411xe.o (__libc_init_array)
c:/program files (x86)/atollic/truestudio for stm32 9.3.0/armtools/bin/../lib/gcc/arm-atollic-eabi/6.3.1/../../../../arm-atollic-eabi/lib/armv7e-m/fpu\libc_nano.a(lib_a-malloc.o)
                              Middlewares\ST\STM32_USB_Host_Library\Class\CDC\Src\usbh_cdc.o (malloc)
c:/program files (x86)/atollic/truestudio for stm32 9.3.0/armtools/bin/../lib/gcc/arm-atollic-eabi/6.3.1/../../../../arm-atollic-eabi/lib/armv7e-m/fpu\libc_nano.a(lib_a-memset.o)
                              Src\main.o (memset)
c:/program files (x86)/atollic/truestudio for stm32 9.3.0/armtools/bin/../lib/gcc/arm-atollic-eabi/6.3.1/../../../../arm-atollic-eabi/lib/armv7e-m/fpu\libc_nano.a(lib_a-nano-freer.o)
                              c:/program files (x86)/atollic/truestudio for stm32 9.3.0/armtools/bin/../lib/gcc/arm-atollic-eabi/6.3.1/../../../../arm-atollic-eabi/lib/armv7e-m/fpu\libc_nano.a(lib_a-malloc.o) (_free_r)
c:/program files (x86)/atollic/truestudio for stm32 9.3.0/armtools/bin/../lib/gcc/arm-atollic-eabi/6.3.1/../../../../arm-atollic-eabi/lib/armv7e-m/fpu\libc_nano.a(lib_a-nano-mallocr.o)
                              c:/program files (x86)/atollic/truestudio for stm32 9.3.0/armtools/bin/../lib/gcc/arm-atollic-eabi/6.3.1/../../../../arm-atollic-eabi/lib/armv7e-m/fpu\libc_nano.a(lib_a-malloc.o) (_malloc_r)
c:/program files (x86)/atollic/truestudio for stm32 9.3.0/armtools/bin/../lib/gcc/arm-atollic-eabi/6.3.1/../../../../arm-atollic-eabi/lib/armv7e-m/fpu\libc_nano.a(lib_a-sbrkr.o)
                              c:/program files (x86)/atollic/truestudio for stm32 9.3.0/armtools/bin/../lib/gcc/arm-atollic-eabi/6.3.1/../../../../arm-atollic-eabi/lib/armv7e-m/fpu\libc_nano.a(lib_a-nano-mallocr.o) (_sbrk_r)
c:/program files (x86)/atollic/truestudio for stm32 9.3.0/armtools/bin/../lib/gcc/arm-atollic-eabi/6.3.1/../../../../arm-atollic-eabi/lib/armv7e-m/fpu\libc_nano.a(lib_a-snprintf.o)
                              Src\menu.o (snprintf)
c:/program files (x86)/atollic/truestudio for stm32 9.3.0/armtools/bin/../lib/gcc/arm-atollic-eabi/6.3.1/../../../../arm-atollic-eabi/lib/armv7e-m/fpu\libc_nano.a(lib_a-mlock.o)
                              c:/program files (x86)/atollic/truestudio for stm32 9.3.0/armtools/bin/../lib/gcc/arm-atollic-eabi/6.3.1/../../../../arm-atollic-eabi/lib/armv7e-m/fpu\libc_nano.a(lib_a-nano-freer.o) (__malloc_lock)
c:/program files (x86)/atollic/truestudio for stm32 9.3.0/armtools/bin/../lib/gcc/arm-atollic-eabi/6.3.1/../../../../arm-atollic-eabi/lib/armv7e-m/fpu\libc_nano.a(lib_a-nano-svfprintf.o)
                              c:/program files (x86)/atollic/truestudio for stm32 9.3.0/armtools/bin/../lib/gcc/arm-atollic-eabi/6.3.1/../../../../arm-atollic-eabi/lib/armv7e-m/fpu\libc_nano.a(lib_a-snprintf.o) (_svfprintf_r)
c:/program files (x86)/atollic/truestudio for stm32 9.3.0/armtools/bin/../lib/gcc/arm-atollic-eabi/6.3.1/../../../../arm-atollic-eabi/lib/armv7e-m/fpu\libc_nano.a(lib_a-nano-vfprintf_i.o)
                              c:/program files (x86)/atollic/truestudio for stm32 9.3.0/armtools/bin/../lib/gcc/arm-atollic-eabi/6.3.1/../../../../arm-atollic-eabi/lib/armv7e-m/fpu\libc_nano.a(lib_a-nano-svfprintf.o) (_printf_i)
c:/program files (x86)/atollic/truestudio for stm32 9.3.0/armtools/bin/../lib/gcc/arm-atollic-eabi/6.3.1/../../../../arm-atollic-eabi/lib/armv7e-m/fpu\libc_nano.a(lib_a-reent.o)
                              c:/program files (x86)/atollic/truestudio for stm32 9.3.0/armtools/bin/../lib/gcc/arm-atollic-eabi/6.3.1/../../../../arm-atollic-eabi/lib/armv7e-m/fpu\libc_nano.a(lib_a-sbrkr.o) (errno)
c:/program files (x86)/atollic/truestudio for stm32 9.3.0/armtools/bin/../lib/gcc/arm-atollic-eabi/6.3.1/../../../../arm-atollic-eabi/lib/armv7e-m/fpu\libc_nano.a(lib_a-memchr.o)
                              c:/program files (x86)/atollic/truestudio for stm32 9.3.0/armtools/bin/../lib/gcc/arm-atollic-eabi/6.3.1/../../../../arm-atollic-eabi/lib/armv7e-m/fpu\libc_nano.a(lib_a-nano-svfprintf.o) (memchr)
[...]
Memory Configuration

Name             Origin             Length             Attributes
RAM              0x20000000         0x00020000         xrw
FLASH            0x08000000         0x00080000         xr
*default*        0x00000000         0xffffffff

Linker script and memory map

LOAD c:/program files (x86)/atollic/truestudio for stm32 9.3.0/armtools/bin/../lib/gcc/arm-atollic-eabi/6.3.1/armv7e-m/fpu/crti.o
LOAD c:/program files (x86)/atollic/truestudio for stm32 9.3.0/armtools/bin/../lib/gcc/arm-atollic-eabi/6.3.1/armv7e-m/fpu/crtbegin.o
LOAD Drivers\STM32F4xx_HAL_Driver\Src\stm32f4xx_hal.o
LOAD Drivers\STM32F4xx_HAL_Driver\Src\stm32f4xx_hal_cortex.o
LOAD Drivers\STM32F4xx_HAL_Driver\Src\stm32f4xx_hal_dma.o
LOAD Drivers\STM32F4xx_HAL_Driver\Src\stm32f4xx_hal_dma_ex.o
LOAD Drivers\STM32F4xx_HAL_Driver\Src\stm32f4xx_hal_exti.o
LOAD Drivers\STM32F4xx_HAL_Driver\Src\stm32f4xx_hal_flash.o
LOAD Drivers\STM32F4xx_HAL_Driver\Src\stm32f4xx_hal_flash_ex.o
LOAD Drivers\STM32F4xx_HAL_Driver\Src\stm32f4xx_hal_flash_ramfunc.o
LOAD Drivers\STM32F4xx_HAL_Driver\Src\stm32f4xx_hal_gpio.o
LOAD Drivers\STM32F4xx_HAL_Driver\Src\stm32f4xx_hal_hcd.o
LOAD Drivers\STM32F4xx_HAL_Driver\Src\stm32f4xx_hal_i2c.o
LOAD Drivers\STM32F4xx_HAL_Driver\Src\stm32f4xx_hal_i2c_ex.o
LOAD Drivers\STM32F4xx_HAL_Driver\Src\stm32f4xx_hal_i2s.o
LOAD Drivers\STM32F4xx_HAL_Driver\Src\stm32f4xx_hal_i2s_ex.o
LOAD Drivers\STM32F4xx_HAL_Driver\Src\stm32f4xx_hal_pwr.o
LOAD Drivers\STM32F4xx_HAL_Driver\Src\stm32f4xx_hal_pwr_ex.o
LOAD Drivers\STM32F4xx_HAL_Driver\Src\stm32f4xx_hal_rcc.o
LOAD Drivers\STM32F4xx_HAL_Driver\Src\stm32f4xx_hal_rcc_ex.o
LOAD Drivers\STM32F4xx_HAL_Driver\Src\stm32f4xx_hal_spi.o
LOAD Drivers\STM32F4xx_HAL_Driver\Src\stm32f4xx_hal_tim.o
LOAD Drivers\STM32F4xx_HAL_Driver\Src\stm32f4xx_hal_tim_ex.o
LOAD Drivers\STM32F4xx_HAL_Driver\Src\stm32f4xx_ll_usb.o
LOAD Middlewares\ST\STM32_USB_Host_Library\Class\CDC\Src\usbh_cdc.o
LOAD Middlewares\ST\STM32_USB_Host_Library\Core\Src\usbh_core.o
LOAD Middlewares\ST\STM32_USB_Host_Library\Core\Src\usbh_ctlreq.o
LOAD Middlewares\ST\STM32_USB_Host_Library\Core\Src\usbh_ioreq.o
LOAD Middlewares\ST\STM32_USB_Host_Library\Core\Src\usbh_pipes.o
LOAD Src\fonts.o
LOAD Src\ili9341.o
LOAD Src\main.o
LOAD Src\menu.o
LOAD Src\stepperdrive.o
LOAD Src\stm32f4xx_hal_msp.o
LOAD Src\stm32f4xx_it.o
LOAD Src\syscalls.o
LOAD Src\system_stm32f4xx.o
LOAD Src\usb_host.o
LOAD Src\usbh_conf.o
LOAD Src\usbh_platform.o
LOAD startup\startup_stm32f411xe.o
                0x00000080                malloc_getpagesize_P = 0x80
START GROUP
LOAD c:/program files (x86)/atollic/truestudio for stm32 9.3.0/armtools/bin/../lib/gcc/arm-atollic-eabi/6.3.1/../../../../arm-atollic-eabi/lib/armv7e-m/fpu\libc_nano.a
LOAD c:/program files (x86)/atollic/truestudio for stm32 9.3.0/armtools/bin/../lib/gcc/arm-atollic-eabi/6.3.1/../../../../arm-atollic-eabi/lib/armv7e-m/fpu\libm.a
END GROUP
START GROUP
LOAD c:/program files (x86)/atollic/truestudio for stm32 9.3.0/armtools/bin/../lib/gcc/arm-atollic-eabi/6.3.1/armv7e-m/fpu\libgcc.a
LOAD c:/program files (x86)/atollic/truestudio for stm32 9.3.0/armtools/bin/../lib/gcc/arm-atollic-eabi/6.3.1/../../../../arm-atollic-eabi/lib/armv7e-m/fpu\libc_nano.a
END GROUP
START GROUP
LOAD c:/program files (x86)/atollic/truestudio for stm32 9.3.0/armtools/bin/../lib/gcc/arm-atollic-eabi/6.3.1/armv7e-m/fpu\libgcc.a
LOAD c:/program files (x86)/atollic/truestudio for stm32 9.3.0/armtools/bin/../lib/gcc/arm-atollic-eabi/6.3.1/../../../../arm-atollic-eabi/lib/armv7e-m/fpu\libc_nano.a
LOAD c:/program files (x86)/atollic/truestudio for stm32 9.3.0/armtools/bin/../lib/gcc/arm-atollic-eabi/6.3.1/../../../../arm-atollic-eabi/lib/armv7e-m/fpu\libnosys.a
END GROUP
START GROUP
LOAD c:/program files (x86)/atollic/truestudio for stm32 9.3.0/armtools/bin/../lib/gcc/arm-atollic-eabi/6.3.1/armv7e-m/fpu\libgcc.a
LOAD c:/program files (x86)/atollic/truestudio for stm32 9.3.0/armtools/bin/../lib/gcc/arm-atollic-eabi/6.3.1/../../../../arm-atollic-eabi/lib/armv7e-m/fpu\libc_nano.a
LOAD c:/program files (x86)/atollic/truestudio for stm32 9.3.0/armtools/bin/../lib/gcc/arm-atollic-eabi/6.3.1/../../../../arm-atollic-eabi/lib/armv7e-m/fpu\libnosys.a
END GROUP
LOAD c:/program files (x86)/atollic/truestudio for stm32 9.3.0/armtools/bin/../lib/gcc/arm-atollic-eabi/6.3.1/armv7e-m/fpu/crtend.o
LOAD c:/program files (x86)/atollic/truestudio for stm32 9.3.0/armtools/bin/../lib/gcc/arm-atollic-eabi/6.3.1/armv7e-m/fpu/crtn.o
                0x20020000                _estack = 0x20020000
                0x00000200                _Min_Heap_Size = 0x200
                0x00000400                _Min_Stack_Size = 0x400

.isr_vector     0x08000000      0x198
                0x08000000                . = ALIGN (0x4)
 *(.isr_vector)
 .isr_vector    0x08000000      0x198 startup\startup_stm32f411xe.o
                0x08000000                g_pfnVectors
                0x08000198                . = ALIGN (0x4)

.text           0x080001a0     0xc420
                0x080001a0                . = ALIGN (0x4)
 *(.text)
 .text          0x080001a0       0x40 c:/program files (x86)/atollic/truestudio for stm32 9.3.0/armtools/bin/../lib/gcc/arm-atollic-eabi/6.3.1/armv7e-m/fpu/crtbegin.o
 .text          0x080001e0       0xa0 c:/program files (x86)/atollic/truestudio for stm32 9.3.0/armtools/bin/../lib/gcc/arm-atollic-eabi/6.3.1/../../../../arm-atollic-eabi/lib/armv7e-m/fpu\libc_nano.a(lib_a-memchr.o)
                0x080001e0                memchr
 .text          0x08000280      0x370 c:/program files (x86)/atollic/truestudio for stm32 9.3.0/armtools/bin/../lib/gcc/arm-atollic-eabi/6.3.1/armv7e-m/fpu\libgcc.a(_arm_addsubdf3.o)
                0x08000280                __aeabi_drsub
                0x08000288                __aeabi_dsub
                0x08000288                __subdf3
                0x0800028c                __aeabi_dadd
                0x0800028c                __adddf3
                0x08000504                __floatunsidf
                0x08000504                __aeabi_ui2d
                0x08000524                __floatsidf
                0x08000524                __aeabi_i2d
                0x08000548                __aeabi_f2d
                0x08000548                __extendsfdf2
                0x08000584                __floatundidf
                0x08000584                __aeabi_ul2d
                0x08000594                __floatdidf
                0x08000594                __aeabi_l2d
 .text          0x080005f0      0x424 c:/program files (x86)/atollic/truestudio for stm32 9.3.0/armtools/bin/../lib/gcc/arm-atollic-eabi/6.3.1/armv7e-m/fpu\libgcc.a(_arm_muldivdf3.o)
                0x080005f0                __aeabi_dmul
                0x080005f0                __muldf3
                0x08000844                __divdf3
                0x08000844                __aeabi_ddiv
 .text          0x08000a14       0xa0 c:/program files (x86)/atollic/truestudio for stm32 9.3.0/armtools/bin/../lib/gcc/arm-atollic-eabi/6.3.1/armv7e-m/fpu\libgcc.a(_arm_truncdfsf2.o)
                0x08000a14                __truncdfsf2
                0x08000a14                __aeabi_d2f
 .text          0x08000ab4       0x30 c:/program files (x86)/atollic/truestudio for stm32 9.3.0/armtools/bin/../lib/gcc/arm-atollic-eabi/6.3.1/armv7e-m/fpu\libgcc.a(_aeabi_uldivmod.o)
                0x08000ab4                __aeabi_uldivmod
 .text          0x08000ae4      0x2dc c:/program files (x86)/atollic/truestudio for stm32 9.3.0/armtools/bin/../lib/gcc/arm-atollic-eabi/6.3.1/armv7e-m/fpu\libgcc.a(_udivmoddi4.o)
                0x08000ae4                __udivmoddi4
 .text          0x08000dc0        0x4 c:/program files (x86)/atollic/truestudio for stm32 9.3.0/armtools/bin/../lib/gcc/arm-atollic-eabi/6.3.1/armv7e-m/fpu\libgcc.a(_dvmd_tls.o)
                0x08000dc0                __aeabi_idiv0
                0x08000dc0                __aeabi_ldiv0
 *(.text*)
 .text.HAL_Init
                0x08000dc4       0x44 Drivers\STM32F4xx_HAL_Driver\Src\stm32f4xx_hal.o
                0x08000dc4                HAL_Init
 .text.HAL_InitTick
                0x08000e08       0x60 Drivers\STM32F4xx_HAL_Driver\Src\stm32f4xx_hal.o
                0x08000e08                HAL_InitTick
 .text.HAL_IncTick
                0x08000e68       0x28 Drivers\STM32F4xx_HAL_Driver\Src\stm32f4xx_hal.o
                0x08000e68                HAL_IncTick
 .text.HAL_GetTick
                0x08000e90       0x18 Drivers\STM32F4xx_HAL_Driver\Src\stm32f4xx_hal.o
                0x08000e90                HAL_GetTick
 .text.HAL_Delay
                0x08000ea8       0x44 Drivers\STM32F4xx_HAL_Driver\Src\stm32f4xx_hal.o
                0x08000ea8                HAL_Delay
 .text.__NVIC_SetPriorityGrouping
                0x08000eec       0x48 Drivers\STM32F4xx_HAL_Driver\Src\stm32f4xx_hal_cortex.o
 .text.__NVIC_GetPriorityGrouping
                0x08000f34       0x1c Drivers\STM32F4xx_HAL_Driver\Src\stm32f4xx_hal_cortex.o
 .text.__NVIC_EnableIRQ
                0x08000f50       0x3c Drivers\STM32F4xx_HAL_Driver\Src\stm32f4xx_hal_cortex.o
 .text.__NVIC_SetPriority
                0x08000f8c       0x54 Drivers\STM32F4xx_HAL_Driver\Src\stm32f4xx_hal_cortex.o
 .text.NVIC_EncodePriority
                0x08000fe0       0x62 Drivers\STM32F4xx_HAL_Driver\Src\stm32f4xx_hal_cortex.o
 *fill*         0x08001042        0x2 
 .text.SysTick_Config
                0x08001044       0x44 Drivers\STM32F4xx_HAL_Driver\Src\stm32f4xx_hal_cortex.o
 .text.HAL_NVIC_SetPriorityGrouping
                0x08001088       0x16 Drivers\STM32F4xx_HAL_Driver\Src\stm32f4xx_hal_cortex.o
                0x08001088                HAL_NVIC_SetPriorityGrouping
 .text.HAL_NVIC_SetPriority
                0x0800109e       0x38 Drivers\STM32F4xx_HAL_Driver\Src\stm32f4xx_hal_cortex.o
                0x0800109e                HAL_NVIC_SetPriority
 .text.HAL_NVIC_EnableIRQ
                0x080010d6       0x1c Drivers\STM32F4xx_HAL_Driver\Src\stm32f4xx_hal_cortex.o
                0x080010d6                HAL_NVIC_EnableIRQ
 .text.HAL_SYSTICK_Config
                0x080010f2       0x18 Drivers\STM32F4xx_HAL_Driver\Src\stm32f4xx_hal_cortex.o
                0x080010f2                HAL_SYSTICK_Config
 *fill*         0x0800110a        0x2 
 .text.HAL_DMA_Init
                0x0800110c      0x15c Drivers\STM32F4xx_HAL_Driver\Src\stm32f4xx_hal_dma.o
                0x0800110c                HAL_DMA_Init
 .text.HAL_DMA_Start_IT
                0x08001268       0xc0 Drivers\STM32F4xx_HAL_Driver\Src\stm32f4xx_hal_dma.o
                0x08001268                HAL_DMA_Start_IT
 .text.HAL_DMA_Abort_IT
                0x08001328       0x44 Drivers\STM32F4xx_HAL_Driver\Src\stm32f4xx_hal_dma.o
                0x08001328                HAL_DMA_Abort_IT
 .text.HAL_DMA_IRQHandler
                0x0800136c      0x314 Drivers\STM32F4xx_HAL_Driver\Src\stm32f4xx_hal_dma.o
                0x0800136c                HAL_DMA_IRQHandler
 .text.DMA_SetConfig
                0x08001680       0x5c Drivers\STM32F4xx_HAL_Driver\Src\stm32f4xx_hal_dma.o
 .text.DMA_CalcBaseAndBitshift
                0x080016dc       0x6c Drivers\STM32F4xx_HAL_Driver\Src\stm32f4xx_hal_dma.o
 .text.DMA_CheckFifoParam
                0x08001748       0xf4 Drivers\STM32F4xx_HAL_Driver\Src\stm32f4xx_hal_dma.o
 .text.HAL_FLASH_Program
                0x0800183c       0xa8 Drivers\STM32F4xx_HAL_Driver\Src\stm32f4xx_hal_flash.o
                0x0800183c                HAL_FLASH_Program
 .text.HAL_FLASH_Unlock
                0x080018e4       0x44 Drivers\STM32F4xx_HAL_Driver\Src\stm32f4xx_hal_flash.o
                0x080018e4                HAL_FLASH_Unlock
 .text.HAL_FLASH_Lock
                0x08001928       0x20 Drivers\STM32F4xx_HAL_Driver\Src\stm32f4xx_hal_flash.o
                0x08001928                HAL_FLASH_Lock
 .text.FLASH_WaitForLastOperation
                0x08001948       0x80 Drivers\STM32F4xx_HAL_Driver\Src\stm32f4xx_hal_flash.o
                0x08001948                FLASH_WaitForLastOperation
 .text.FLASH_Program_DoubleWord
                0x080019c8       0x58 Drivers\STM32F4xx_HAL_Driver\Src\stm32f4xx_hal_flash.o
 .text.FLASH_Program_Word
                0x08001a20       0x44 Drivers\STM32F4xx_HAL_Driver\Src\stm32f4xx_hal_flash.o
 .text.FLASH_Program_HalfWord
                0x08001a64       0x48 Drivers\STM32F4xx_HAL_Driver\Src\stm32f4xx_hal_flash.o
 .text.FLASH_Program_Byte
                0x08001aac       0x44 Drivers\STM32F4xx_HAL_Driver\Src\stm32f4xx_hal_flash.o
 .text.FLASH_SetErrorCode
                0x08001af0       0xcc Drivers\STM32F4xx_HAL_Driver\Src\stm32f4xx_hal_flash.o
 .text.FLASH_Erase_Sector
                0x08001bbc       0x90 Drivers\STM32F4xx_HAL_Driver\Src\stm32f4xx_hal_flash_ex.o
                0x08001bbc                FLASH_Erase_Sector
 .text.HAL_GPIO_Init
                0x08001c4c      0x304 Drivers\STM32F4xx_HAL_Driver\Src\stm32f4xx_hal_gpio.o
                0x08001c4c                HAL_GPIO_Init
 .text.HAL_GPIO_ReadPin
                0x08001f50       0x30 Drivers\STM32F4xx_HAL_Driver\Src\stm32f4xx_hal_gpio.o
                0x08001f50                HAL_GPIO_ReadPin
 .text.HAL_GPIO_WritePin
                0x08001f80       0x32 Drivers\STM32F4xx_HAL_Driver\Src\stm32f4xx_hal_gpio.o
                0x08001f80                HAL_GPIO_WritePin
 .text.HAL_GPIO_TogglePin
                0x08001fb2       0x36 Drivers\STM32F4xx_HAL_Driver\Src\stm32f4xx_hal_gpio.o
                0x08001fb2                HAL_GPIO_TogglePin
 .text.HAL_HCD_Init
                0x08001fe8       0xc4 Drivers\STM32F4xx_HAL_Driver\Src\stm32f4xx_hal_hcd.o
                0x08001fe8                HAL_HCD_Init
 .text.HAL_HCD_HC_Init
                0x080020ac      0x130 Drivers\STM32F4xx_HAL_Driver\Src\stm32f4xx_hal_hcd.o
                0x080020ac                HAL_HCD_HC_Init
 .text.HAL_HCD_HC_Halt
                0x080021dc       0x46 Drivers\STM32F4xx_HAL_Driver\Src\stm32f4xx_hal_hcd.o
                0x080021dc                HAL_HCD_HC_Halt
 *fill*         0x08002222        0x2 
 .text.HAL_HCD_HC_SubmitRequest
                0x08002224      0x2d0 Drivers\STM32F4xx_HAL_Driver\Src\stm32f4xx_hal_hcd.o
                0x08002224                HAL_HCD_HC_SubmitRequest
 .text.HAL_HCD_IRQHandler
                0x080024f4      0x20e Drivers\STM32F4xx_HAL_Driver\Src\stm32f4xx_hal_hcd.o
                0x080024f4                HAL_HCD_IRQHandler
 .text.HAL_HCD_Start
                0x08002702       0x46 Drivers\STM32F4xx_HAL_Driver\Src\stm32f4xx_hal_hcd.o
                0x08002702                HAL_HCD_Start
 .text.HAL_HCD_Stop
                0x08002748       0x3a Drivers\STM32F4xx_HAL_Driver\Src\stm32f4xx_hal_hcd.o
                0x08002748                HAL_HCD_Stop
 .text.HAL_HCD_ResetPort
                0x08002782       0x1c Drivers\STM32F4xx_HAL_Driver\Src\stm32f4xx_hal_hcd.o
                0x08002782                HAL_HCD_ResetPort
 .text.HAL_HCD_HC_GetURBState
                0x0800279e       0x2a Drivers\STM32F4xx_HAL_Driver\Src\stm32f4xx_hal_hcd.o
                0x0800279e                HAL_HCD_HC_GetURBState
 .text.HAL_HCD_HC_GetXferCount
                0x080027c8       0x2a Drivers\STM32F4xx_HAL_Driver\Src\stm32f4xx_hal_hcd.o
                0x080027c8                HAL_HCD_HC_GetXferCount
 .text.HAL_HCD_GetCurrentFrame
                0x080027f2       0x1c Drivers\STM32F4xx_HAL_Driver\Src\stm32f4xx_hal_hcd.o
                0x080027f2                HAL_HCD_GetCurrentFrame
 .text.HAL_HCD_GetCurrentSpeed
                0x0800280e       0x1c Drivers\STM32F4xx_HAL_Driver\Src\stm32f4xx_hal_hcd.o
                0x0800280e                HAL_HCD_GetCurrentSpeed
 .text.HCD_HC_IN_IRQHandler
                0x0800282a      0x742 Drivers\STM32F4xx_HAL_Driver\Src\stm32f4xx_hal_hcd.o
 .text.HCD_HC_OUT_IRQHandler
                0x08002f6c      0x6fe Drivers\STM32F4xx_HAL_Driver\Src\stm32f4xx_hal_hcd.o
 *fill*         0x0800366a        0x2 
 .text.HCD_RXQLVL_IRQHandler
                0x0800366c      0x158 Drivers\STM32F4xx_HAL_Driver\Src\stm32f4xx_hal_hcd.o
 .text.HCD_Port_IRQHandler
                0x080037c4      0x122 Drivers\STM32F4xx_HAL_Driver\Src\stm32f4xx_hal_hcd.o
 *fill*         0x080038e6        0x2 
 .text.HAL_I2C_Init
                0x080038e8      0x250 Drivers\STM32F4xx_HAL_Driver\Src\stm32f4xx_hal_i2c.o
                0x080038e8                HAL_I2C_Init
 .text.HAL_I2S_Init
                0x08003b38      0x280 Drivers\STM32F4xx_HAL_Driver\Src\stm32f4xx_hal_i2s.o
                0x08003b38                HAL_I2S_Init
 .text.HAL_I2S_TxCpltCallback
                0x08003db8       0x14 Drivers\STM32F4xx_HAL_Driver\Src\stm32f4xx_hal_i2s.o
                0x08003db8                HAL_I2S_TxCpltCallback
 .text.HAL_I2S_RxCpltCallback
                0x08003dcc       0x14 Drivers\STM32F4xx_HAL_Driver\Src\stm32f4xx_hal_i2s.o
                0x08003dcc                HAL_I2S_RxCpltCallback
 .text.HAL_I2S_ErrorCallback
                0x08003de0       0x14 Drivers\STM32F4xx_HAL_Driver\Src\stm32f4xx_hal_i2s.o
                0x08003de0                HAL_I2S_ErrorCallback
 .text.I2S_Transmit_IT
                0x08003df4       0x5c Drivers\STM32F4xx_HAL_Driver\Src\stm32f4xx_hal_i2s.o
 .text.I2S_Receive_IT
                0x08003e50       0x5e Drivers\STM32F4xx_HAL_Driver\Src\stm32f4xx_hal_i2s.o
 .text.I2S_IRQHandler
                0x08003eae      0x114 Drivers\STM32F4xx_HAL_Driver\Src\stm32f4xx_hal_i2s.o
 *fill*         0x08003fc2        0x2 
 .text.HAL_I2SEx_FullDuplex_IRQHandler
                0x08003fc4      0x2a8 Drivers\STM32F4xx_HAL_Driver\Src\stm32f4xx_hal_i2s_ex.o
                0x08003fc4                HAL_I2SEx_FullDuplex_IRQHandler
 .text.HAL_I2SEx_TxRxCpltCallback
                0x0800426c       0x14 Drivers\STM32F4xx_HAL_Driver\Src\stm32f4xx_hal_i2s_ex.o
                0x0800426c                HAL_I2SEx_TxRxCpltCallback
 .text.I2SEx_TxISR_I2S
                0x08004280       0x62 Drivers\STM32F4xx_HAL_Driver\Src\stm32f4xx_hal_i2s_ex.o
 *fill*         0x080042e2        0x2 
 .text.I2SEx_TxISR_I2SExt
                0x080042e4       0x94 Drivers\STM32F4xx_HAL_Driver\Src\stm32f4xx_hal_i2s_ex.o
 .text.I2SEx_RxISR_I2S
                0x08004378       0x64 Drivers\STM32F4xx_HAL_Driver\Src\stm32f4xx_hal_i2s_ex.o
 .text.I2SEx_RxISR_I2SExt
                0x080043dc       0x98 Drivers\STM32F4xx_HAL_Driver\Src\stm32f4xx_hal_i2s_ex.o
 .text.HAL_RCC_OscConfig
                0x08004474      0x484 Drivers\STM32F4xx_HAL_Driver\Src\stm32f4xx_hal_rcc.o
                0x08004474                HAL_RCC_OscConfig
 .text.HAL_RCC_ClockConfig
                0x080048f8      0x1c4 Drivers\STM32F4xx_HAL_Driver\Src\stm32f4xx_hal_rcc.o
                0x080048f8                HAL_RCC_ClockConfig
 .text.HAL_RCC_GetSysClockFreq
                0x08004abc      0x1b0 Drivers\STM32F4xx_HAL_Driver\Src\stm32f4xx_hal_rcc.o
                0x08004abc                HAL_RCC_GetSysClockFreq
 .text.HAL_RCC_GetHCLKFreq
                0x08004c6c       0x18 Drivers\STM32F4xx_HAL_Driver\Src\stm32f4xx_hal_rcc.o
                0x08004c6c                HAL_RCC_GetHCLKFreq
 .text.HAL_RCC_GetPCLK1Freq
                0x08004c84       0x28 Drivers\STM32F4xx_HAL_Driver\Src\stm32f4xx_hal_rcc.o
                0x08004c84                HAL_RCC_GetPCLK1Freq
 .text.HAL_RCCEx_PeriphCLKConfig
                0x08004cac      0x1e0 Drivers\STM32F4xx_HAL_Driver\Src\stm32f4xx_hal_rcc_ex.o
                0x08004cac                HAL_RCCEx_PeriphCLKConfig
 .text.HAL_RCCEx_GetPeriphCLKFreq
                0x08004e8c       0xbc Drivers\STM32F4xx_HAL_Driver\Src\stm32f4xx_hal_rcc_ex.o
                0x08004e8c                HAL_RCCEx_GetPeriphCLKFreq
 .text.HAL_SPI_Init
                0x08004f48       0xc6 Drivers\STM32F4xx_HAL_Driver\Src\stm32f4xx_hal_spi.o
                0x08004f48                HAL_SPI_Init
 .text.HAL_SPI_Transmit
                0x0800500e      0x264 Drivers\STM32F4xx_HAL_Driver\Src\stm32f4xx_hal_spi.o
                0x0800500e                HAL_SPI_Transmit
 *fill*         0x08005272        0x2 
 .text.HAL_SPI_Transmit_DMA
                0x08005274      0x15c Drivers\STM32F4xx_HAL_Driver\Src\stm32f4xx_hal_spi.o
                0x08005274                HAL_SPI_Transmit_DMA
 .text.HAL_SPI_IRQHandler
                0x080053d0      0x1ec Drivers\STM32F4xx_HAL_Driver\Src\stm32f4xx_hal_spi.o
                0x080053d0                HAL_SPI_IRQHandler
 .text.HAL_SPI_TxCpltCallback
                0x080055bc       0x14 Drivers\STM32F4xx_HAL_Driver\Src\stm32f4xx_hal_spi.o
                0x080055bc                HAL_SPI_TxCpltCallback
 .text.HAL_SPI_TxHalfCpltCallback
                0x080055d0       0x14 Drivers\STM32F4xx_HAL_Driver\Src\stm32f4xx_hal_spi.o
                0x080055d0                HAL_SPI_TxHalfCpltCallback
 .text.HAL_SPI_ErrorCallback
                0x080055e4       0x14 Drivers\STM32F4xx_HAL_Driver\Src\stm32f4xx_hal_spi.o
                0x080055e4                HAL_SPI_ErrorCallback
 .text.SPI_DMATransmitCplt
                0x080055f8       0xa8 Drivers\STM32F4xx_HAL_Driver\Src\stm32f4xx_hal_spi.o
 .text.SPI_DMAHalfTransmitCplt
                0x080056a0       0x1c Drivers\STM32F4xx_HAL_Driver\Src\stm32f4xx_hal_spi.o
 .text.SPI_DMAError
                0x080056bc       0x40 Drivers\STM32F4xx_HAL_Driver\Src\stm32f4xx_hal_spi.o
 .text.SPI_DMAAbortOnError
                0x080056fc       0x28 Drivers\STM32F4xx_HAL_Driver\Src\stm32f4xx_hal_spi.o
 .text.SPI_WaitFlagStateUntilTimeout
                0x08005724       0xd4 Drivers\STM32F4xx_HAL_Driver\Src\stm32f4xx_hal_spi.o
 .text.SPI_EndRxTxTransaction
                0x080057f8       0x84 Drivers\STM32F4xx_HAL_Driver\Src\stm32f4xx_hal_spi.o
 .text.HAL_TIM_Base_Init
                0x0800587c       0x56 Drivers\STM32F4xx_HAL_Driver\Src\stm32f4xx_hal_tim.o
                0x0800587c                HAL_TIM_Base_Init
 .text.HAL_TIM_Base_Start_IT
                0x080058d2       0x48 Drivers\STM32F4xx_HAL_Driver\Src\stm32f4xx_hal_tim.o
                0x080058d2                HAL_TIM_Base_Start_IT
 .text.HAL_TIM_Encoder_Init
                0x0800591a      0x124 Drivers\STM32F4xx_HAL_Driver\Src\stm32f4xx_hal_tim.o
                0x0800591a                HAL_TIM_Encoder_Init
 .text.HAL_TIM_IRQHandler
                0x08005a3e      0x210 Drivers\STM32F4xx_HAL_Driver\Src\stm32f4xx_hal_tim.o
                0x08005a3e                HAL_TIM_IRQHandler
 .text.HAL_TIM_ConfigClockSource
                0x08005c4e      0x16e Drivers\STM32F4xx_HAL_Driver\Src\stm32f4xx_hal_tim.o
                0x08005c4e                HAL_TIM_ConfigClockSource
 .text.HAL_TIM_OC_DelayElapsedCallback
                0x08005dbc       0x14 Drivers\STM32F4xx_HAL_Driver\Src\stm32f4xx_hal_tim.o
                0x08005dbc                HAL_TIM_OC_DelayElapsedCallback
 .text.HAL_TIM_IC_CaptureCallback
                0x08005dd0       0x14 Drivers\STM32F4xx_HAL_Driver\Src\stm32f4xx_hal_tim.o
                0x08005dd0                HAL_TIM_IC_CaptureCallback
 .text.HAL_TIM_PWM_PulseFinishedCallback
                0x08005de4       0x14 Drivers\STM32F4xx_HAL_Driver\Src\stm32f4xx_hal_tim.o
                0x08005de4                HAL_TIM_PWM_PulseFinishedCallback
 .text.HAL_TIM_TriggerCallback
                0x08005df8       0x14 Drivers\STM32F4xx_HAL_Driver\Src\stm32f4xx_hal_tim.o
                0x08005df8                HAL_TIM_TriggerCallback
 .text.TIM_Base_SetConfig
                0x08005e0c      0x100 Drivers\STM32F4xx_HAL_Driver\Src\stm32f4xx_hal_tim.o
                0x08005e0c                TIM_Base_SetConfig
 .text.TIM_TI1_ConfigInputStage
                0x08005f0c       0x5e Drivers\STM32F4xx_HAL_Driver\Src\stm32f4xx_hal_tim.o
 .text.TIM_TI2_ConfigInputStage
                0x08005f6a       0x60 Drivers\STM32F4xx_HAL_Driver\Src\stm32f4xx_hal_tim.o
 .text.TIM_ITRx_SetConfig
                0x08005fca       0x36 Drivers\STM32F4xx_HAL_Driver\Src\stm32f4xx_hal_tim.o
 .text.TIM_ETR_SetConfig
                0x08006000       0x40 Drivers\STM32F4xx_HAL_Driver\Src\stm32f4xx_hal_tim.o
                0x08006000                TIM_ETR_SetConfig
 .text.HAL_TIMEx_MasterConfigSynchronization
                0x08006040       0x8a Drivers\STM32F4xx_HAL_Driver\Src\stm32f4xx_hal_tim_ex.o
                0x08006040                HAL_TIMEx_MasterConfigSynchronization
 .text.HAL_TIMEx_CommutCallback
                0x080060ca       0x14 Drivers\STM32F4xx_HAL_Driver\Src\stm32f4xx_hal_tim_ex.o
                0x080060ca                HAL_TIMEx_CommutCallback
 .text.HAL_TIMEx_BreakCallback
                0x080060de       0x14 Drivers\STM32F4xx_HAL_Driver\Src\stm32f4xx_hal_tim_ex.o
                0x080060de                HAL_TIMEx_BreakCallback
 .text.USB_CoreInit
                0x080060f2       0xc2 Drivers\STM32F4xx_HAL_Driver\Src\stm32f4xx_ll_usb.o
                0x080060f2                USB_CoreInit
 .text.USB_EnableGlobalInt
                0x080061b4       0x22 Drivers\STM32F4xx_HAL_Driver\Src\stm32f4xx_ll_usb.o
                0x080061b4                USB_EnableGlobalInt
 .text.USB_DisableGlobalInt
                0x080061d6       0x22 Drivers\STM32F4xx_HAL_Driver\Src\stm32f4xx_ll_usb.o
                0x080061d6                USB_DisableGlobalInt
 .text.USB_SetCurrentMode
                0x080061f8       0x54 Drivers\STM32F4xx_HAL_Driver\Src\stm32f4xx_ll_usb.o
                0x080061f8                USB_SetCurrentMode
 .text.USB_FlushTxFifo
                0x0800624c       0x4c Drivers\STM32F4xx_HAL_Driver\Src\stm32f4xx_ll_usb.o
                0x0800624c                USB_FlushTxFifo
 .text.USB_FlushRxFifo
                0x08006298       0x44 Drivers\STM32F4xx_HAL_Driver\Src\stm32f4xx_ll_usb.o
                0x08006298                USB_FlushRxFifo
 .text.USB_WritePacket
                0x080062dc       0x6a Drivers\STM32F4xx_HAL_Driver\Src\stm32f4xx_ll_usb.o
                0x080062dc                USB_WritePacket
 .text.USB_ReadPacket
                0x08006346       0x52 Drivers\STM32F4xx_HAL_Driver\Src\stm32f4xx_ll_usb.o
                0x08006346                USB_ReadPacket
 .text.USB_ReadInterrupts
                0x08006398       0x26 Drivers\STM32F4xx_HAL_Driver\Src\stm32f4xx_ll_usb.o
                0x08006398                USB_ReadInterrupts
 .text.USB_GetMode
                0x080063be       0x1c Drivers\STM32F4xx_HAL_Driver\Src\stm32f4xx_ll_usb.o
                0x080063be                USB_GetMode
 *fill*         0x080063da        0x2 
 .text.USB_CoreReset
                0x080063dc       0x68 Drivers\STM32F4xx_HAL_Driver\Src\stm32f4xx_ll_usb.o
 .text.USB_HostInit
                0x08006444      0x17c Drivers\STM32F4xx_HAL_Driver\Src\stm32f4xx_ll_usb.o
                0x08006444                USB_HostInit
 .text.USB_InitFSLSPClkSel
                0x080065c0       0x78 Drivers\STM32F4xx_HAL_Driver\Src\stm32f4xx_ll_usb.o
                0x080065c0                USB_InitFSLSPClkSel
 .text.USB_ResetPort
                0x08006638       0x58 Drivers\STM32F4xx_HAL_Driver\Src\stm32f4xx_ll_usb.o
                0x08006638                USB_ResetPort
 .text.USB_DriveVbus
                0x08006690       0x76 Drivers\STM32F4xx_HAL_Driver\Src\stm32f4xx_ll_usb.o
                0x08006690                USB_DriveVbus
 .text.USB_GetHostSpeed
                0x08006706       0x2e Drivers\STM32F4xx_HAL_Driver\Src\stm32f4xx_ll_usb.o
                0x08006706                USB_GetHostSpeed
 .text.USB_GetCurrentFrame
                0x08006734       0x22 Drivers\STM32F4xx_HAL_Driver\Src\stm32f4xx_ll_usb.o
                0x08006734                USB_GetCurrentFrame
 *fill*         0x08006756        0x2 
 .text.USB_HC_Init
                0x08006758      0x224 Drivers\STM32F4xx_HAL_Driver\Src\stm32f4xx_ll_usb.o
                0x08006758                USB_HC_Init
 .text.USB_HC_StartXfer
                0x0800697c      0x290 Drivers\STM32F4xx_HAL_Driver\Src\stm32f4xx_ll_usb.o
                0x0800697c                USB_HC_StartXfer
 .text.USB_HC_ReadInterrupt
                0x08006c0c       0x22 Drivers\STM32F4xx_HAL_Driver\Src\stm32f4xx_ll_usb.o
                0x08006c0c                USB_HC_ReadInterrupt
 .text.USB_HC_Halt
                0x08006c2e      0x212 Drivers\STM32F4xx_HAL_Driver\Src\stm32f4xx_ll_usb.o
                0x08006c2e                USB_HC_Halt
 .text.USB_DoPing
                0x08006e40       0x78 Drivers\STM32F4xx_HAL_Driver\Src\stm32f4xx_ll_usb.o
                0x08006e40                USB_DoPing
 .text.USB_StopHost
                0x08006eb8      0x10c Drivers\STM32F4xx_HAL_Driver\Src\stm32f4xx_ll_usb.o
                0x08006eb8                USB_StopHost
 .text.USBH_CDC_InterfaceInit
                0x08006fc4      0x282 Middlewares\ST\STM32_USB_Host_Library\Class\CDC\Src\usbh_cdc.o
 .text.USBH_CDC_InterfaceDeInit
                0x08007246       0xb2 Middlewares\ST\STM32_USB_Host_Library\Class\CDC\Src\usbh_cdc.o
 .text.USBH_CDC_ClassRequest
                0x080072f8       0x42 Middlewares\ST\STM32_USB_Host_Library\Class\CDC\Src\usbh_cdc.o
 *fill*         0x0800733a        0x2 
 .text.USBH_CDC_Process
                0x0800733c      0x12c Middlewares\ST\STM32_USB_Host_Library\Class\CDC\Src\usbh_cdc.o
 .text.USBH_CDC_SOFProcess
                0x08007468       0x16 Middlewares\ST\STM32_USB_Host_Library\Class\CDC\Src\usbh_cdc.o
 .text.GetLineCoding
                0x0800747e       0x3e Middlewares\ST\STM32_USB_Host_Library\Class\CDC\Src\usbh_cdc.o
 .text.SetLineCoding
                0x080074bc       0x3e Middlewares\ST\STM32_USB_Host_Library\Class\CDC\Src\usbh_cdc.o
 .text.CDC_ProcessTransmission
                0x080074fa       0xf0 Middlewares\ST\STM32_USB_Host_Library\Class\CDC\Src\usbh_cdc.o
 .text.CDC_ProcessReception
                0x080075ea       0xb6 Middlewares\ST\STM32_USB_Host_Library\Class\CDC\Src\usbh_cdc.o
 .text.USBH_CDC_TransmitCallback
                0x080076a0       0x14 Middlewares\ST\STM32_USB_Host_Library\Class\CDC\Src\usbh_cdc.o
                0x080076a0                USBH_CDC_TransmitCallback
 .text.USBH_CDC_ReceiveCallback
                0x080076b4       0x14 Middlewares\ST\STM32_USB_Host_Library\Class\CDC\Src\usbh_cdc.o
                0x080076b4                USBH_CDC_ReceiveCallback
 .text.USBH_CDC_LineCodingChanged
                0x080076c8       0x14 Middlewares\ST\STM32_USB_Host_Library\Class\CDC\Src\usbh_cdc.o
                0x080076c8                USBH_CDC_LineCodingChanged
 .text.USBH_Init
                0x080076dc       0x54 Middlewares\ST\STM32_USB_Host_Library\Core\Src\usbh_core.o
                0x080076dc                USBH_Init
 .text.DeInitStateMachine
                0x08007730       0x92 Middlewares\ST\STM32_USB_Host_Library\Core\Src\usbh_core.o
 .text.USBH_RegisterClass
                0x080077c2       0x56 Middlewares\ST\STM32_USB_Host_Library\Core\Src\usbh_core.o
                0x080077c2                USBH_RegisterClass
 .text.USBH_SelectInterface
                0x08007818       0x38 Middlewares\ST\STM32_USB_Host_Library\Core\Src\usbh_core.o
                0x08007818                USBH_SelectInterface
 .text.USBH_FindInterface
                0x08007850       0x8c Middlewares\ST\STM32_USB_Host_Library\Core\Src\usbh_core.o
                0x08007850                USBH_FindInterface
 .text.USBH_Start
                0x080078dc       0x20 Middlewares\ST\STM32_USB_Host_Library\Core\Src\usbh_core.o
                0x080078dc                USBH_Start
 .text.USBH_Process
                0x080078fc      0x310 Middlewares\ST\STM32_USB_Host_Library\Core\Src\usbh_core.o
                0x080078fc                USBH_Process
 .text.USBH_HandleEnum
                0x08007c0c      0x234 Middlewares\ST\STM32_USB_Host_Library\Core\Src\usbh_core.o
 .text.USBH_LL_SetTimer
                0x08007e40       0x1e Middlewares\ST\STM32_USB_Host_Library\Core\Src\usbh_core.o
                0x08007e40                USBH_LL_SetTimer
 .text.USBH_LL_IncTimer
                0x08007e5e       0x24 Middlewares\ST\STM32_USB_Host_Library\Core\Src\usbh_core.o
                0x08007e5e                USBH_LL_IncTimer
 .text.USBH_HandleSof
                0x08007e82       0x30 Middlewares\ST\STM32_USB_Host_Library\Core\Src\usbh_core.o
 .text.USBH_LL_PortEnabled
                0x08007eb2       0x1c Middlewares\ST\STM32_USB_Host_Library\Core\Src\usbh_core.o
                0x08007eb2                USBH_LL_PortEnabled
 .text.USBH_LL_PortDisabled
                0x08007ece       0x1c Middlewares\ST\STM32_USB_Host_Library\Core\Src\usbh_core.o
                0x08007ece                USBH_LL_PortDisabled
 .text.USBH_IsPortEnabled
                0x08007eea       0x1a Middlewares\ST\STM32_USB_Host_Library\Core\Src\usbh_core.o
                0x08007eea                USBH_IsPortEnabled
 .text.USBH_LL_Connect
                0x08007f04       0x4c Middlewares\ST\STM32_USB_Host_Library\Core\Src\usbh_core.o
                0x08007f04                USBH_LL_Connect
 .text.USBH_LL_Disconnect
                0x08007f50       0x5a Middlewares\ST\STM32_USB_Host_Library\Core\Src\usbh_core.o
                0x08007f50                USBH_LL_Disconnect
 .text.USBH_Get_DevDesc
                0x08007faa       0x50 Middlewares\ST\STM32_USB_Host_Library\Core\Src\usbh_ctlreq.o
                0x08007faa                USBH_Get_DevDesc
 .text.USBH_Get_CfgDesc
                0x08007ffa       0x48 Middlewares\ST\STM32_USB_Host_Library\Core\Src\usbh_ctlreq.o
                0x08007ffa                USBH_Get_CfgDesc
 .text.USBH_Get_StringDesc
                0x08008042       0x56 Middlewares\ST\STM32_USB_Host_Library\Core\Src\usbh_ctlreq.o
                0x08008042                USBH_Get_StringDesc
 .text.USBH_GetDescriptor
                0x08008098       0x6a Middlewares\ST\STM32_USB_Host_Library\Core\Src\usbh_ctlreq.o
                0x08008098                USBH_GetDescriptor
 .text.USBH_SetAddress
                0x08008102       0x48 Middlewares\ST\STM32_USB_Host_Library\Core\Src\usbh_ctlreq.o
                0x08008102                USBH_SetAddress
 .text.USBH_SetCfg
                0x0800814a       0x46 Middlewares\ST\STM32_USB_Host_Library\Core\Src\usbh_ctlreq.o
                0x0800814a                USBH_SetCfg
 .text.USBH_SetFeature
                0x08008190       0x48 Middlewares\ST\STM32_USB_Host_Library\Core\Src\usbh_ctlreq.o
                0x08008190                USBH_SetFeature
 .text.USBH_ClrFeature
                0x080081d8       0x48 Middlewares\ST\STM32_USB_Host_Library\Core\Src\usbh_ctlreq.o
                0x080081d8                USBH_ClrFeature
 .text.USBH_ParseDevDesc
                0x08008220       0xe0 Middlewares\ST\STM32_USB_Host_Library\Core\Src\usbh_ctlreq.o
 .text.USBH_ParseCfgDesc
                0x08008300      0x144 Middlewares\ST\STM32_USB_Host_Library\Core\Src\usbh_ctlreq.o
 .text.USBH_ParseInterfaceDesc
                0x08008444       0x5e Middlewares\ST\STM32_USB_Host_Library\Core\Src\usbh_ctlreq.o
 .text.USBH_ParseEPDesc
                0x080084a2       0x5a Middlewares\ST\STM32_USB_Host_Library\Core\Src\usbh_ctlreq.o
 .text.USBH_ParseStringDesc
                0x080084fc       0x66 Middlewares\ST\STM32_USB_Host_Library\Core\Src\usbh_ctlreq.o
 .text.USBH_GetNextDesc
                0x08008562       0x36 Middlewares\ST\STM32_USB_Host_Library\Core\Src\usbh_ctlreq.o
                0x08008562                USBH_GetNextDesc
 .text.USBH_CtlReq
                0x08008598       0x94 Middlewares\ST\STM32_USB_Host_Library\Core\Src\usbh_ctlreq.o
                0x08008598                USBH_CtlReq
 .text.USBH_HandleControl
                0x0800862c      0x2d4 Middlewares\ST\STM32_USB_Host_Library\Core\Src\usbh_ctlreq.o
 .text.USBH_CtlSendSetup
                0x08008900       0x34 Middlewares\ST\STM32_USB_Host_Library\Core\Src\usbh_ioreq.o
                0x08008900                USBH_CtlSendSetup
 .text.USBH_CtlSendData
                0x08008934       0x4a Middlewares\ST\STM32_USB_Host_Library\Core\Src\usbh_ioreq.o
                0x08008934                USBH_CtlSendData
 .text.USBH_CtlReceiveData
                0x0800897e       0x3c Middlewares\ST\STM32_USB_Host_Library\Core\Src\usbh_ioreq.o
                0x0800897e                USBH_CtlReceiveData
 .text.USBH_BulkSendData
                0x080089ba       0x4a Middlewares\ST\STM32_USB_Host_Library\Core\Src\usbh_ioreq.o
                0x080089ba                USBH_BulkSendData
 .text.USBH_BulkReceiveData
                0x08008a04       0x3c Middlewares\ST\STM32_USB_Host_Library\Core\Src\usbh_ioreq.o
                0x08008a04                USBH_BulkReceiveData
 .text.USBH_OpenPipe
                0x08008a40       0x3e Middlewares\ST\STM32_USB_Host_Library\Core\Src\usbh_pipes.o
                0x08008a40                USBH_OpenPipe
 .text.USBH_ClosePipe
                0x08008a7e       0x20 Middlewares\ST\STM32_USB_Host_Library\Core\Src\usbh_pipes.o
                0x08008a7e                USBH_ClosePipe
 .text.USBH_AllocPipe
                0x08008a9e       0x3c Middlewares\ST\STM32_USB_Host_Library\Core\Src\usbh_pipes.o
                0x08008a9e                USBH_AllocPipe
 .text.USBH_FreePipe
                0x08008ada       0x38 Middlewares\ST\STM32_USB_Host_Library\Core\Src\usbh_pipes.o
                0x08008ada                USBH_FreePipe
 .text.USBH_GetFreePipe
                0x08008b12       0x46 Middlewares\ST\STM32_USB_Host_Library\Core\Src\usbh_pipes.o
 .text.ILI9341_Select
                0x08008b58       0x18 Src\ili9341.o
 .text.ILI9341_Unselect
                0x08008b70       0x18 Src\ili9341.o
                0x08008b70                ILI9341_Unselect
 .text.ILI9341_Reset
                0x08008b88       0x2c Src\ili9341.o
 .text.ILI9341_WriteCommand
                0x08008bb4       0x34 Src\ili9341.o
 .text.ILI9341_WriteData
                0x08008be8       0x7c Src\ili9341.o
 .text.ILI9341_SetAddressWindow
                0x08008c64       0x90 Src\ili9341.o
 .text.ILI9341_Init
                0x08008cf4      0x270 Src\ili9341.o
                0x08008cf4                ILI9341_Init
 .text.ILI9341_WriteChar
                0x08008f64      0x154 Src\ili9341.o
 .text.ILI9341_WriteString
                0x080090b8       0x96 Src\ili9341.o
                0x080090b8                ILI9341_WriteString
 *fill*         0x0800914e        0x2 
 .text.ILI9341_WriteChar8
                0x08009150      0x418 Src\ili9341.o
 .text.ILI9341_WriteString8
                0x08009568       0x98 Src\ili9341.o
                0x08009568                ILI9341_WriteString8
 .text.ILI9341_FillRectangle
                0x08009600      0x178 Src\ili9341.o
                0x08009600                ILI9341_FillRectangle
 .text.ILI9341_FillScreen
                0x08009778       0x24 Src\ili9341.o
                0x08009778                ILI9341_FillScreen
 .text.ILI9341_WriteChar_2
                0x0800979c      0x1a2 Src\ili9341.o
                0x0800979c                ILI9341_WriteChar_2
 *fill*         0x0800993e        0x2 
 .text.ILI9341_WriteNumber_float
                0x08009940      0x128 Src\ili9341.o
                0x08009940                ILI9341_WriteNumber_float
 .text.ILI9341_WriteNumber
                0x08009a68      0x220 Src\ili9341.o
                0x08009a68                ILI9341_WriteNumber
 .text.main     0x08009c88       0xb8 Src\main.o
                0x08009c88                main
 .text.SystemClock_Config
                0x08009d40      0x108 Src\main.o
                0x08009d40                SystemClock_Config
 .text.MX_I2C1_Init
                0x08009e48       0x5c Src\main.o
 .text.MX_I2S2_Init
                0x08009ea4       0x5c Src\main.o
 .text.MX_I2S3_Init
                0x08009f00       0x60 Src\main.o
 .text.MX_SPI4_Init
                0x08009f60       0x6c Src\main.o
 .text.MX_DMA_Init
                0x08009fcc       0x40 Src\main.o
 .text.MX_TIM1_Init
                0x0800a00c       0xb4 Src\main.o
 .text.MX_TIM2_Init
                0x0800a0c0       0xb0 Src\main.o
 .text.MX_TIM3_Init
                0x0800a170       0xac Src\main.o
 .text.MX_TIM4_Init
                0x0800a21c       0xb0 Src\main.o
 .text.MX_GPIO_Init
                0x0800a2cc      0x268 Src\main.o
 .text.Error_Handler
                0x0800a534        0xe Src\main.o
                0x0800a534                Error_Handler
 .text.FLASH_init
                0x0800a542        0xe Src\main.o
                0x0800a542                FLASH_init
 .text.flash_write
                0x0800a550       0x34 Src\menu.o
                0x0800a550                flash_write
 .text.readFromEEPROM
                0x0800a584       0x18 Src\menu.o
                0x0800a584                readFromEEPROM
 .text.ILI_Init
                0x0800a59c        0xc Src\menu.o
                0x0800a59c                ILI_Init
 .text.init_display
                0x0800a5a8        0xe Src\menu.o
                0x0800a5a8                init_display
 *fill*         0x0800a5b6        0x2 
 .text.data_init
                0x0800a5b8       0x60 Src\menu.o
                0x0800a5b8                data_init
 .text.render   0x0800a618      0x488 Src\menu.o
                0x0800a618                render
 .text.display_menu
                0x0800aaa0       0x24 Src\menu.o
                0x0800aaa0                display_menu
 .text.compute_rpm
                0x0800aac4       0xc0 Src\menu.o
                0x0800aac4                compute_rpm
 .text.init_stepperdrive
                0x0800ab84        0xc Src\menu.o
                0x0800ab84                init_stepperdrive
 .text.set_lock_nut
                0x0800ab90       0x2c Src\stepperdrive.o
                0x0800ab90                set_lock_nut
 .text.get_pitch_selection
                0x0800abbc       0x28 Src\stepperdrive.o
                0x0800abbc                get_pitch_selection
 .text.setFeedVal
                0x0800abe4       0x3c Src\stepperdrive.o
                0x0800abe4                setFeedVal
 .text.setDesiredPosition
                0x0800ac20       0x20 Src\stepperdrive.o
                0x0800ac20                setDesiredPosition
 .text.incrementCurrentPosition
                0x0800ac40       0x24 Src\stepperdrive.o
                0x0800ac40                incrementCurrentPosition
 .text.setCurrentPosition
                0x0800ac64       0x20 Src\stepperdrive.o
                0x0800ac64                setCurrentPosition
 .text.get_spindlePosition
                0x0800ac84       0x18 Src\stepperdrive.o
                0x0800ac84                get_spindlePosition
 .text.feedRatio
                0x0800ac9c       0x4c Src\stepperdrive.o
                0x0800ac9c                feedRatio
 .text.HAL_TIM_PeriodElapsedCallback
                0x0800ace8      0x218 Src\stepperdrive.o
                0x0800ace8                HAL_TIM_PeriodElapsedCallback
 .text.HAL_MspInit
                0x0800af00       0x50 Src\stm32f4xx_hal_msp.o
                0x0800af00                HAL_MspInit
 .text.HAL_I2C_MspInit
                0x0800af50       0x90 Src\stm32f4xx_hal_msp.o
                0x0800af50                HAL_I2C_MspInit
 .text.HAL_I2S_MspInit
                0x0800afe0      0x19c Src\stm32f4xx_hal_msp.o
                0x0800afe0                HAL_I2S_MspInit
 .text.HAL_SPI_MspInit
                0x0800b17c      0x170 Src\stm32f4xx_hal_msp.o
                0x0800b17c                HAL_SPI_MspInit
 .text.HAL_TIM_Encoder_MspInit
                0x0800b2ec      0x10c Src\stm32f4xx_hal_msp.o
                0x0800b2ec                HAL_TIM_Encoder_MspInit
 .text.HAL_TIM_Base_MspInit
                0x0800b3f8       0xb8 Src\stm32f4xx_hal_msp.o
                0x0800b3f8                HAL_TIM_Base_MspInit
 .text.NMI_Handler
                0x0800b4b0        0xe Src\stm32f4xx_it.o
                0x0800b4b0                NMI_Handler
 .text.HardFault_Handler
                0x0800b4be        0x6 Src\stm32f4xx_it.o
                0x0800b4be                HardFault_Handler
 .text.MemManage_Handler
                0x0800b4c4        0x6 Src\stm32f4xx_it.o
                0x0800b4c4                MemManage_Handler
 .text.BusFault_Handler
                0x0800b4ca        0x6 Src\stm32f4xx_it.o
                0x0800b4ca                BusFault_Handler
 .text.UsageFault_Handler
                0x0800b4d0        0x6 Src\stm32f4xx_it.o
                0x0800b4d0                UsageFault_Handler
 .text.SVC_Handler
                0x0800b4d6        0xe Src\stm32f4xx_it.o
                0x0800b4d6                SVC_Handler
 .text.DebugMon_Handler
                0x0800b4e4        0xe Src\stm32f4xx_it.o
                0x0800b4e4                DebugMon_Handler
 .text.PendSV_Handler
                0x0800b4f2        0xe Src\stm32f4xx_it.o
                0x0800b4f2                PendSV_Handler
 .text.SysTick_Handler
                0x0800b500        0xc Src\stm32f4xx_it.o
                0x0800b500                SysTick_Handler
 .text.TIM2_IRQHandler
                0x0800b50c       0x14 Src\stm32f4xx_it.o
                0x0800b50c                TIM2_IRQHandler
 .text.TIM3_IRQHandler
                0x0800b520       0x14 Src\stm32f4xx_it.o
                0x0800b520                TIM3_IRQHandler
 .text.TIM4_IRQHandler
                0x0800b534       0x14 Src\stm32f4xx_it.o
                0x0800b534                TIM4_IRQHandler
 .text.DMA2_Stream1_IRQHandler
                0x0800b548       0x1c Src\stm32f4xx_it.o
                0x0800b548                DMA2_Stream1_IRQHandler
 .text.OTG_FS_IRQHandler
                0x0800b564       0x14 Src\stm32f4xx_it.o
                0x0800b564                OTG_FS_IRQHandler
 .text.SPI4_IRQHandler
                0x0800b578       0x14 Src\stm32f4xx_it.o
                0x0800b578                SPI4_IRQHandler
 .text.get_spi4_dma_completed
                0x0800b58c       0x18 Src\stm32f4xx_it.o
                0x0800b58c                get_spi4_dma_completed
 .text._sbrk    0x0800b5a4       0x58 Src\syscalls.o
                0x0800b5a4                _sbrk
 .text.SystemInit
                0x0800b5fc       0x6c Src\system_stm32f4xx.o
                0x0800b5fc                SystemInit
 .text.MX_USB_HOST_Init
                0x0800b668       0x4c Src\usb_host.o
                0x0800b668                MX_USB_HOST_Init
 .text.MX_USB_HOST_Process
                0x0800b6b4       0x14 Src\usb_host.o
                0x0800b6b4                MX_USB_HOST_Process
 .text.USBH_UserProcess
                0x0800b6c8       0x5c Src\usb_host.o
 .text.HAL_HCD_MspInit
                0x0800b724       0xc4 Src\usbh_conf.o
                0x0800b724                HAL_HCD_MspInit
 .text.HAL_HCD_SOF_Callback
                0x0800b7e8       0x1c Src\usbh_conf.o
                0x0800b7e8                HAL_HCD_SOF_Callback
 .text.HAL_HCD_Connect_Callback
                0x0800b804       0x1c Src\usbh_conf.o
                0x0800b804                HAL_HCD_Connect_Callback
 .text.HAL_HCD_Disconnect_Callback
                0x0800b820       0x1c Src\usbh_conf.o
                0x0800b820                HAL_HCD_Disconnect_Callback
 .text.HAL_HCD_HC_NotifyURBChange_Callback
                0x0800b83c       0x1c Src\usbh_conf.o
                0x0800b83c                HAL_HCD_HC_NotifyURBChange_Callback
 .text.HAL_HCD_PortEnabled_Callback
                0x0800b858       0x1c Src\usbh_conf.o
                0x0800b858                HAL_HCD_PortEnabled_Callback
 .text.HAL_HCD_PortDisabled_Callback
                0x0800b874       0x1c Src\usbh_conf.o
                0x0800b874                HAL_HCD_PortDisabled_Callback
 .text.USBH_LL_Init
                0x0800b890       0x78 Src\usbh_conf.o
                0x0800b890                USBH_LL_Init
 .text.USBH_LL_Start
                0x0800b908       0x36 Src\usbh_conf.o
                0x0800b908                USBH_LL_Start
 .text.USBH_LL_Stop
                0x0800b93e       0x36 Src\usbh_conf.o
                0x0800b93e                USBH_LL_Stop
 .text.USBH_LL_GetSpeed
                0x0800b974       0x4a Src\usbh_conf.o
                0x0800b974                USBH_LL_GetSpeed
 .text.USBH_LL_ResetPort
                0x0800b9be       0x36 Src\usbh_conf.o
                0x0800b9be                USBH_LL_ResetPort
 .text.USBH_LL_GetLastXferSize
                0x0800b9f4       0x26 Src\usbh_conf.o
                0x0800b9f4                USBH_LL_GetLastXferSize
 .text.USBH_LL_OpenPipe
                0x0800ba1a       0x5e Src\usbh_conf.o
                0x0800ba1a                USBH_LL_OpenPipe
 .text.USBH_LL_ClosePipe
                0x0800ba78       0x3e Src\usbh_conf.o
                0x0800ba78                USBH_LL_ClosePipe
 .text.USBH_LL_SubmitURB
                0x0800bab6       0x62 Src\usbh_conf.o
                0x0800bab6                USBH_LL_SubmitURB
 .text.USBH_LL_GetURBState
                0x0800bb18       0x26 Src\usbh_conf.o
                0x0800bb18                USBH_LL_GetURBState
 .text.USBH_LL_DriverVBUS
                0x0800bb3e       0x2e Src\usbh_conf.o
                0x0800bb3e                USBH_LL_DriverVBUS
 .text.USBH_LL_SetToggle
                0x0800bb6c       0x66 Src\usbh_conf.o
                0x0800bb6c                USBH_LL_SetToggle
 .text.USBH_Delay
                0x0800bbd2       0x16 Src\usbh_conf.o
                0x0800bbd2                USBH_Delay
 .text.USBH_Get_USB_Status
                0x0800bbe8       0x58 Src\usbh_conf.o
                0x0800bbe8                USBH_Get_USB_Status
 .text.MX_DriverVbusFS
                0x0800bc40       0x38 Src\usbh_platform.o
                0x0800bc40                MX_DriverVbusFS
 .text.Reset_Handler
                0x0800bc78       0x50 startup\startup_stm32f411xe.o
                0x0800bc78                Reset_Handler
 .text.Default_Handler
                0x0800bcc8        0x2 startup\startup_stm32f411xe.o
                0x0800bcc8                RTC_Alarm_IRQHandler
                0x0800bcc8                EXTI2_IRQHandler
                0x0800bcc8                TIM1_CC_IRQHandler
                0x0800bcc8                DMA2_Stream5_IRQHandler
                0x0800bcc8                DMA1_Stream5_IRQHandler
                0x0800bcc8                PVD_IRQHandler
                0x0800bcc8                SDIO_IRQHandler
                0x0800bcc8                TAMP_STAMP_IRQHandler
                0x0800bcc8                EXTI3_IRQHandler
                0x0800bcc8                TIM1_UP_TIM10_IRQHandler
                0x0800bcc8                I2C3_ER_IRQHandler
                0x0800bcc8                EXTI0_IRQHandler
                0x0800bcc8                I2C2_EV_IRQHandler
                0x0800bcc8                DMA1_Stream2_IRQHandler
                0x0800bcc8                FPU_IRQHandler
                0x0800bcc8                DMA2_Stream2_IRQHandler
                0x0800bcc8                SPI1_IRQHandler
                0x0800bcc8                TIM1_BRK_TIM9_IRQHandler
                0x0800bcc8                DMA2_Stream3_IRQHandler
                0x0800bcc8                USART6_IRQHandler
                0x0800bcc8                DMA2_Stream0_IRQHandler
                0x0800bcc8                I2C1_EV_IRQHandler
                0x0800bcc8                DMA1_Stream6_IRQHandler
                0x0800bcc8                DMA1_Stream1_IRQHandler
                0x0800bcc8                RCC_IRQHandler
                0x0800bcc8                Default_Handler
                0x0800bcc8                EXTI15_10_IRQHandler
                0x0800bcc8                ADC_IRQHandler
                0x0800bcc8                DMA1_Stream7_IRQHandler
                0x0800bcc8                SPI5_IRQHandler
                0x0800bcc8                TIM5_IRQHandler
                0x0800bcc8                DMA2_Stream7_IRQHandler
                0x0800bcc8                I2C3_EV_IRQHandler
                0x0800bcc8                EXTI9_5_IRQHandler
                0x0800bcc8                RTC_WKUP_IRQHandler
                0x0800bcc8                SPI2_IRQHandler
                0x0800bcc8                DMA1_Stream0_IRQHandler
                0x0800bcc8                EXTI4_IRQHandler
                0x0800bcc8                WWDG_IRQHandler
                0x0800bcc8                OTG_FS_WKUP_IRQHandler
                0x0800bcc8                TIM1_TRG_COM_TIM11_IRQHandler
                0x0800bcc8                EXTI1_IRQHandler
                0x0800bcc8                USART2_IRQHandler
                0x0800bcc8                I2C2_ER_IRQHandler
                0x0800bcc8                FLASH_IRQHandler
                0x0800bcc8                DMA2_Stream4_IRQHandler
                0x0800bcc8                USART1_IRQHandler
                0x0800bcc8                SPI3_IRQHandler
                0x0800bcc8                DMA1_Stream4_IRQHandler
                0x0800bcc8                I2C1_ER_IRQHandler
                0x0800bcc8                DMA2_Stream6_IRQHandler
                0x0800bcc8                DMA1_Stream3_IRQHandler
 *fill*         0x0800bcca        0x2 
 .text.__errno  0x0800bccc        0xc c:/program files (x86)/atollic/truestudio for stm32 9.3.0/armtools/bin/../lib/gcc/arm-atollic-eabi/6.3.1/../../../../arm-atollic-eabi/lib/armv7e-m/fpu\libc_nano.a(lib_a-errno.o)
                0x0800bccc                __errno
 .text.__libc_init_array
                0x0800bcd8       0x48 c:/program files (x86)/atollic/truestudio for stm32 9.3.0/armtools/bin/../lib/gcc/arm-atollic-eabi/6.3.1/../../../../arm-atollic-eabi/lib/armv7e-m/fpu\libc_nano.a(lib_a-init.o)
                0x0800bcd8                __libc_init_array
 .text.malloc   0x0800bd20       0x10 c:/program files (x86)/atollic/truestudio for stm32 9.3.0/armtools/bin/../lib/gcc/arm-atollic-eabi/6.3.1/../../../../arm-atollic-eabi/lib/armv7e-m/fpu\libc_nano.a(lib_a-malloc.o)
                0x0800bd20                malloc
 .text.free     0x0800bd30       0x10 c:/program files (x86)/atollic/truestudio for stm32 9.3.0/armtools/bin/../lib/gcc/arm-atollic-eabi/6.3.1/../../../../arm-atollic-eabi/lib/armv7e-m/fpu\libc_nano.a(lib_a-malloc.o)
                0x0800bd30                free
 .text.memset   0x0800bd40       0x10 c:/program files (x86)/atollic/truestudio for stm32 9.3.0/armtools/bin/../lib/gcc/arm-atollic-eabi/6.3.1/../../../../arm-atollic-eabi/lib/armv7e-m/fpu\libc_nano.a(lib_a-memset.o)
                0x0800bd40                memset
 .text._free_r  0x0800bd50       0x9c c:/program files (x86)/atollic/truestudio for stm32 9.3.0/armtools/bin/../lib/gcc/arm-atollic-eabi/6.3.1/../../../../arm-atollic-eabi/lib/armv7e-m/fpu\libc_nano.a(lib_a-nano-freer.o)
                0x0800bd50                _free_r
 .text._malloc_r
                0x0800bdec       0xbc c:/program files (x86)/atollic/truestudio for stm32 9.3.0/armtools/bin/../lib/gcc/arm-atollic-eabi/6.3.1/../../../../arm-atollic-eabi/lib/armv7e-m/fpu\libc_nano.a(lib_a-nano-mallocr.o)
                0x0800bdec                _malloc_r
 .text._sbrk_r  0x0800bea8       0x20 c:/program files (x86)/atollic/truestudio for stm32 9.3.0/armtools/bin/../lib/gcc/arm-atollic-eabi/6.3.1/../../../../arm-atollic-eabi/lib/armv7e-m/fpu\libc_nano.a(lib_a-sbrkr.o)
                0x0800bea8                _sbrk_r
 .text.snprintf
                0x0800bec8       0x68 c:/program files (x86)/atollic/truestudio for stm32 9.3.0/armtools/bin/../lib/gcc/arm-atollic-eabi/6.3.1/../../../../arm-atollic-eabi/lib/armv7e-m/fpu\libc_nano.a(lib_a-snprintf.o)
                0x0800bec8                sniprintf
                0x0800bec8                snprintf
 .text.__malloc_lock
                0x0800bf30        0x2 c:/program files (x86)/atollic/truestudio for stm32 9.3.0/armtools/bin/../lib/gcc/arm-atollic-eabi/6.3.1/../../../../arm-atollic-eabi/lib/armv7e-m/fpu\libc_nano.a(lib_a-mlock.o)
                0x0800bf30                __malloc_lock
 .text.__malloc_unlock
                0x0800bf32        0x2 c:/program files (x86)/atollic/truestudio for stm32 9.3.0/armtools/bin/../lib/gcc/arm-atollic-eabi/6.3.1/../../../../arm-atollic-eabi/lib/armv7e-m/fpu\libc_nano.a(lib_a-mlock.o)
                0x0800bf32                __malloc_unlock
 .text.__ssputs_r
                0x0800bf34       0xb6 c:/program files (x86)/atollic/truestudio for stm32 9.3.0/armtools/bin/../lib/gcc/arm-atollic-eabi/6.3.1/../../../../arm-atollic-eabi/lib/armv7e-m/fpu\libc_nano.a(lib_a-nano-svfprintf.o)
                0x0800bf34                __ssputs_r
 *fill*         0x0800bfea        0x2 
 .text._svfprintf_r
                0x0800bfec      0x1e8 c:/program files (x86)/atollic/truestudio for stm32 9.3.0/armtools/bin/../lib/gcc/arm-atollic-eabi/6.3.1/../../../../arm-atollic-eabi/lib/armv7e-m/fpu\libc_nano.a(lib_a-nano-svfprintf.o)
                0x0800bfec                _svfiprintf_r
                0x0800bfec                _svfprintf_r
 .text._printf_common
                0x0800c1d4       0xec c:/program files (x86)/atollic/truestudio for stm32 9.3.0/armtools/bin/../lib/gcc/arm-atollic-eabi/6.3.1/../../../../arm-atollic-eabi/lib/armv7e-m/fpu\libc_nano.a(lib_a-nano-vfprintf_i.o)
                0x0800c1d4                _printf_common
 .text._printf_i
                0x0800c2c0      0x240 c:/program files (x86)/atollic/truestudio for stm32 9.3.0/armtools/bin/../lib/gcc/arm-atollic-eabi/6.3.1/../../../../arm-atollic-eabi/lib/armv7e-m/fpu\libc_nano.a(lib_a-nano-vfprintf_i.o)
                0x0800c2c0                _printf_i
 .text.memcpy   0x0800c500       0x16 c:/program files (x86)/atollic/truestudio for stm32 9.3.0/armtools/bin/../lib/gcc/arm-atollic-eabi/6.3.1/../../../../arm-atollic-eabi/lib/armv7e-m/fpu\libc_nano.a(lib_a-memcpy-stub.o)
                0x0800c500                memcpy
 .text.memmove  0x0800c516       0x34 c:/program files (x86)/atollic/truestudio for stm32 9.3.0/armtools/bin/../lib/gcc/arm-atollic-eabi/6.3.1/../../../../arm-atollic-eabi/lib/armv7e-m/fpu\libc_nano.a(lib_a-memmove.o)
                0x0800c516                memmove
 .text._realloc_r
                0x0800c54a       0x4c c:/program files (x86)/atollic/truestudio for stm32 9.3.0/armtools/bin/../lib/gcc/arm-atollic-eabi/6.3.1/../../../../arm-atollic-eabi/lib/armv7e-m/fpu\libc_nano.a(lib_a-nano-reallocr.o)
                0x0800c54a                _realloc_r
 .text._malloc_usable_size_r
                0x0800c596       0x12 c:/program files (x86)/atollic/truestudio for stm32 9.3.0/armtools/bin/../lib/gcc/arm-atollic-eabi/6.3.1/../../../../arm-atollic-eabi/lib/armv7e-m/fpu\libc_nano.a(lib_a-nano-msizer.o)
                0x0800c596                _malloc_usable_size_r
 *(.glue_7)
 .glue_7        0x0800c5a8        0x0 linker stubs
 *(.glue_7t)
 .glue_7t       0x0800c5a8        0x0 linker stubs
 *(.eh_frame)
 .eh_frame      0x0800c5a8        0x0 c:/program files (x86)/atollic/truestudio for stm32 9.3.0/armtools/bin/../lib/gcc/arm-atollic-eabi/6.3.1/armv7e-m/fpu/crtbegin.o
 *(.init)
 .init          0x0800c5a8        0x4 c:/program files (x86)/atollic/truestudio for stm32 9.3.0/armtools/bin/../lib/gcc/arm-atollic-eabi/6.3.1/armv7e-m/fpu/crti.o
                0x0800c5a8                _init
 .init          0x0800c5ac        0x8 c:/program files (x86)/atollic/truestudio for stm32 9.3.0/armtools/bin/../lib/gcc/arm-atollic-eabi/6.3.1/armv7e-m/fpu/crtn.o
 *(.fini)
 .fini          0x0800c5b4        0x4 c:/program files (x86)/atollic/truestudio for stm32 9.3.0/armtools/bin/../lib/gcc/arm-atollic-eabi/6.3.1/armv7e-m/fpu/crti.o
                0x0800c5b4                _fini
 .fini          0x0800c5b8        0x8 c:/program files (x86)/atollic/truestudio for stm32 9.3.0/armtools/bin/../lib/gcc/arm-atollic-eabi/6.3.1/armv7e-m/fpu/crtn.o
                0x0800c5c0                . = ALIGN (0x4)
                0x0800c5c0                _etext = .

.vfp11_veneer   0x0800c5c0        0x0
 .vfp11_veneer  0x0800c5c0        0x0 linker stubs

.v4_bx          0x0800c5c0        0x0
 .v4_bx         0x0800c5c0        0x0 linker stubs

.iplt           0x0800c5c0        0x0
 .iplt          0x0800c5c0        0x0 c:/program files (x86)/atollic/truestudio for stm32 9.3.0/armtools/bin/../lib/gcc/arm-atollic-eabi/6.3.1/armv7e-m/fpu/crtbegin.o

.rodata         0x0800c5c0     0xc50c
                0x0800c5c0                . = ALIGN (0x4)
 *(.rodata)
 .rodata        0x0800c5c0        0x4 Middlewares\ST\STM32_USB_Host_Library\Class\CDC\Src\usbh_cdc.o
 .rodata        0x0800c5c4       0x3b Src\ili9341.o
 *fill*         0x0800c5ff        0x1 
 .rodata        0x0800c600       0x45 Src\menu.o
 *(.rodata*)
 *fill*         0x0800c645        0x3 
 .rodata.flagBitshiftOffset.8480
                0x0800c648        0x8 Drivers\STM32F4xx_HAL_Driver\Src\stm32f4xx_hal_dma.o
 .rodata.Font11x18
                0x0800c650      0xd5c Src\fonts.o
 .rodata.Font16x26
                0x0800d3ac     0x134c Src\fonts.o
 .rodata.angelcode_28x47
                0x0800e6f8      0xeb0 Src\fonts.o
                0x0800e6f8                angelcode_28x47
 .rodata.FontLiberationMono50_Table
                0x0800f5a8     0x9470 Src\fonts.o
                0x0800f5a8                FontLiberationMono50_Table
 .rodata.pitch_selection_values
                0x08018a18       0x68 Src\stepperdrive.o
                0x08018a18                pitch_selection_values
 .rodata.AHBPrescTable
                0x08018a80       0x10 Src\system_stm32f4xx.o
                0x08018a80                AHBPrescTable
 .rodata.APBPrescTable
                0x08018a90        0x8 Src\system_stm32f4xx.o
                0x08018a90                APBPrescTable
 .rodata._svfprintf_r.str1.1
                0x08018a98       0x11 c:/program files (x86)/atollic/truestudio for stm32 9.3.0/armtools/bin/../lib/gcc/arm-atollic-eabi/6.3.1/../../../../arm-atollic-eabi/lib/armv7e-m/fpu\libc_nano.a(lib_a-nano-svfprintf.o)
 .rodata._printf_i.str1.1
                0x08018aa9       0x22 c:/program files (x86)/atollic/truestudio for stm32 9.3.0/armtools/bin/../lib/gcc/arm-atollic-eabi/6.3.1/../../../../arm-atollic-eabi/lib/armv7e-m/fpu\libc_nano.a(lib_a-nano-vfprintf_i.o)
                0x08018acc                . = ALIGN (0x4)
 *fill*         0x08018acb        0x1 

.ARM.extab
 *(.ARM.extab* .gnu.linkonce.armextab.*)

.ARM            0x08018acc        0x8
                0x08018acc                __exidx_start = .
 *(.ARM.exidx*)
 .ARM.exidx     0x08018acc        0x8 c:/program files (x86)/atollic/truestudio for stm32 9.3.0/armtools/bin/../lib/gcc/arm-atollic-eabi/6.3.1/armv7e-m/fpu\libgcc.a(_udivmoddi4.o)
                0x08018ad4                __exidx_end = .

.rel.dyn        0x08018ad4        0x0
 .rel.iplt      0x08018ad4        0x0 c:/program files (x86)/atollic/truestudio for stm32 9.3.0/armtools/bin/../lib/gcc/arm-atollic-eabi/6.3.1/armv7e-m/fpu/crtbegin.o

.preinit_array  0x08018ad4        0x0
                0x08018ad4                PROVIDE (__preinit_array_start, .)
 *(.preinit_array*)
                0x08018ad4                PROVIDE (__preinit_array_end, .)

.init_array     0x08018ad4        0x4
                0x08018ad4                PROVIDE (__init_array_start, .)
 *(SORT(.init_array.*))
 *(.init_array*)
 .init_array    0x08018ad4        0x4 c:/program files (x86)/atollic/truestudio for stm32 9.3.0/armtools/bin/../lib/gcc/arm-atollic-eabi/6.3.1/armv7e-m/fpu/crtbegin.o
                0x08018ad8                PROVIDE (__init_array_end, .)

.fini_array     0x08018ad8        0x4
                [!provide]                PROVIDE (__fini_array_start, .)
 *(SORT(.fini_array.*))
 *(.fini_array*)
 .fini_array    0x08018ad8        0x4 c:/program files (x86)/atollic/truestudio for stm32 9.3.0/armtools/bin/../lib/gcc/arm-atollic-eabi/6.3.1/armv7e-m/fpu/crtbegin.o
                [!provide]                PROVIDE (__fini_array_end, .)
                0x08018adc                _sidata = LOADADDR (.data)

.data           0x20000000       0xd0 load address 0x08018adc
                0x20000000                . = ALIGN (0x4)
                0x20000000                _sdata = .
 *(.data)
 *(.data*)
 .data.uwTickPrio
                0x20000000        0x4 Drivers\STM32F4xx_HAL_Driver\Src\stm32f4xx_hal.o
                0x20000000                uwTickPrio
 .data.uwTickFreq
                0x20000004        0x1 Drivers\STM32F4xx_HAL_Driver\Src\stm32f4xx_hal.o
                0x20000004                uwTickFreq
 *fill*         0x20000005        0x3 
 .data.CDC_Class
                0x20000008       0x20 Middlewares\ST\STM32_USB_Host_Library\Class\CDC\Src\usbh_cdc.o
                0x20000008                CDC_Class
 .data.Font_11x18
                0x20000028        0x8 Src\fonts.o
                0x20000028                Font_11x18
 .data.Font_16x26
                0x20000030        0x8 Src\fonts.o
                0x20000030                Font_16x26
 .data.angelcode_28x47_7seg
                0x20000038        0x8 Src\fonts.o
                0x20000038                angelcode_28x47_7seg
 .data.FontLiberationMono50
                0x20000040        0x8 Src\fonts.o
                0x20000040                FontLiberationMono50
 .data.previous_fast_btn_state
                0x20000048        0x1 Src\menu.o
                0x20000048                previous_fast_btn_state
 *fill*         0x20000049        0x3 
 .data.slow_pitch
                0x2000004c        0x4 Src\menu.o
                0x2000004c                slow_pitch
 .data.fast_pitch
                0x20000050        0x4 Src\menu.o
                0x20000050                fast_pitch
 .data.enabled  0x20000054        0x1 Src\stepperdrive.o
                0x20000054                enabled
 *fill*         0x20000055        0x3 
 .data.feed     0x20000058        0x4 Src\stepperdrive.o
                0x20000058                feed
 .data.feedDirection
                0x2000005c        0x2 Src\stepperdrive.o
                0x2000005c                feedDirection
 *fill*         0x2000005e        0x2 
 .data.feedval  0x20000060        0x4 Src\stepperdrive.o
                0x20000060                feedval
 .data.lock_nut
                0x20000064        0x1 Src\stepperdrive.o
                0x20000064                lock_nut
 *fill*         0x20000065        0x3 
 .data.SystemCoreClock
                0x20000068        0x4 Src\system_stm32f4xx.o
                0x20000068                SystemCoreClock
 .data._impure_ptr
                0x2000006c        0x4 c:/program files (x86)/atollic/truestudio for stm32 9.3.0/armtools/bin/../lib/gcc/arm-atollic-eabi/6.3.1/../../../../arm-atollic-eabi/lib/armv7e-m/fpu\libc_nano.a(lib_a-impure.o)
                0x2000006c                _impure_ptr
 .data.impure_data
                0x20000070       0x60 c:/program files (x86)/atollic/truestudio for stm32 9.3.0/armtools/bin/../lib/gcc/arm-atollic-eabi/6.3.1/../../../../arm-atollic-eabi/lib/armv7e-m/fpu\libc_nano.a(lib_a-impure.o)
                0x200000d0                . = ALIGN (0x4)
                0x200000d0                _edata = .

.igot.plt       0x200000d0        0x0 load address 0x08018bac
 .igot.plt      0x200000d0        0x0 c:/program files (x86)/atollic/truestudio for stm32 9.3.0/armtools/bin/../lib/gcc/arm-atollic-eabi/6.3.1/armv7e-m/fpu/crtbegin.o
                0x200000d0                . = ALIGN (0x4)

.bss            0x200000d0      0xa60 load address 0x08018bac
                0x200000d0                _sbss = .
                0x200000d0                __bss_start__ = _sbss
 *(.bss)
 .bss           0x200000d0       0x1c c:/program files (x86)/atollic/truestudio for stm32 9.3.0/armtools/bin/../lib/gcc/arm-atollic-eabi/6.3.1/armv7e-m/fpu/crtbegin.o
 *(.bss*)
 .bss.tmpreg.8636
                0x200000ec        0x4 Drivers\STM32F4xx_HAL_Driver\Src\stm32f4xx_ll_usb.o
 .bss.edit_state
                0x200000f0        0x1 Src\menu.o
                0x200000f0                edit_state
 .bss.previous_edit_state
                0x200000f1        0x1 Src\menu.o
                0x200000f1                previous_edit_state
 *fill*         0x200000f2        0x2 
 .bss.encoder_pos_raw
                0x200000f4        0x4 Src\menu.o
                0x200000f4                encoder_pos_raw
 .bss.menu_encoder_pos
                0x200000f8        0x4 Src\menu.o
                0x200000f8                menu_encoder_pos
 .bss.previous_encoder_value
                0x200000fc        0x4 Src\menu.o
                0x200000fc                previous_encoder_value
 .bss.rpm       0x20000100        0x4 Src\menu.o
                0x20000100                rpm
 .bss.update_counter
                0x20000104        0x4 Src\stepperdrive.o
                0x20000104                update_counter
 .bss.spindlePosition
                0x20000108        0x4 Src\stepperdrive.o
                0x20000108                spindlePosition
 .bss.spi4_dma_completed
                0x2000010c        0x1 Src\stm32f4xx_it.o
                0x2000010c                spi4_dma_completed
 *fill*         0x2000010d        0x3 
 .bss.heap_end.7010
                0x20000110        0x4 Src\syscalls.o
 .bss.Appli_state
                0x20000114        0x1 Src\usb_host.o
                0x20000114                Appli_state
 *fill*         0x20000115        0x3 
 .bss.__malloc_free_list
                0x20000118        0x4 c:/program files (x86)/atollic/truestudio for stm32 9.3.0/armtools/bin/../lib/gcc/arm-atollic-eabi/6.3.1/../../../../arm-atollic-eabi/lib/armv7e-m/fpu\libc_nano.a(lib_a-nano-mallocr.o)
                0x20000118                __malloc_free_list
 .bss.__malloc_sbrk_start
                0x2000011c        0x4 c:/program files (x86)/atollic/truestudio for stm32 9.3.0/armtools/bin/../lib/gcc/arm-atollic-eabi/6.3.1/../../../../arm-atollic-eabi/lib/armv7e-m/fpu\libc_nano.a(lib_a-nano-mallocr.o)
                0x2000011c                __malloc_sbrk_start
 *(COMMON)
 COMMON         0x20000120        0x4 Drivers\STM32F4xx_HAL_Driver\Src\stm32f4xx_hal.o
                0x20000120                uwTick
 COMMON         0x20000124       0x20 Drivers\STM32F4xx_HAL_Driver\Src\stm32f4xx_hal_flash.o
                0x20000124                pFlash
 COMMON         0x20000144        0x1 Src\ili9341.o
                0x20000144                errr
 *fill*         0x20000145        0x3 
 COMMON         0x20000148      0x2f5 Src\main.o
                0x20000148                htim4
                0x20000188                hi2c1
                0x200001dc                htim3
                0x2000021c                hdma_spi4_tx
                0x2000027c                hspi4
                0x200002d4                htim1
                0x20000314                hspi1
                0x2000036c                htim2
                0x200003ac                hi2s2
                0x200003f4                hi2s3
                0x2000043c                buttonDown
 *fill*         0x2000043d        0x3 
 COMMON         0x20000440       0x48 Src\menu.o
                0x20000440                Flash
                0x20000460                writestate
                0x20000464                display_menu_head
                0x20000468                nr_menuitem
                0x2000046c                set_actual_menu
                0x20000470                storedata
                0x20000474                previous_count
                0x20000478                parent_menu_encoder_state
                0x2000047c                count
                0x20000480                pitch
                0x20000484                value
 COMMON         0x20000488       0x14 Src\stepperdrive.o
                0x20000488                previousFeed
                0x2000048c                previousSpindlePosition
                0x20000490                state
                0x20000492                previousFeedDirection
                0x20000494                currentPosition
                0x20000498                desiredPosition
 COMMON         0x2000049c      0x3cc Src\usb_host.o
                0x2000049c                hUsbHostFS
 COMMON         0x20000868      0x2c4 Src\usbh_conf.o
                0x20000868                hhcd_USB_OTG_FS
 COMMON         0x20000b2c        0x4 c:/program files (x86)/atollic/truestudio for stm32 9.3.0/armtools/bin/../lib/gcc/arm-atollic-eabi/6.3.1/../../../../arm-atollic-eabi/lib/armv7e-m/fpu\libc_nano.a(lib_a-reent.o)
                0x20000b2c                errno
                0x20000b30                . = ALIGN (0x4)
                0x20000b30                _ebss = .
                0x20000b30                __bss_end__ = _ebss

._user_heap_stack
                0x20000b30      0x600 load address 0x08018bac
                0x20000b30                . = ALIGN (0x4)
                0x20000b30                PROVIDE (end, .)
                [!provide]                PROVIDE (_end, .)
                0x20000d30                . = (. + _Min_Heap_Size)
 *fill*         0x20000b30      0x200 
                0x20001130                . = (. + _Min_Stack_Size)
 *fill*         0x20000d30      0x400 
                0x20001130                . = ALIGN (0x4)

/DISCARD/
 libc.a(*)
 libm.a(*)
 libgcc.a(*)

.ARM.attributes
                0x00000000       0x30
 *(.ARM.attributes)
 .ARM.attributes
                0x00000000       0x22 c:/program files (x86)/atollic/truestudio for stm32 9.3.0/armtools/bin/../lib/gcc/arm-atollic-eabi/6.3.1/armv7e-m/fpu/crti.o
 .ARM.attributes
                0x00000022       0x34 c:/program files (x86)/atollic/truestudio for stm32 9.3.0/armtools/bin/../lib/gcc/arm-atollic-eabi/6.3.1/armv7e-m/fpu/crtbegin.o
 .ARM.attributes
                0x00000056       0x39 Drivers\STM32F4xx_HAL_Driver\Src\stm32f4xx_hal.o
 .ARM.attributes
                0x0000008f       0x39 Drivers\STM32F4xx_HAL_Driver\Src\stm32f4xx_hal_cortex.o
 .ARM.attributes
                0x000000c8       0x39 Drivers\STM32F4xx_HAL_Driver\Src\stm32f4xx_hal_dma.o
 .ARM.attributes
                0x00000101       0x39 Drivers\STM32F4xx_HAL_Driver\Src\stm32f4xx_hal_flash.o
 .ARM.attributes
                0x0000013a       0x39 Drivers\STM32F4xx_HAL_Driver\Src\stm32f4xx_hal_flash_ex.o
 .ARM.attributes
                0x00000173       0x39 Drivers\STM32F4xx_HAL_Driver\Src\stm32f4xx_hal_gpio.o
 .ARM.attributes
                0x000001ac       0x39 Drivers\STM32F4xx_HAL_Driver\Src\stm32f4xx_hal_hcd.o
 .ARM.attributes
                0x000001e5       0x39 Drivers\STM32F4xx_HAL_Driver\Src\stm32f4xx_hal_i2c.o
 .ARM.attributes
                0x0000021e       0x39 Drivers\STM32F4xx_HAL_Driver\Src\stm32f4xx_hal_i2s.o
 .ARM.attributes
                0x00000257       0x39 Drivers\STM32F4xx_HAL_Driver\Src\stm32f4xx_hal_i2s_ex.o
 .ARM.attributes
                0x00000290       0x39 Drivers\STM32F4xx_HAL_Driver\Src\stm32f4xx_hal_rcc.o
 .ARM.attributes
                0x000002c9       0x39 Drivers\STM32F4xx_HAL_Driver\Src\stm32f4xx_hal_rcc_ex.o
 .ARM.attributes
                0x00000302       0x39 Drivers\STM32F4xx_HAL_Driver\Src\stm32f4xx_hal_spi.o
 .ARM.attributes
                0x0000033b       0x39 Drivers\STM32F4xx_HAL_Driver\Src\stm32f4xx_hal_tim.o
 .ARM.attributes
                0x00000374       0x39 Drivers\STM32F4xx_HAL_Driver\Src\stm32f4xx_hal_tim_ex.o
 .ARM.attributes
                0x000003ad       0x39 Drivers\STM32F4xx_HAL_Driver\Src\stm32f4xx_ll_usb.o
 .ARM.attributes
                0x000003e6       0x39 Middlewares\ST\STM32_USB_Host_Library\Class\CDC\Src\usbh_cdc.o
 .ARM.attributes
                0x0000041f       0x39 Middlewares\ST\STM32_USB_Host_Library\Core\Src\usbh_core.o
 .ARM.attributes
                0x00000458       0x39 Middlewares\ST\STM32_USB_Host_Library\Core\Src\usbh_ctlreq.o
 .ARM.attributes
                0x00000491       0x39 Middlewares\ST\STM32_USB_Host_Library\Core\Src\usbh_ioreq.o
 .ARM.attributes
                0x000004ca       0x39 Middlewares\ST\STM32_USB_Host_Library\Core\Src\usbh_pipes.o
 .ARM.attributes
                0x00000503       0x39 Src\fonts.o
 .ARM.attributes
                0x0000053c       0x39 Src\ili9341.o
 .ARM.attributes
                0x00000575       0x39 Src\main.o
 .ARM.attributes
                0x000005ae       0x39 Src\menu.o
 .ARM.attributes
                0x000005e7       0x39 Src\stepperdrive.o
 .ARM.attributes
                0x00000620       0x39 Src\stm32f4xx_hal_msp.o
 .ARM.attributes
                0x00000659       0x39 Src\stm32f4xx_it.o
 .ARM.attributes
                0x00000692       0x39 Src\syscalls.o
 .ARM.attributes
                0x000006cb       0x39 Src\system_stm32f4xx.o
 .ARM.attributes
                0x00000704       0x39 Src\usb_host.o
 .ARM.attributes
                0x0000073d       0x39 Src\usbh_conf.o
 .ARM.attributes
                0x00000776       0x39 Src\usbh_platform.o
 .ARM.attributes
                0x000007af       0x21 startup\startup_stm32f411xe.o
 .ARM.attributes
                0x000007d0       0x34 c:/program files (x86)/atollic/truestudio for stm32 9.3.0/armtools/bin/../lib/gcc/arm-atollic-eabi/6.3.1/../../../../arm-atollic-eabi/lib/armv7e-m/fpu\libc_nano.a(lib_a-errno.o)
 .ARM.attributes
                0x00000804       0x34 c:/program files (x86)/atollic/truestudio for stm32 9.3.0/armtools/bin/../lib/gcc/arm-atollic-eabi/6.3.1/../../../../arm-atollic-eabi/lib/armv7e-m/fpu\libc_nano.a(lib_a-impure.o)
 .ARM.attributes
                0x00000838       0x34 c:/program files (x86)/atollic/truestudio for stm32 9.3.0/armtools/bin/../lib/gcc/arm-atollic-eabi/6.3.1/../../../../arm-atollic-eabi/lib/armv7e-m/fpu\libc_nano.a(lib_a-init.o)
 .ARM.attributes
                0x0000086c       0x34 c:/program files (x86)/atollic/truestudio for stm32 9.3.0/armtools/bin/../lib/gcc/arm-atollic-eabi/6.3.1/../../../../arm-atollic-eabi/lib/armv7e-m/fpu\libc_nano.a(lib_a-malloc.o)
 .ARM.attributes
                0x000008a0       0x34 c:/program files (x86)/atollic/truestudio for stm32 9.3.0/armtools/bin/../lib/gcc/arm-atollic-eabi/6.3.1/../../../../arm-atollic-eabi/lib/armv7e-m/fpu\libc_nano.a(lib_a-memset.o)
 .ARM.attributes
                0x000008d4       0x34 c:/program files (x86)/atollic/truestudio for stm32 9.3.0/armtools/bin/../lib/gcc/arm-atollic-eabi/6.3.1/../../../../arm-atollic-eabi/lib/armv7e-m/fpu\libc_nano.a(lib_a-nano-freer.o)
 .ARM.attributes
                0x00000908       0x34 c:/program files (x86)/atollic/truestudio for stm32 9.3.0/armtools/bin/../lib/gcc/arm-atollic-eabi/6.3.1/../../../../arm-atollic-eabi/lib/armv7e-m/fpu\libc_nano.a(lib_a-nano-mallocr.o)
 .ARM.attributes
                0x0000093c       0x34 c:/program files (x86)/atollic/truestudio for stm32 9.3.0/armtools/bin/../lib/gcc/arm-atollic-eabi/6.3.1/../../../../arm-atollic-eabi/lib/armv7e-m/fpu\libc_nano.a(lib_a-sbrkr.o)
 .ARM.attributes
                0x00000970       0x34 c:/program files (x86)/atollic/truestudio for stm32 9.3.0/armtools/bin/../lib/gcc/arm-atollic-eabi/6.3.1/../../../../arm-atollic-eabi/lib/armv7e-m/fpu\libc_nano.a(lib_a-snprintf.o)
 .ARM.attributes
                0x000009a4       0x34 c:/program files (x86)/atollic/truestudio for stm32 9.3.0/armtools/bin/../lib/gcc/arm-atollic-eabi/6.3.1/../../../../arm-atollic-eabi/lib/armv7e-m/fpu\libc_nano.a(lib_a-mlock.o)
 .ARM.attributes
                0x000009d8       0x34 c:/program files (x86)/atollic/truestudio for stm32 9.3.0/armtools/bin/../lib/gcc/arm-atollic-eabi/6.3.1/../../../../arm-atollic-eabi/lib/armv7e-m/fpu\libc_nano.a(lib_a-nano-svfprintf.o)
 .ARM.attributes
                0x00000a0c       0x34 c:/program files (x86)/atollic/truestudio for stm32 9.3.0/armtools/bin/../lib/gcc/arm-atollic-eabi/6.3.1/../../../../arm-atollic-eabi/lib/armv7e-m/fpu\libc_nano.a(lib_a-nano-vfprintf_i.o)
 .ARM.attributes
                0x00000a40       0x34 c:/program files (x86)/atollic/truestudio for stm32 9.3.0/armtools/bin/../lib/gcc/arm-atollic-eabi/6.3.1/../../../../arm-atollic-eabi/lib/armv7e-m/fpu\libc_nano.a(lib_a-reent.o)
 .ARM.attributes
                0x00000a74       0x20 c:/program files (x86)/atollic/truestudio for stm32 9.3.0/armtools/bin/../lib/gcc/arm-atollic-eabi/6.3.1/../../../../arm-atollic-eabi/lib/armv7e-m/fpu\libc_nano.a(lib_a-memchr.o)
 .ARM.attributes
                0x00000a94       0x34 c:/program files (x86)/atollic/truestudio for stm32 9.3.0/armtools/bin/../lib/gcc/arm-atollic-eabi/6.3.1/../../../../arm-atollic-eabi/lib/armv7e-m/fpu\libc_nano.a(lib_a-memcpy-stub.o)
 .ARM.attributes
                0x00000ac8       0x34 c:/program files (x86)/atollic/truestudio for stm32 9.3.0/armtools/bin/../lib/gcc/arm-atollic-eabi/6.3.1/../../../../arm-atollic-eabi/lib/armv7e-m/fpu\libc_nano.a(lib_a-memmove.o)
 .ARM.attributes
                0x00000afc       0x34 c:/program files (x86)/atollic/truestudio for stm32 9.3.0/armtools/bin/../lib/gcc/arm-atollic-eabi/6.3.1/../../../../arm-atollic-eabi/lib/armv7e-m/fpu\libc_nano.a(lib_a-nano-reallocr.o)
 .ARM.attributes
                0x00000b30       0x34 c:/program files (x86)/atollic/truestudio for stm32 9.3.0/armtools/bin/../lib/gcc/arm-atollic-eabi/6.3.1/../../../../arm-atollic-eabi/lib/armv7e-m/fpu\libc_nano.a(lib_a-nano-msizer.o)
 .ARM.attributes
                0x00000b64       0x22 c:/program files (x86)/atollic/truestudio for stm32 9.3.0/armtools/bin/../lib/gcc/arm-atollic-eabi/6.3.1/armv7e-m/fpu\libgcc.a(_arm_addsubdf3.o)
 .ARM.attributes
                0x00000b86       0x22 c:/program files (x86)/atollic/truestudio for stm32 9.3.0/armtools/bin/../lib/gcc/arm-atollic-eabi/6.3.1/armv7e-m/fpu\libgcc.a(_arm_muldivdf3.o)
 .ARM.attributes
                0x00000ba8       0x22 c:/program files (x86)/atollic/truestudio for stm32 9.3.0/armtools/bin/../lib/gcc/arm-atollic-eabi/6.3.1/armv7e-m/fpu\libgcc.a(_arm_truncdfsf2.o)
 .ARM.attributes
                0x00000bca       0x22 c:/program files (x86)/atollic/truestudio for stm32 9.3.0/armtools/bin/../lib/gcc/arm-atollic-eabi/6.3.1/armv7e-m/fpu\libgcc.a(_aeabi_uldivmod.o)
 .ARM.attributes
                0x00000bec       0x34 c:/program files (x86)/atollic/truestudio for stm32 9.3.0/armtools/bin/../lib/gcc/arm-atollic-eabi/6.3.1/armv7e-m/fpu\libgcc.a(_udivmoddi4.o)
 .ARM.attributes
                0x00000c20       0x22 c:/program files (x86)/atollic/truestudio for stm32 9.3.0/armtools/bin/../lib/gcc/arm-atollic-eabi/6.3.1/armv7e-m/fpu\libgcc.a(_dvmd_tls.o)
 .ARM.attributes
                0x00000c42       0x22 c:/program files (x86)/atollic/truestudio for stm32 9.3.0/armtools/bin/../lib/gcc/arm-atollic-eabi/6.3.1/armv7e-m/fpu/crtn.o
OUTPUT(stm32f411_leadscrew.elf elf32-littlearm)

.debug_info     0x00000000    0x23562
 .debug_info    0x00000000      0x8b4 Drivers\STM32F4xx_HAL_Driver\Src\stm32f4xx_hal.o
 .debug_info    0x000008b4      0xd47 Drivers\STM32F4xx_HAL_Driver\Src\stm32f4xx_hal_cortex.o
 .debug_info    0x000015fb      0x90b Drivers\STM32F4xx_HAL_Driver\Src\stm32f4xx_hal_dma.o
 .debug_info    0x00001f06      0x5b2 Drivers\STM32F4xx_HAL_Driver\Src\stm32f4xx_hal_flash.o
 .debug_info    0x000024b8      0x831 Drivers\STM32F4xx_HAL_Driver\Src\stm32f4xx_hal_flash_ex.o
 .debug_info    0x00002ce9      0x78b Drivers\STM32F4xx_HAL_Driver\Src\stm32f4xx_hal_gpio.o
 .debug_info    0x00003474      0xde4 Drivers\STM32F4xx_HAL_Driver\Src\stm32f4xx_hal_hcd.o
 .debug_info    0x00004258     0x2321 Drivers\STM32F4xx_HAL_Driver\Src\stm32f4xx_hal_i2c.o
 .debug_info    0x00006579      0xd83 Drivers\STM32F4xx_HAL_Driver\Src\stm32f4xx_hal_i2s.o
 .debug_info    0x000072fc      0xb19 Drivers\STM32F4xx_HAL_Driver\Src\stm32f4xx_hal_i2s_ex.o
 .debug_info    0x00007e15      0x8ce Drivers\STM32F4xx_HAL_Driver\Src\stm32f4xx_hal_rcc.o
 .debug_info    0x000086e3      0x5c6 Drivers\STM32F4xx_HAL_Driver\Src\stm32f4xx_hal_rcc_ex.o
 .debug_info    0x00008ca9     0x15de Drivers\STM32F4xx_HAL_Driver\Src\stm32f4xx_hal_spi.o
 .debug_info    0x0000a287     0x244a Drivers\STM32F4xx_HAL_Driver\Src\stm32f4xx_hal_tim.o
 .debug_info    0x0000c6d1     0x10fa Drivers\STM32F4xx_HAL_Driver\Src\stm32f4xx_hal_tim_ex.o
 .debug_info    0x0000d7cb     0x1888 Drivers\STM32F4xx_HAL_Driver\Src\stm32f4xx_ll_usb.o
 .debug_info    0x0000f053     0x1c7b Middlewares\ST\STM32_USB_Host_Library\Class\CDC\Src\usbh_cdc.o
 .debug_info    0x00010cce     0x184d Middlewares\ST\STM32_USB_Host_Library\Core\Src\usbh_core.o
 .debug_info    0x0001251b     0x191c Middlewares\ST\STM32_USB_Host_Library\Core\Src\usbh_ctlreq.o
 .debug_info    0x00013e37     0x1689 Middlewares\ST\STM32_USB_Host_Library\Core\Src\usbh_ioreq.o
 .debug_info    0x000154c0     0x14cc Middlewares\ST\STM32_USB_Host_Library\Core\Src\usbh_pipes.o
 .debug_info    0x0001698c      0x2ad Src\fonts.o
 .debug_info    0x00016c39     0x1379 Src\ili9341.o
 .debug_info    0x00017fb2     0x1a77 Src\main.o
 .debug_info    0x00019a29     0x1942 Src\menu.o
 .debug_info    0x0001b36b      0xbff Src\stepperdrive.o
 .debug_info    0x0001bf6a     0x1758 Src\stm32f4xx_hal_msp.o
 .debug_info    0x0001d6c2     0x1065 Src\stm32f4xx_it.o
 .debug_info    0x0001e727      0xf16 Src\syscalls.o
 .debug_info    0x0001f63d      0x52f Src\system_stm32f4xx.o
 .debug_info    0x0001fb6c     0x141f Src\usb_host.o
 .debug_info    0x00020f8b     0x233c Src\usbh_conf.o
 .debug_info    0x000232c7      0x22a Src\usbh_platform.o
 .debug_info    0x000234f1       0x71 startup\startup_stm32f411xe.o

.debug_abbrev   0x00000000     0x49c0
 .debug_abbrev  0x00000000      0x1f1 Drivers\STM32F4xx_HAL_Driver\Src\stm32f4xx_hal.o
 .debug_abbrev  0x000001f1      0x2f5 Drivers\STM32F4xx_HAL_Driver\Src\stm32f4xx_hal_cortex.o
 .debug_abbrev  0x000004e6      0x1ec Drivers\STM32F4xx_HAL_Driver\Src\stm32f4xx_hal_dma.o
 .debug_abbrev  0x000006d2      0x23f Drivers\STM32F4xx_HAL_Driver\Src\stm32f4xx_hal_flash.o
 .debug_abbrev  0x00000911      0x237 Drivers\STM32F4xx_HAL_Driver\Src\stm32f4xx_hal_flash_ex.o
 .debug_abbrev  0x00000b48      0x1c4 Drivers\STM32F4xx_HAL_Driver\Src\stm32f4xx_hal_gpio.o
 .debug_abbrev  0x00000d0c      0x250 Drivers\STM32F4xx_HAL_Driver\Src\stm32f4xx_hal_hcd.o
 .debug_abbrev  0x00000f5c      0x25e Drivers\STM32F4xx_HAL_Driver\Src\stm32f4xx_hal_i2c.o
 .debug_abbrev  0x000011ba      0x225 Drivers\STM32F4xx_HAL_Driver\Src\stm32f4xx_hal_i2s.o
 .debug_abbrev  0x000013df      0x250 Drivers\STM32F4xx_HAL_Driver\Src\stm32f4xx_hal_i2s_ex.o
 .debug_abbrev  0x0000162f      0x240 Drivers\STM32F4xx_HAL_Driver\Src\stm32f4xx_hal_rcc.o
 .debug_abbrev  0x0000186f      0x16e Drivers\STM32F4xx_HAL_Driver\Src\stm32f4xx_hal_rcc_ex.o
 .debug_abbrev  0x000019dd      0x23b Drivers\STM32F4xx_HAL_Driver\Src\stm32f4xx_hal_spi.o
 .debug_abbrev  0x00001c18      0x238 Drivers\STM32F4xx_HAL_Driver\Src\stm32f4xx_hal_tim.o
 .debug_abbrev  0x00001e50      0x226 Drivers\STM32F4xx_HAL_Driver\Src\stm32f4xx_hal_tim_ex.o
 .debug_abbrev  0x00002076      0x265 Drivers\STM32F4xx_HAL_Driver\Src\stm32f4xx_ll_usb.o
 .debug_abbrev  0x000022db      0x31b Middlewares\ST\STM32_USB_Host_Library\Class\CDC\Src\usbh_cdc.o
 .debug_abbrev  0x000025f6      0x375 Middlewares\ST\STM32_USB_Host_Library\Core\Src\usbh_core.o
 .debug_abbrev  0x0000296b      0x32e Middlewares\ST\STM32_USB_Host_Library\Core\Src\usbh_ctlreq.o
 .debug_abbrev  0x00002c99      0x28c Middlewares\ST\STM32_USB_Host_Library\Core\Src\usbh_ioreq.o
 .debug_abbrev  0x00002f25      0x2c4 Middlewares\ST\STM32_USB_Host_Library\Core\Src\usbh_pipes.o
 .debug_abbrev  0x000031e9       0xc7 Src\fonts.o
 .debug_abbrev  0x000032b0      0x259 Src\ili9341.o
 .debug_abbrev  0x00003509      0x222 Src\main.o
 .debug_abbrev  0x0000372b      0x26f Src\menu.o
 .debug_abbrev  0x0000399a      0x1fc Src\stepperdrive.o
 .debug_abbrev  0x00003b96      0x1f8 Src\stm32f4xx_hal_msp.o
 .debug_abbrev  0x00003d8e      0x1ed Src\stm32f4xx_it.o
 .debug_abbrev  0x00003f7b      0x271 Src\syscalls.o
 .debug_abbrev  0x000041ec      0x10e Src\system_stm32f4xx.o
 .debug_abbrev  0x000042fa      0x26a Src\usb_host.o
 .debug_abbrev  0x00004564      0x34b Src\usbh_conf.o
 .debug_abbrev  0x000048af       0xff Src\usbh_platform.o
 .debug_abbrev  0x000049ae       0x12 startup\startup_stm32f411xe.o

.debug_aranges  0x00000000     0x1ab8
 .debug_aranges
                0x00000000       0xf0 Drivers\STM32F4xx_HAL_Driver\Src\stm32f4xx_hal.o
 .debug_aranges
                0x000000f0      0x118 Drivers\STM32F4xx_HAL_Driver\Src\stm32f4xx_hal_cortex.o
 .debug_aranges
                0x00000208       0x90 Drivers\STM32F4xx_HAL_Driver\Src\stm32f4xx_hal_dma.o
 .debug_aranges
                0x00000298       0xa0 Drivers\STM32F4xx_HAL_Driver\Src\stm32f4xx_hal_flash.o
 .debug_aranges
                0x00000338       0xc8 Drivers\STM32F4xx_HAL_Driver\Src\stm32f4xx_hal_flash_ex.o
 .debug_aranges
                0x00000400       0x58 Drivers\STM32F4xx_HAL_Driver\Src\stm32f4xx_hal_gpio.o
 .debug_aranges
                0x00000458       0xf0 Drivers\STM32F4xx_HAL_Driver\Src\stm32f4xx_hal_hcd.o
 .debug_aranges
                0x00000548      0x290 Drivers\STM32F4xx_HAL_Driver\Src\stm32f4xx_hal_i2c.o
 .debug_aranges
                0x000007d8      0x108 Drivers\STM32F4xx_HAL_Driver\Src\stm32f4xx_hal_i2s.o
 .debug_aranges
                0x000008e0       0x88 Drivers\STM32F4xx_HAL_Driver\Src\stm32f4xx_hal_i2s_ex.o
 .debug_aranges
                0x00000968       0x88 Drivers\STM32F4xx_HAL_Driver\Src\stm32f4xx_hal_rcc.o
 .debug_aranges
                0x000009f0       0x50 Drivers\STM32F4xx_HAL_Driver\Src\stm32f4xx_hal_rcc_ex.o
 .debug_aranges
                0x00000a40      0x1d0 Drivers\STM32F4xx_HAL_Driver\Src\stm32f4xx_hal_spi.o
 .debug_aranges
                0x00000c10      0x3a8 Drivers\STM32F4xx_HAL_Driver\Src\stm32f4xx_hal_tim.o
 .debug_aranges
                0x00000fb8      0x150 Drivers\STM32F4xx_HAL_Driver\Src\stm32f4xx_hal_tim_ex.o
 .debug_aranges
                0x00001108      0x198 Drivers\STM32F4xx_HAL_Driver\Src\stm32f4xx_ll_usb.o
 .debug_aranges
                0x000012a0       0xa8 Middlewares\ST\STM32_USB_Host_Library\Class\CDC\Src\usbh_cdc.o
 .debug_aranges
                0x00001348       0xc0 Middlewares\ST\STM32_USB_Host_Library\Core\Src\usbh_core.o
 .debug_aranges
                0x00001408       0xa0 Middlewares\ST\STM32_USB_Host_Library\Core\Src\usbh_ctlreq.o
 .debug_aranges
                0x000014a8       0x60 Middlewares\ST\STM32_USB_Host_Library\Core\Src\usbh_ioreq.o
 .debug_aranges
                0x00001508       0x40 Middlewares\ST\STM32_USB_Host_Library\Core\Src\usbh_pipes.o
 .debug_aranges
                0x00001548       0x18 Src\fonts.o
 .debug_aranges
                0x00001560       0xb8 Src\ili9341.o
 .debug_aranges
                0x00001618       0x90 Src\main.o
 .debug_aranges
                0x000016a8       0x60 Src\menu.o
 .debug_aranges
                0x00001708       0x88 Src\stepperdrive.o
 .debug_aranges
                0x00001790       0x68 Src\stm32f4xx_hal_msp.o
 .debug_aranges
                0x000017f8       0x98 Src\stm32f4xx_it.o
 .debug_aranges
                0x00001890       0xb0 Src\syscalls.o
 .debug_aranges
                0x00001940       0x28 Src\system_stm32f4xx.o
 .debug_aranges
                0x00001968       0x30 Src\usb_host.o
 .debug_aranges
                0x00001998       0xd8 Src\usbh_conf.o
 .debug_aranges
                0x00001a70       0x20 Src\usbh_platform.o
 .debug_aranges
                0x00001a90       0x28 startup\startup_stm32f411xe.o

.debug_ranges   0x00000000     0x18b8
 .debug_ranges  0x00000000       0xe0 Drivers\STM32F4xx_HAL_Driver\Src\stm32f4xx_hal.o
 .debug_ranges  0x000000e0      0x108 Drivers\STM32F4xx_HAL_Driver\Src\stm32f4xx_hal_cortex.o
 .debug_ranges  0x000001e8       0x80 Drivers\STM32F4xx_HAL_Driver\Src\stm32f4xx_hal_dma.o
 .debug_ranges  0x00000268       0x90 Drivers\STM32F4xx_HAL_Driver\Src\stm32f4xx_hal_flash.o
 .debug_ranges  0x000002f8       0xb8 Drivers\STM32F4xx_HAL_Driver\Src\stm32f4xx_hal_flash_ex.o
 .debug_ranges  0x000003b0       0x48 Drivers\STM32F4xx_HAL_Driver\Src\stm32f4xx_hal_gpio.o
 .debug_ranges  0x000003f8       0xe0 Drivers\STM32F4xx_HAL_Driver\Src\stm32f4xx_hal_hcd.o
 .debug_ranges  0x000004d8      0x2a0 Drivers\STM32F4xx_HAL_Driver\Src\stm32f4xx_hal_i2c.o
 .debug_ranges  0x00000778       0xf8 Drivers\STM32F4xx_HAL_Driver\Src\stm32f4xx_hal_i2s.o
 .debug_ranges  0x00000870       0x78 Drivers\STM32F4xx_HAL_Driver\Src\stm32f4xx_hal_i2s_ex.o
 .debug_ranges  0x000008e8       0x78 Drivers\STM32F4xx_HAL_Driver\Src\stm32f4xx_hal_rcc.o
 .debug_ranges  0x00000960       0x40 Drivers\STM32F4xx_HAL_Driver\Src\stm32f4xx_hal_rcc_ex.o
 .debug_ranges  0x000009a0      0x1c0 Drivers\STM32F4xx_HAL_Driver\Src\stm32f4xx_hal_spi.o
 .debug_ranges  0x00000b60      0x398 Drivers\STM32F4xx_HAL_Driver\Src\stm32f4xx_hal_tim.o
 .debug_ranges  0x00000ef8      0x140 Drivers\STM32F4xx_HAL_Driver\Src\stm32f4xx_hal_tim_ex.o
 .debug_ranges  0x00001038      0x188 Drivers\STM32F4xx_HAL_Driver\Src\stm32f4xx_ll_usb.o
 .debug_ranges  0x000011c0       0x98 Middlewares\ST\STM32_USB_Host_Library\Class\CDC\Src\usbh_cdc.o
 .debug_ranges  0x00001258       0xb0 Middlewares\ST\STM32_USB_Host_Library\Core\Src\usbh_core.o