Archive member included to satisfy reference by file (symbol)

c:/program files (x86)/atollic/truestudio for stm32 9.0.1/armtools/bin/../lib/gcc/arm-atollic-eabi/6.3.1/../../../../arm-atollic-eabi/lib/armv7e-m/fpu\libc_nano.a(lib_a-errno.o)
                              Src\syscalls.o (__errno)
c:/program files (x86)/atollic/truestudio for stm32 9.0.1/armtools/bin/../lib/gcc/arm-atollic-eabi/6.3.1/../../../../arm-atollic-eabi/lib/armv7e-m/fpu\libc_nano.a(lib_a-impure.o)
                              c:/program files (x86)/atollic/truestudio for stm32 9.0.1/armtools/bin/../lib/gcc/arm-atollic-eabi/6.3.1/../../../../arm-atollic-eabi/lib/armv7e-m/fpu\libc_nano.a(lib_a-errno.o) (_impure_ptr)
c:/program files (x86)/atollic/truestudio for stm32 9.0.1/armtools/bin/../lib/gcc/arm-atollic-eabi/6.3.1/../../../../arm-atollic-eabi/lib/armv7e-m/fpu\libc_nano.a(lib_a-init.o)
                              startup\startup_stm32f411xe.o (__libc_init_array)
c:/program files (x86)/atollic/truestudio for stm32 9.0.1/armtools/bin/../lib/gcc/arm-atollic-eabi/6.3.1/../../../../arm-atollic-eabi/lib/armv7e-m/fpu\libc_nano.a(lib_a-malloc.o)
                              Middlewares\ST\STM32_USB_Host_Library\Class\CDC\Src\usbh_cdc.o (malloc)
c:/program files (x86)/atollic/truestudio for stm32 9.0.1/armtools/bin/../lib/gcc/arm-atollic-eabi/6.3.1/../../../../arm-atollic-eabi/lib/armv7e-m/fpu\libc_nano.a(lib_a-memset.o)
                              Src\main.o (memset)
c:/program files (x86)/atollic/truestudio for stm32 9.0.1/armtools/bin/../lib/gcc/arm-atollic-eabi/6.3.1/../../../../arm-atollic-eabi/lib/armv7e-m/fpu\libc_nano.a(lib_a-nano-freer.o)
                              c:/program files (x86)/atollic/truestudio for stm32 9.0.1/armtools/bin/../lib/gcc/arm-atollic-eabi/6.3.1/../../../../arm-atollic-eabi/lib/armv7e-m/fpu\libc_nano.a(lib_a-malloc.o) (_free_r)
c:/program files (x86)/atollic/truestudio for stm32 9.0.1/armtools/bin/../lib/gcc/arm-atollic-eabi/6.3.1/../../../../arm-atollic-eabi/lib/armv7e-m/fpu\libc_nano.a(lib_a-nano-mallocr.o)
                              c:/program files (x86)/atollic/truestudio for stm32 9.0.1/armtools/bin/../lib/gcc/arm-atollic-eabi/6.3.1/../../../../arm-atollic-eabi/lib/armv7e-m/fpu\libc_nano.a(lib_a-malloc.o) (_malloc_r)
c:/program files (x86)/atollic/truestudio for stm32 9.0.1/armtools/bin/../lib/gcc/arm-atollic-eabi/6.3.1/../../../../arm-atollic-eabi/lib/armv7e-m/fpu\libc_nano.a(lib_a-sbrkr.o)
                              c:/program files (x86)/atollic/truestudio for stm32 9.0.1/armtools/bin/../lib/gcc/arm-atollic-eabi/6.3.1/../../../../arm-atollic-eabi/lib/armv7e-m/fpu\libc_nano.a(lib_a-nano-mallocr.o) (_sbrk_r)
c:/program files (x86)/atollic/truestudio for stm32 9.0.1/armtools/bin/../lib/gcc/arm-atollic-eabi/6.3.1/../../../../arm-atollic-eabi/lib/armv7e-m/fpu\libc_nano.a(lib_a-snprintf.o)
                              Src\menu.o (snprintf)
c:/program files (x86)/atollic/truestudio for stm32 9.0.1/armtools/bin/../lib/gcc/arm-atollic-eabi/6.3.1/../../../../arm-atollic-eabi/lib/armv7e-m/fpu\libc_nano.a(lib_a-mlock.o)
                              c:/program files (x86)/atollic/truestudio for stm32 9.0.1/armtools/bin/../lib/gcc/arm-atollic-eabi/6.3.1/../../../../arm-atollic-eabi/lib/armv7e-m/fpu\libc_nano.a(lib_a-nano-freer.o) (__malloc_lock)
c:/program files (x86)/atollic/truestudio for stm32 9.0.1/armtools/bin/../lib/gcc/arm-atollic-eabi/6.3.1/../../../../arm-atollic-eabi/lib/armv7e-m/fpu\libc_nano.a(lib_a-nano-svfprintf.o)
                              c:/program files (x86)/atollic/truestudio for stm32 9.0.1/armtools/bin/../lib/gcc/arm-atollic-eabi/6.3.1/../../../../arm-atollic-eabi/lib/armv7e-m/fpu\libc_nano.a(lib_a-snprintf.o) (_svfprintf_r)
c:/program files (x86)/atollic/truestudio for stm32 9.0.1/armtools/bin/../lib/gcc/arm-atollic-eabi/6.3.1/../../../../arm-atollic-eabi/lib/armv7e-m/fpu\libc_nano.a(lib_a-nano-vfprintf_i.o)
                              c:/program files (x86)/atollic/truestudio for stm32 9.0.1/armtools/bin/../lib/gcc/arm-atollic-eabi/6.3.1/../../../../arm-atollic-eabi/lib/armv7e-m/fpu\libc_nano.a(lib_a-nano-svfprintf.o) (_printf_i)
c:/program files (x86)/atollic/truestudio for stm32 9.0.1/armtools/bin/../lib/gcc/arm-atollic-eabi/6.3.1/../../../../arm-atollic-eabi/lib/armv7e-m/fpu\libc_nano.a(lib_a-reent.o)
                              c:/program files (x86)/atollic/truestudio for stm32 9.0.1/armtools/bin/../lib/gcc/arm-atollic-eabi/6.3.1/../../../../arm-atollic-eabi/lib/armv7e-m/fpu\libc_nano.a(lib_a-sbrkr.o) (errno)
c:/program files (x86)/atollic/truestudio for stm32 9.0.1/armtools/bin/../lib/gcc/arm-atollic-eabi/6.3.1/../../../../arm-atollic-eabi/lib/armv7e-m/fpu\libc_nano.a(lib_a-memchr.o)
                              c:/program files (x86)/atollic/truestudio for stm32 9.0.1/armtools/bin/../lib/gcc/arm-atollic-eabi/6.3.1/../../../../arm-atollic-eabi/lib/armv7e-m/fpu\libc_nano.a(lib_a-nano-svfprintf.o) (memchr)
[...]
Memory Configuration

Name             Origin             Length             Attributes
RAM              0x20000000         0x00020000         xrw
FLASH            0x08000000         0x00080000         xr
*default*        0x00000000         0xffffffff

Linker script and memory map

LOAD c:/program files (x86)/atollic/truestudio for stm32 9.0.1/armtools/bin/../lib/gcc/arm-atollic-eabi/6.3.1/armv7e-m/fpu/crti.o
LOAD c:/program files (x86)/atollic/truestudio for stm32 9.0.1/armtools/bin/../lib/gcc/arm-atollic-eabi/6.3.1/armv7e-m/fpu/crtbegin.o
LOAD Drivers\STM32F4xx_HAL_Driver\Src\stm32f4xx_hal.o
LOAD Drivers\STM32F4xx_HAL_Driver\Src\stm32f4xx_hal_cortex.o
LOAD Drivers\STM32F4xx_HAL_Driver\Src\stm32f4xx_hal_dma.o
LOAD Drivers\STM32F4xx_HAL_Driver\Src\stm32f4xx_hal_dma_ex.o
LOAD Drivers\STM32F4xx_HAL_Driver\Src\stm32f4xx_hal_exti.o
LOAD Drivers\STM32F4xx_HAL_Driver\Src\stm32f4xx_hal_flash.o
LOAD Drivers\STM32F4xx_HAL_Driver\Src\stm32f4xx_hal_flash_ex.o
LOAD Drivers\STM32F4xx_HAL_Driver\Src\stm32f4xx_hal_flash_ramfunc.o
LOAD Drivers\STM32F4xx_HAL_Driver\Src\stm32f4xx_hal_gpio.o
LOAD Drivers\STM32F4xx_HAL_Driver\Src\stm32f4xx_hal_hcd.o
LOAD Drivers\STM32F4xx_HAL_Driver\Src\stm32f4xx_hal_i2c.o
LOAD Drivers\STM32F4xx_HAL_Driver\Src\stm32f4xx_hal_i2c_ex.o
LOAD Drivers\STM32F4xx_HAL_Driver\Src\stm32f4xx_hal_i2s.o
LOAD Drivers\STM32F4xx_HAL_Driver\Src\stm32f4xx_hal_i2s_ex.o
LOAD Drivers\STM32F4xx_HAL_Driver\Src\stm32f4xx_hal_pwr.o
LOAD Drivers\STM32F4xx_HAL_Driver\Src\stm32f4xx_hal_pwr_ex.o
LOAD Drivers\STM32F4xx_HAL_Driver\Src\stm32f4xx_hal_rcc.o
LOAD Drivers\STM32F4xx_HAL_Driver\Src\stm32f4xx_hal_rcc_ex.o
LOAD Drivers\STM32F4xx_HAL_Driver\Src\stm32f4xx_hal_spi.o
LOAD Drivers\STM32F4xx_HAL_Driver\Src\stm32f4xx_hal_tim.o
LOAD Drivers\STM32F4xx_HAL_Driver\Src\stm32f4xx_hal_tim_ex.o
LOAD Drivers\STM32F4xx_HAL_Driver\Src\stm32f4xx_ll_usb.o
LOAD Middlewares\ST\STM32_USB_Host_Library\Class\CDC\Src\usbh_cdc.o
LOAD Middlewares\ST\STM32_USB_Host_Library\Core\Src\usbh_core.o
LOAD Middlewares\ST\STM32_USB_Host_Library\Core\Src\usbh_ctlreq.o
LOAD Middlewares\ST\STM32_USB_Host_Library\Core\Src\usbh_ioreq.o
LOAD Middlewares\ST\STM32_USB_Host_Library\Core\Src\usbh_pipes.o
LOAD Src\fonts.o
LOAD Src\ili9341.o
LOAD Src\main.o
LOAD Src\menu.o
LOAD Src\stm32f4xx_hal_msp.o
LOAD Src\stm32f4xx_it.o
LOAD Src\syscalls.o
LOAD Src\system_stm32f4xx.o
LOAD Src\usb_host.o
LOAD Src\usbh_conf.o
LOAD Src\usbh_platform.o
LOAD startup\startup_stm32f411xe.o
                0x00000080                malloc_getpagesize_P = 0x80
START GROUP
LOAD c:/program files (x86)/atollic/truestudio for stm32 9.0.1/armtools/bin/../lib/gcc/arm-atollic-eabi/6.3.1/../../../../arm-atollic-eabi/lib/armv7e-m/fpu\libc_nano.a
LOAD c:/program files (x86)/atollic/truestudio for stm32 9.0.1/armtools/bin/../lib/gcc/arm-atollic-eabi/6.3.1/../../../../arm-atollic-eabi/lib/armv7e-m/fpu\libm.a
END GROUP
START GROUP
LOAD c:/program files (x86)/atollic/truestudio for stm32 9.0.1/armtools/bin/../lib/gcc/arm-atollic-eabi/6.3.1/armv7e-m/fpu\libgcc.a
LOAD c:/program files (x86)/atollic/truestudio for stm32 9.0.1/armtools/bin/../lib/gcc/arm-atollic-eabi/6.3.1/../../../../arm-atollic-eabi/lib/armv7e-m/fpu\libc_nano.a
END GROUP
START GROUP
LOAD c:/program files (x86)/atollic/truestudio for stm32 9.0.1/armtools/bin/../lib/gcc/arm-atollic-eabi/6.3.1/armv7e-m/fpu\libgcc.a
LOAD c:/program files (x86)/atollic/truestudio for stm32 9.0.1/armtools/bin/../lib/gcc/arm-atollic-eabi/6.3.1/../../../../arm-atollic-eabi/lib/armv7e-m/fpu\libc_nano.a
LOAD c:/program files (x86)/atollic/truestudio for stm32 9.0.1/armtools/bin/../lib/gcc/arm-atollic-eabi/6.3.1/../../../../arm-atollic-eabi/lib/armv7e-m/fpu\libnosys.a
END GROUP
START GROUP
LOAD c:/program files (x86)/atollic/truestudio for stm32 9.0.1/armtools/bin/../lib/gcc/arm-atollic-eabi/6.3.1/armv7e-m/fpu\libgcc.a
LOAD c:/program files (x86)/atollic/truestudio for stm32 9.0.1/armtools/bin/../lib/gcc/arm-atollic-eabi/6.3.1/../../../../arm-atollic-eabi/lib/armv7e-m/fpu\libc_nano.a
LOAD c:/program files (x86)/atollic/truestudio for stm32 9.0.1/armtools/bin/../lib/gcc/arm-atollic-eabi/6.3.1/../../../../arm-atollic-eabi/lib/armv7e-m/fpu\libnosys.a
END GROUP
LOAD c:/program files (x86)/atollic/truestudio for stm32 9.0.1/armtools/bin/../lib/gcc/arm-atollic-eabi/6.3.1/armv7e-m/fpu/crtend.o
LOAD c:/program files (x86)/atollic/truestudio for stm32 9.0.1/armtools/bin/../lib/gcc/arm-atollic-eabi/6.3.1/armv7e-m/fpu/crtn.o
                0x20020000                _estack = 0x20020000
                0x00000200                _Min_Heap_Size = 0x200
                0x00000400                _Min_Stack_Size = 0x400

.isr_vector     0x08000000      0x198
                0x08000000                . = ALIGN (0x4)
 *(.isr_vector)
 .isr_vector    0x08000000      0x198 startup\startup_stm32f411xe.o
                0x08000000                g_pfnVectors
                0x08000198                . = ALIGN (0x4)

.text           0x080001a0     0x6470
                0x080001a0                . = ALIGN (0x4)
 *(.text)
 .text          0x080001a0       0x40 c:/program files (x86)/atollic/truestudio for stm32 9.0.1/armtools/bin/../lib/gcc/arm-atollic-eabi/6.3.1/armv7e-m/fpu/crtbegin.o
 .text          0x080001e0       0xa0 c:/program files (x86)/atollic/truestudio for stm32 9.0.1/armtools/bin/../lib/gcc/arm-atollic-eabi/6.3.1/../../../../arm-atollic-eabi/lib/armv7e-m/fpu\libc_nano.a(lib_a-memchr.o)
                0x080001e0                memchr
 .text          0x08000280       0x30 c:/program files (x86)/atollic/truestudio for stm32 9.0.1/armtools/bin/../lib/gcc/arm-atollic-eabi/6.3.1/armv7e-m/fpu\libgcc.a(_aeabi_uldivmod.o)
                0x08000280                __aeabi_uldivmod
 .text          0x080002b0      0x2dc c:/program files (x86)/atollic/truestudio for stm32 9.0.1/armtools/bin/../lib/gcc/arm-atollic-eabi/6.3.1/armv7e-m/fpu\libgcc.a(_udivmoddi4.o)
                0x080002b0                __udivmoddi4
 .text          0x0800058c        0x4 c:/program files (x86)/atollic/truestudio for stm32 9.0.1/armtools/bin/../lib/gcc/arm-atollic-eabi/6.3.1/armv7e-m/fpu\libgcc.a(_dvmd_tls.o)
                0x0800058c                __aeabi_idiv0
                0x0800058c                __aeabi_ldiv0
 *(.text*)
 .text.HAL_InitTick
                0x08000590       0x48 Drivers\STM32F4xx_HAL_Driver\Src\stm32f4xx_hal.o
                0x08000590                HAL_InitTick
 .text.HAL_Init
                0x080005d8       0x34 Drivers\STM32F4xx_HAL_Driver\Src\stm32f4xx_hal.o
                0x080005d8                HAL_Init
 .text.HAL_IncTick
                0x0800060c       0x18 Drivers\STM32F4xx_HAL_Driver\Src\stm32f4xx_hal.o
                0x0800060c                HAL_IncTick
 .text.HAL_GetTick
                0x08000624        0xc Drivers\STM32F4xx_HAL_Driver\Src\stm32f4xx_hal.o
                0x08000624                HAL_GetTick
 .text.HAL_Delay
                0x08000630       0x28 Drivers\STM32F4xx_HAL_Driver\Src\stm32f4xx_hal.o
                0x08000630                HAL_Delay
 .text.HAL_NVIC_SetPriorityGrouping
                0x08000658       0x24 Drivers\STM32F4xx_HAL_Driver\Src\stm32f4xx_hal_cortex.o
                0x08000658                HAL_NVIC_SetPriorityGrouping
 .text.HAL_NVIC_SetPriority
                0x0800067c       0x68 Drivers\STM32F4xx_HAL_Driver\Src\stm32f4xx_hal_cortex.o
                0x0800067c                HAL_NVIC_SetPriority
 .text.HAL_NVIC_EnableIRQ
                0x080006e4       0x1c Drivers\STM32F4xx_HAL_Driver\Src\stm32f4xx_hal_cortex.o
                0x080006e4                HAL_NVIC_EnableIRQ
 .text.HAL_SYSTICK_Config
                0x08000700       0x2c Drivers\STM32F4xx_HAL_Driver\Src\stm32f4xx_hal_cortex.o
                0x08000700                HAL_SYSTICK_Config
 .text.DMA_CalcBaseAndBitshift
                0x0800072c       0x2c Drivers\STM32F4xx_HAL_Driver\Src\stm32f4xx_hal_dma.o
 .text.HAL_DMA_Init
                0x08000758       0xfc Drivers\STM32F4xx_HAL_Driver\Src\stm32f4xx_hal_dma.o
                0x08000758                HAL_DMA_Init
 .text.HAL_DMA_Start_IT
                0x08000854       0x7c Drivers\STM32F4xx_HAL_Driver\Src\stm32f4xx_hal_dma.o
                0x08000854                HAL_DMA_Start_IT
 .text.HAL_DMA_Abort_IT
                0x080008d0       0x24 Drivers\STM32F4xx_HAL_Driver\Src\stm32f4xx_hal_dma.o
                0x080008d0                HAL_DMA_Abort_IT
 .text.HAL_DMA_IRQHandler
                0x080008f4      0x174 Drivers\STM32F4xx_HAL_Driver\Src\stm32f4xx_hal_dma.o
                0x080008f4                HAL_DMA_IRQHandler
 .text.FLASH_Program_DoubleWord
                0x08000a68       0x28 Drivers\STM32F4xx_HAL_Driver\Src\stm32f4xx_hal_flash.o
 .text.FLASH_Program_Word
                0x08000a90       0x24 Drivers\STM32F4xx_HAL_Driver\Src\stm32f4xx_hal_flash.o
 .text.FLASH_Program_HalfWord
                0x08000ab4       0x24 Drivers\STM32F4xx_HAL_Driver\Src\stm32f4xx_hal_flash.o
 .text.FLASH_SetErrorCode
                0x08000ad8       0x8c Drivers\STM32F4xx_HAL_Driver\Src\stm32f4xx_hal_flash.o
 .text.HAL_FLASH_Unlock
                0x08000b64       0x24 Drivers\STM32F4xx_HAL_Driver\Src\stm32f4xx_hal_flash.o
                0x08000b64                HAL_FLASH_Unlock
 .text.HAL_FLASH_Lock
                0x08000b88       0x14 Drivers\STM32F4xx_HAL_Driver\Src\stm32f4xx_hal_flash.o
                0x08000b88                HAL_FLASH_Lock
 .text.FLASH_WaitForLastOperation
                0x08000b9c       0x54 Drivers\STM32F4xx_HAL_Driver\Src\stm32f4xx_hal_flash.o
                0x08000b9c                FLASH_WaitForLastOperation
 .text.HAL_FLASH_Program
                0x08000bf0       0x90 Drivers\STM32F4xx_HAL_Driver\Src\stm32f4xx_hal_flash.o
                0x08000bf0                HAL_FLASH_Program
 .text.FLASH_Erase_Sector
                0x08000c80       0x4c Drivers\STM32F4xx_HAL_Driver\Src\stm32f4xx_hal_flash_ex.o
                0x08000c80                FLASH_Erase_Sector
 .text.HAL_GPIO_Init
                0x08000ccc      0x1ac Drivers\STM32F4xx_HAL_Driver\Src\stm32f4xx_hal_gpio.o
                0x08000ccc                HAL_GPIO_Init
 .text.HAL_GPIO_ReadPin
                0x08000e78        0xc Drivers\STM32F4xx_HAL_Driver\Src\stm32f4xx_hal_gpio.o
                0x08000e78                HAL_GPIO_ReadPin
 .text.HAL_GPIO_WritePin
                0x08000e84        0xa Drivers\STM32F4xx_HAL_Driver\Src\stm32f4xx_hal_gpio.o
                0x08000e84                HAL_GPIO_WritePin
 .text.HAL_HCD_HC_Init
                0x08000e8e       0x70 Drivers\STM32F4xx_HAL_Driver\Src\stm32f4xx_hal_hcd.o
                0x08000e8e                HAL_HCD_HC_Init
 .text.HAL_HCD_HC_Halt
                0x08000efe       0x24 Drivers\STM32F4xx_HAL_Driver\Src\stm32f4xx_hal_hcd.o
                0x08000efe                HAL_HCD_HC_Halt
 .text.HAL_HCD_Init
                0x08000f22       0x94 Drivers\STM32F4xx_HAL_Driver\Src\stm32f4xx_hal_hcd.o
                0x08000f22                HAL_HCD_Init
 *fill*         0x08000fb6        0x2 
 .text.HAL_HCD_HC_SubmitRequest
                0x08000fb8       0xc4 Drivers\STM32F4xx_HAL_Driver\Src\stm32f4xx_hal_hcd.o
                0x08000fb8                HAL_HCD_HC_SubmitRequest
 .text.HAL_HCD_IRQHandler
                0x0800107c      0x638 Drivers\STM32F4xx_HAL_Driver\Src\stm32f4xx_hal_hcd.o
                0x0800107c                HAL_HCD_IRQHandler
 .text.HAL_HCD_Start
                0x080016b4       0x2c Drivers\STM32F4xx_HAL_Driver\Src\stm32f4xx_hal_hcd.o
                0x080016b4                HAL_HCD_Start
 .text.HAL_HCD_Stop
                0x080016e0       0x24 Drivers\STM32F4xx_HAL_Driver\Src\stm32f4xx_hal_hcd.o
                0x080016e0                HAL_HCD_Stop
 .text.HAL_HCD_ResetPort
                0x08001704        0x6 Drivers\STM32F4xx_HAL_Driver\Src\stm32f4xx_hal_hcd.o
                0x08001704                HAL_HCD_ResetPort
 .text.HAL_HCD_HC_GetURBState
                0x0800170a        0xc Drivers\STM32F4xx_HAL_Driver\Src\stm32f4xx_hal_hcd.o
                0x0800170a                HAL_HCD_HC_GetURBState
 .text.HAL_HCD_HC_GetXferCount
                0x08001716        0xa Drivers\STM32F4xx_HAL_Driver\Src\stm32f4xx_hal_hcd.o
                0x08001716                HAL_HCD_HC_GetXferCount
 .text.HAL_HCD_GetCurrentFrame
                0x08001720        0x6 Drivers\STM32F4xx_HAL_Driver\Src\stm32f4xx_hal_hcd.o
                0x08001720                HAL_HCD_GetCurrentFrame
 .text.HAL_HCD_GetCurrentSpeed
                0x08001726        0x6 Drivers\STM32F4xx_HAL_Driver\Src\stm32f4xx_hal_hcd.o
                0x08001726                HAL_HCD_GetCurrentSpeed
 .text.HAL_I2C_Init
                0x0800172c      0x148 Drivers\STM32F4xx_HAL_Driver\Src\stm32f4xx_hal_i2c.o
                0x0800172c                HAL_I2C_Init
 .text.HAL_I2S_Init
                0x08001874      0x130 Drivers\STM32F4xx_HAL_Driver\Src\stm32f4xx_hal_i2s.o
                0x08001874                HAL_I2S_Init
 .text.HAL_I2S_TxCpltCallback
                0x080019a4        0x2 Drivers\STM32F4xx_HAL_Driver\Src\stm32f4xx_hal_i2s.o
                0x080019a4                HAL_I2S_TxCpltCallback
 .text.HAL_I2S_RxCpltCallback
                0x080019a6        0x2 Drivers\STM32F4xx_HAL_Driver\Src\stm32f4xx_hal_i2s.o
                0x080019a6                HAL_I2S_RxCpltCallback
 .text.HAL_I2S_ErrorCallback
                0x080019a8        0x2 Drivers\STM32F4xx_HAL_Driver\Src\stm32f4xx_hal_i2s.o
                0x080019a8                HAL_I2S_ErrorCallback
 .text.I2S_IRQHandler
                0x080019aa       0xfa Drivers\STM32F4xx_HAL_Driver\Src\stm32f4xx_hal_i2s.o
 .text.HAL_I2SEx_TxRxCpltCallback
                0x08001aa4        0x2 Drivers\STM32F4xx_HAL_Driver\Src\stm32f4xx_hal_i2s_ex.o
                0x08001aa4                HAL_I2SEx_TxRxCpltCallback
 *fill*         0x08001aa6        0x2 
 .text.HAL_I2SEx_FullDuplex_IRQHandler
                0x08001aa8      0x23c Drivers\STM32F4xx_HAL_Driver\Src\stm32f4xx_hal_i2s_ex.o
                0x08001aa8                HAL_I2SEx_FullDuplex_IRQHandler
 .text.HAL_RCC_OscConfig
                0x08001ce4      0x304 Drivers\STM32F4xx_HAL_Driver\Src\stm32f4xx_hal_rcc.o
                0x08001ce4                HAL_RCC_OscConfig
 .text.HAL_RCC_GetSysClockFreq
                0x08001fe8       0x5c Drivers\STM32F4xx_HAL_Driver\Src\stm32f4xx_hal_rcc.o
                0x08001fe8                HAL_RCC_GetSysClockFreq
 .text.HAL_RCC_ClockConfig
                0x08002044      0x134 Drivers\STM32F4xx_HAL_Driver\Src\stm32f4xx_hal_rcc.o
                0x08002044                HAL_RCC_ClockConfig
 .text.HAL_RCC_GetPCLK1Freq
                0x08002178       0x20 Drivers\STM32F4xx_HAL_Driver\Src\stm32f4xx_hal_rcc.o
                0x08002178                HAL_RCC_GetPCLK1Freq
 .text.HAL_RCCEx_PeriphCLKConfig
                0x08002198      0x140 Drivers\STM32F4xx_HAL_Driver\Src\stm32f4xx_hal_rcc_ex.o
                0x08002198                HAL_RCCEx_PeriphCLKConfig
 .text.HAL_RCCEx_GetPeriphCLKFreq
                0x080022d8       0x5c Drivers\STM32F4xx_HAL_Driver\Src\stm32f4xx_hal_rcc_ex.o
                0x080022d8                HAL_RCCEx_GetPeriphCLKFreq
 .text.SPI_WaitFlagStateUntilTimeout.constprop.9
                0x08002334       0x76 Drivers\STM32F4xx_HAL_Driver\Src\stm32f4xx_hal_spi.o
 *fill*         0x080023aa        0x2 
 .text.SPI_EndRxTxTransaction
                0x080023ac       0x5c Drivers\STM32F4xx_HAL_Driver\Src\stm32f4xx_hal_spi.o
 .text.HAL_SPI_Init
                0x08002408       0x7a Drivers\STM32F4xx_HAL_Driver\Src\stm32f4xx_hal_spi.o
                0x08002408                HAL_SPI_Init
 .text.HAL_SPI_Transmit
                0x08002482      0x150 Drivers\STM32F4xx_HAL_Driver\Src\stm32f4xx_hal_spi.o
                0x08002482                HAL_SPI_Transmit
 *fill*         0x080025d2        0x2 
 .text.HAL_SPI_Transmit_DMA
                0x080025d4       0xbc Drivers\STM32F4xx_HAL_Driver\Src\stm32f4xx_hal_spi.o
                0x080025d4                HAL_SPI_Transmit_DMA
 .text.HAL_SPI_TxCpltCallback
                0x08002690        0x2 Drivers\STM32F4xx_HAL_Driver\Src\stm32f4xx_hal_spi.o
                0x08002690                HAL_SPI_TxCpltCallback
 .text.HAL_SPI_TxHalfCpltCallback
                0x08002692        0x2 Drivers\STM32F4xx_HAL_Driver\Src\stm32f4xx_hal_spi.o
                0x08002692                HAL_SPI_TxHalfCpltCallback
 .text.SPI_DMAHalfTransmitCplt
                0x08002694        0xa Drivers\STM32F4xx_HAL_Driver\Src\stm32f4xx_hal_spi.o
 .text.HAL_SPI_ErrorCallback
                0x0800269e        0x2 Drivers\STM32F4xx_HAL_Driver\Src\stm32f4xx_hal_spi.o
                0x0800269e                HAL_SPI_ErrorCallback
 .text.SPI_DMAError
                0x080026a0       0x22 Drivers\STM32F4xx_HAL_Driver\Src\stm32f4xx_hal_spi.o
 .text.SPI_DMATransmitCplt
                0x080026c2       0x6a Drivers\STM32F4xx_HAL_Driver\Src\stm32f4xx_hal_spi.o
 .text.HAL_SPI_IRQHandler
                0x0800272c       0xfc Drivers\STM32F4xx_HAL_Driver\Src\stm32f4xx_hal_spi.o
                0x0800272c                HAL_SPI_IRQHandler
 .text.SPI_DMAAbortOnError
                0x08002828       0x10 Drivers\STM32F4xx_HAL_Driver\Src\stm32f4xx_hal_spi.o
 .text.HAL_TIM_PeriodElapsedCallback
                0x08002838        0x2 Drivers\STM32F4xx_HAL_Driver\Src\stm32f4xx_hal_tim.o
                0x08002838                HAL_TIM_PeriodElapsedCallback
 .text.HAL_TIM_OC_DelayElapsedCallback
                0x0800283a        0x2 Drivers\STM32F4xx_HAL_Driver\Src\stm32f4xx_hal_tim.o
                0x0800283a                HAL_TIM_OC_DelayElapsedCallback
 .text.HAL_TIM_IC_CaptureCallback
                0x0800283c        0x2 Drivers\STM32F4xx_HAL_Driver\Src\stm32f4xx_hal_tim.o
                0x0800283c                HAL_TIM_IC_CaptureCallback
 .text.HAL_TIM_PWM_PulseFinishedCallback
                0x0800283e        0x2 Drivers\STM32F4xx_HAL_Driver\Src\stm32f4xx_hal_tim.o
                0x0800283e                HAL_TIM_PWM_PulseFinishedCallback
 .text.HAL_TIM_TriggerCallback
                0x08002840        0x2 Drivers\STM32F4xx_HAL_Driver\Src\stm32f4xx_hal_tim.o
                0x08002840                HAL_TIM_TriggerCallback
 .text.HAL_TIM_IRQHandler
                0x08002842      0x144 Drivers\STM32F4xx_HAL_Driver\Src\stm32f4xx_hal_tim.o
                0x08002842                HAL_TIM_IRQHandler
 *fill*         0x08002986        0x2 
 .text.TIM_Base_SetConfig
                0x08002988       0x9c Drivers\STM32F4xx_HAL_Driver\Src\stm32f4xx_hal_tim.o
                0x08002988                TIM_Base_SetConfig
 .text.HAL_TIM_Encoder_Init
                0x08002a24       0x96 Drivers\STM32F4xx_HAL_Driver\Src\stm32f4xx_hal_tim.o
                0x08002a24                HAL_TIM_Encoder_Init
 .text.HAL_TIMEx_MasterConfigSynchronization
                0x08002aba       0x3c Drivers\STM32F4xx_HAL_Driver\Src\stm32f4xx_hal_tim_ex.o
                0x08002aba                HAL_TIMEx_MasterConfigSynchronization
 .text.HAL_TIMEx_CommutCallback
                0x08002af6        0x2 Drivers\STM32F4xx_HAL_Driver\Src\stm32f4xx_hal_tim_ex.o
                0x08002af6                HAL_TIMEx_CommutCallback
 .text.HAL_TIMEx_BreakCallback
                0x08002af8        0x2 Drivers\STM32F4xx_HAL_Driver\Src\stm32f4xx_hal_tim_ex.o
                0x08002af8                HAL_TIMEx_BreakCallback
 *fill*         0x08002afa        0x2 
 .text.USB_CoreReset
                0x08002afc       0x30 Drivers\STM32F4xx_HAL_Driver\Src\stm32f4xx_ll_usb.o
 .text.USB_CoreInit
                0x08002b2c       0x80 Drivers\STM32F4xx_HAL_Driver\Src\stm32f4xx_ll_usb.o
                0x08002b2c                USB_CoreInit
 .text.USB_EnableGlobalInt
                0x08002bac        0xc Drivers\STM32F4xx_HAL_Driver\Src\stm32f4xx_ll_usb.o
                0x08002bac                USB_EnableGlobalInt
 .text.USB_DisableGlobalInt
                0x08002bb8        0xc Drivers\STM32F4xx_HAL_Driver\Src\stm32f4xx_ll_usb.o
                0x08002bb8                USB_DisableGlobalInt
 .text.USB_SetCurrentMode
                0x08002bc4       0x2e Drivers\STM32F4xx_HAL_Driver\Src\stm32f4xx_ll_usb.o
                0x08002bc4                USB_SetCurrentMode
 *fill*         0x08002bf2        0x2 
 .text.USB_FlushTxFifo
                0x08002bf4       0x24 Drivers\STM32F4xx_HAL_Driver\Src\stm32f4xx_ll_usb.o
                0x08002bf4                USB_FlushTxFifo
 .text.USB_FlushRxFifo
                0x08002c18       0x20 Drivers\STM32F4xx_HAL_Driver\Src\stm32f4xx_ll_usb.o
                0x08002c18                USB_FlushRxFifo
 .text.USB_WritePacket
                0x08002c38       0x28 Drivers\STM32F4xx_HAL_Driver\Src\stm32f4xx_ll_usb.o
                0x08002c38                USB_WritePacket
 .text.USB_ReadPacket
                0x08002c60       0x1c Drivers\STM32F4xx_HAL_Driver\Src\stm32f4xx_ll_usb.o
                0x08002c60                USB_ReadPacket
 .text.USB_ReadInterrupts
                0x08002c7c        0x8 Drivers\STM32F4xx_HAL_Driver\Src\stm32f4xx_ll_usb.o
                0x08002c7c                USB_ReadInterrupts
 .text.USB_GetMode
                0x08002c84        0x8 Drivers\STM32F4xx_HAL_Driver\Src\stm32f4xx_ll_usb.o
                0x08002c84                USB_GetMode
 .text.USB_InitFSLSPClkSel
                0x08002c8c       0x38 Drivers\STM32F4xx_HAL_Driver\Src\stm32f4xx_ll_usb.o
                0x08002c8c                USB_InitFSLSPClkSel
 .text.USB_ResetPort
                0x08002cc4       0x3c Drivers\STM32F4xx_HAL_Driver\Src\stm32f4xx_ll_usb.o
                0x08002cc4                USB_ResetPort
 .text.USB_DriveVbus
                0x08002d00       0x40 Drivers\STM32F4xx_HAL_Driver\Src\stm32f4xx_ll_usb.o
                0x08002d00                USB_DriveVbus
 .text.USB_HostInit
                0x08002d40       0xe0 Drivers\STM32F4xx_HAL_Driver\Src\stm32f4xx_ll_usb.o
                0x08002d40                USB_HostInit
 .text.USB_GetHostSpeed
                0x08002e20       0x16 Drivers\STM32F4xx_HAL_Driver\Src\stm32f4xx_ll_usb.o
                0x08002e20                USB_GetHostSpeed
 .text.USB_GetCurrentFrame
                0x08002e36        0xa Drivers\STM32F4xx_HAL_Driver\Src\stm32f4xx_ll_usb.o
                0x08002e36                USB_GetCurrentFrame
 .text.USB_HC_Init
                0x08002e40      0x10a Drivers\STM32F4xx_HAL_Driver\Src\stm32f4xx_ll_usb.o
                0x08002e40                USB_HC_Init
 .text.USB_HC_ReadInterrupt
                0x08002f4a        0xa Drivers\STM32F4xx_HAL_Driver\Src\stm32f4xx_ll_usb.o
                0x08002f4a                USB_HC_ReadInterrupt
 .text.USB_HC_Halt
                0x08002f54       0xa4 Drivers\STM32F4xx_HAL_Driver\Src\stm32f4xx_ll_usb.o
                0x08002f54                USB_HC_Halt
 .text.USB_DoPing
                0x08002ff8       0x24 Drivers\STM32F4xx_HAL_Driver\Src\stm32f4xx_ll_usb.o
                0x08002ff8                USB_DoPing
 .text.USB_HC_StartXfer
                0x0800301c      0x164 Drivers\STM32F4xx_HAL_Driver\Src\stm32f4xx_ll_usb.o
                0x0800301c                USB_HC_StartXfer
 .text.USB_StopHost
                0x08003180       0x6c Drivers\STM32F4xx_HAL_Driver\Src\stm32f4xx_ll_usb.o
                0x08003180                USB_StopHost
 .text.USBH_CDC_SOFProcess
                0x080031ec        0x4 Middlewares\ST\STM32_USB_Host_Library\Class\CDC\Src\usbh_cdc.o
 .text.USBH_CDC_InterfaceDeInit
                0x080031f0       0x62 Middlewares\ST\STM32_USB_Host_Library\Class\CDC\Src\usbh_cdc.o
 .text.USBH_CDC_InterfaceInit
                0x08003252      0x12a Middlewares\ST\STM32_USB_Host_Library\Class\CDC\Src\usbh_cdc.o
 .text.USBH_CDC_ClassRequest
                0x0800337c       0x34 Middlewares\ST\STM32_USB_Host_Library\Class\CDC\Src\usbh_cdc.o
 .text.USBH_CDC_TransmitCallback
                0x080033b0        0x2 Middlewares\ST\STM32_USB_Host_Library\Class\CDC\Src\usbh_cdc.o
                0x080033b0                USBH_CDC_TransmitCallback
 .text.USBH_CDC_ReceiveCallback
                0x080033b2        0x2 Middlewares\ST\STM32_USB_Host_Library\Class\CDC\Src\usbh_cdc.o
                0x080033b2                USBH_CDC_ReceiveCallback
 .text.USBH_CDC_LineCodingChanged
                0x080033b4        0x2 Middlewares\ST\STM32_USB_Host_Library\Class\CDC\Src\usbh_cdc.o
                0x080033b4                USBH_CDC_LineCodingChanged
 .text.USBH_CDC_Process
                0x080033b6      0x172 Middlewares\ST\STM32_USB_Host_Library\Class\CDC\Src\usbh_cdc.o
 .text.DeInitStateMachine
                0x08003528       0x44 Middlewares\ST\STM32_USB_Host_Library\Core\Src\usbh_core.o
 .text.USBH_Init
                0x0800356c       0x2e Middlewares\ST\STM32_USB_Host_Library\Core\Src\usbh_core.o
                0x0800356c                USBH_Init
 .text.USBH_RegisterClass
                0x0800359a       0x1a Middlewares\ST\STM32_USB_Host_Library\Core\Src\usbh_core.o
                0x0800359a                USBH_RegisterClass
 .text.USBH_SelectInterface
                0x080035b4       0x12 Middlewares\ST\STM32_USB_Host_Library\Core\Src\usbh_core.o
                0x080035b4                USBH_SelectInterface
 .text.USBH_FindInterface
                0x080035c6       0x3a Middlewares\ST\STM32_USB_Host_Library\Core\Src\usbh_core.o
                0x080035c6                USBH_FindInterface
 .text.USBH_Start
                0x08003600       0x14 Middlewares\ST\STM32_USB_Host_Library\Core\Src\usbh_core.o
                0x08003600                USBH_Start
 .text.USBH_Process
                0x08003614      0x28a Middlewares\ST\STM32_USB_Host_Library\Core\Src\usbh_core.o
                0x08003614                USBH_Process
 .text.USBH_LL_SetTimer
                0x0800389e        0x6 Middlewares\ST\STM32_USB_Host_Library\Core\Src\usbh_core.o
                0x0800389e                USBH_LL_SetTimer
 .text.USBH_LL_IncTimer
                0x080038a4       0x1c Middlewares\ST\STM32_USB_Host_Library\Core\Src\usbh_core.o
                0x080038a4                USBH_LL_IncTimer
 .text.USBH_LL_PortEnabled
                0x080038c0        0x8 Middlewares\ST\STM32_USB_Host_Library\Core\Src\usbh_core.o
                0x080038c0                USBH_LL_PortEnabled
 .text.USBH_LL_PortDisabled
                0x080038c8        0x8 Middlewares\ST\STM32_USB_Host_Library\Core\Src\usbh_core.o
                0x080038c8                USBH_LL_PortDisabled
 .text.USBH_LL_Connect
                0x080038d0       0x28 Middlewares\ST\STM32_USB_Host_Library\Core\Src\usbh_core.o
                0x080038d0                USBH_LL_Connect
 .text.USBH_LL_Disconnect
                0x080038f8       0x38 Middlewares\ST\STM32_USB_Host_Library\Core\Src\usbh_core.o
                0x080038f8                USBH_LL_Disconnect
 .text.USBH_CtlReq
                0x08003930      0x182 Middlewares\ST\STM32_USB_Host_Library\Core\Src\usbh_ctlreq.o
                0x08003930                USBH_CtlReq
 .text.USBH_GetDescriptor
                0x08003ab2       0x38 Middlewares\ST\STM32_USB_Host_Library\Core\Src\usbh_ctlreq.o
                0x08003ab2                USBH_GetDescriptor
 .text.USBH_Get_DevDesc
                0x08003aea       0x90 Middlewares\ST\STM32_USB_Host_Library\Core\Src\usbh_ctlreq.o
                0x08003aea                USBH_Get_DevDesc
 .text.USBH_Get_CfgDesc
                0x08003b7a      0x11c Middlewares\ST\STM32_USB_Host_Library\Core\Src\usbh_ctlreq.o
                0x08003b7a                USBH_Get_CfgDesc
 .text.USBH_Get_StringDesc
                0x08003c96       0x4e Middlewares\ST\STM32_USB_Host_Library\Core\Src\usbh_ctlreq.o
                0x08003c96                USBH_Get_StringDesc
 .text.USBH_SetAddress
                0x08003ce4       0x1c Middlewares\ST\STM32_USB_Host_Library\Core\Src\usbh_ctlreq.o
                0x08003ce4                USBH_SetAddress
 .text.USBH_SetCfg
                0x08003d00       0x1c Middlewares\ST\STM32_USB_Host_Library\Core\Src\usbh_ctlreq.o
                0x08003d00                USBH_SetCfg
 .text.USBH_SetFeature
                0x08003d1c       0x1c Middlewares\ST\STM32_USB_Host_Library\Core\Src\usbh_ctlreq.o
                0x08003d1c                USBH_SetFeature
 .text.USBH_ClrFeature
                0x08003d38       0x1c Middlewares\ST\STM32_USB_Host_Library\Core\Src\usbh_ctlreq.o
                0x08003d38                USBH_ClrFeature
 .text.USBH_CtlSendSetup
                0x08003d54       0x22 Middlewares\ST\STM32_USB_Host_Library\Core\Src\usbh_ioreq.o
                0x08003d54                USBH_CtlSendSetup
 .text.USBH_CtlSendData
                0x08003d76       0x2e Middlewares\ST\STM32_USB_Host_Library\Core\Src\usbh_ioreq.o
                0x08003d76                USBH_CtlSendData
 .text.USBH_CtlReceiveData
                0x08003da4       0x20 Middlewares\ST\STM32_USB_Host_Library\Core\Src\usbh_ioreq.o
                0x08003da4                USBH_CtlReceiveData
 .text.USBH_BulkSendData
                0x08003dc4       0x2e Middlewares\ST\STM32_USB_Host_Library\Core\Src\usbh_ioreq.o
                0x08003dc4                USBH_BulkSendData
 .text.USBH_BulkReceiveData
                0x08003df2       0x20 Middlewares\ST\STM32_USB_Host_Library\Core\Src\usbh_ioreq.o
                0x08003df2                USBH_BulkReceiveData
 .text.USBH_OpenPipe
                0x08003e12       0x1e Middlewares\ST\STM32_USB_Host_Library\Core\Src\usbh_pipes.o
                0x08003e12                USBH_OpenPipe
 .text.USBH_ClosePipe
                0x08003e30        0xa Middlewares\ST\STM32_USB_Host_Library\Core\Src\usbh_pipes.o
                0x08003e30                USBH_ClosePipe
 .text.USBH_AllocPipe
                0x08003e3a       0x2e Middlewares\ST\STM32_USB_Host_Library\Core\Src\usbh_pipes.o
                0x08003e3a                USBH_AllocPipe
 .text.USBH_FreePipe
                0x08003e68       0x18 Middlewares\ST\STM32_USB_Host_Library\Core\Src\usbh_pipes.o
                0x08003e68                USBH_FreePipe
 .text.ILI9341_Select
                0x08003e80       0x10 Src\ili9341.o
 .text.ILI9341_WriteCommand
                0x08003e90       0x2c Src\ili9341.o
 .text.ILI9341_WriteData
                0x08003ebc       0x60 Src\ili9341.o
 .text.ILI9341_SetAddressWindow
                0x08003f1c       0x5c Src\ili9341.o
 .text.ILI9341_Unselect
                0x08003f78       0x10 Src\ili9341.o
                0x08003f78                ILI9341_Unselect
 .text.ILI9341_Init
                0x08003f88      0x23c Src\ili9341.o
                0x08003f88                ILI9341_Init
 .text.ILI9341_DrawPixel
                0x080041c4       0x40 Src\ili9341.o
                0x080041c4                ILI9341_DrawPixel
 .text.ili9341_drawline
                0x08004204       0x32 Src\ili9341.o
                0x08004204                ili9341_drawline
 .text.ILI9341_WriteString
                0x08004236      0x11c Src\ili9341.o
                0x08004236                ILI9341_WriteString
 *fill*         0x08004352        0x2 
 .text.ILI9341_FillRectangle
                0x08004354       0xe4 Src\ili9341.o
                0x08004354                ILI9341_FillRectangle
 .text.ILI9341_FillScreen
                0x08004438       0x18 Src\ili9341.o
                0x08004438                ILI9341_FillScreen
 .text.ILI9341_WriteChar_2
                0x08004450       0xec Src\ili9341.o
                0x08004450                ILI9341_WriteChar_2
 .text.ILI9341_WriteNumber
                0x0800453c       0x96 Src\ili9341.o
                0x0800453c                ILI9341_WriteNumber
 *fill*         0x080045d2        0x2 
 .text.SystemClock_Config
                0x080045d4       0xb0 Src\main.o
                0x080045d4                SystemClock_Config
 .text.startup.main
                0x08004684      0x2d8 Src\main.o
                0x08004684                main
 .text.Error_Handler
                0x0800495c        0x2 Src\main.o
                0x0800495c                Error_Handler
 *fill*         0x0800495e        0x2 
 .text.set_menu_ex
                0x08004960        0xc Src\menu.o
                0x08004960                set_menu_ex
 .text.set_menu0
                0x0800496c        0xc Src\menu.o
                0x0800496c                set_menu0
 .text.set_menu1
                0x08004978        0xc Src\menu.o
                0x08004978                set_menu1
 .text.set_menu2
                0x08004984        0xc Src\menu.o
                0x08004984                set_menu2
 .text.set_menu3
                0x08004990        0xc Src\menu.o
                0x08004990                set_menu3
 .text.set_menu4
                0x0800499c        0xc Src\menu.o
                0x0800499c                set_menu4
 .text.set_menu5
                0x080049a8        0xc Src\menu.o
                0x080049a8                set_menu5
 .text.set_menu6
                0x080049b4        0xc Src\menu.o
                0x080049b4                set_menu6
 .text.set_menu7
                0x080049c0        0xc Src\menu.o
                0x080049c0                set_menu7
 .text.set_menu8
                0x080049cc        0xc Src\menu.o
                0x080049cc                set_menu8
 .text.set_menu9
                0x080049d8        0xc Src\menu.o
                0x080049d8                set_menu9
 .text.set_menu10
                0x080049e4        0xc Src\menu.o
                0x080049e4                set_menu10
 .text.set_menu11
                0x080049f0        0xc Src\menu.o
                0x080049f0                set_menu11
 .text.set_menu12
                0x080049fc        0xc Src\menu.o
                0x080049fc                set_menu12
 .text.set_menu13
                0x08004a08        0xc Src\menu.o
                0x08004a08                set_menu13
 .text.set_menu14
                0x08004a14        0xc Src\menu.o
                0x08004a14                set_menu14
 .text.set_menu15
                0x08004a20        0xc Src\menu.o
                0x08004a20                set_menu15
 .text.flash_write
                0x08004a2c       0x3c Src\menu.o
                0x08004a2c                flash_write
 .text.ILI_Init
                0x08004a68        0x4 Src\menu.o
                0x08004a68                ILI_Init
 .text.count_menuitem
                0x08004a6c       0x34 Src\menu.o
                0x08004a6c                count_menuitem
 .text.init_display
                0x08004aa0      0x510 Src\menu.o
                0x08004aa0                init_display
 .text.edit_menu1
                0x08004fb0       0xd0 Src\menu.o
                0x08004fb0                edit_menu1
 .text.edit_menu_item
                0x08005080       0xf0 Src\menu.o
                0x08005080                edit_menu_item
 .text.render_menu
                0x08005170      0x448 Src\menu.o
                0x08005170                render_menu
 .text.display_menu
                0x080055b8       0x14 Src\menu.o
                0x080055b8                display_menu
 .text.HAL_MspInit
                0x080055cc       0x40 Src\stm32f4xx_hal_msp.o
                0x080055cc                HAL_MspInit
 .text.HAL_I2C_MspInit
                0x0800560c       0x70 Src\stm32f4xx_hal_msp.o
                0x0800560c                HAL_I2C_MspInit
 .text.HAL_I2S_MspInit
                0x0800567c      0x124 Src\stm32f4xx_hal_msp.o
                0x0800567c                HAL_I2S_MspInit
 .text.HAL_SPI_MspInit
                0x080057a0      0x10c Src\stm32f4xx_hal_msp.o
                0x080057a0                HAL_SPI_MspInit
 .text.HAL_TIM_Encoder_MspInit
                0x080058ac       0x78 Src\stm32f4xx_hal_msp.o
                0x080058ac                HAL_TIM_Encoder_MspInit
 .text.NMI_Handler
                0x08005924        0x2 Src\stm32f4xx_it.o
                0x08005924                NMI_Handler
 .text.HardFault_Handler
                0x08005926        0x2 Src\stm32f4xx_it.o
                0x08005926                HardFault_Handler
 .text.MemManage_Handler
                0x08005928        0x2 Src\stm32f4xx_it.o
                0x08005928                MemManage_Handler
 .text.BusFault_Handler
                0x0800592a        0x2 Src\stm32f4xx_it.o
                0x0800592a                BusFault_Handler
 .text.UsageFault_Handler
                0x0800592c        0x2 Src\stm32f4xx_it.o
                0x0800592c                UsageFault_Handler
 .text.SVC_Handler
                0x0800592e        0x2 Src\stm32f4xx_it.o
                0x0800592e                SVC_Handler
 .text.DebugMon_Handler
                0x08005930        0x2 Src\stm32f4xx_it.o
                0x08005930                DebugMon_Handler
 .text.PendSV_Handler
                0x08005932        0x2 Src\stm32f4xx_it.o
                0x08005932                PendSV_Handler
 .text.SysTick_Handler
                0x08005934        0x4 Src\stm32f4xx_it.o
                0x08005934                SysTick_Handler
 .text.TIM2_IRQHandler
                0x08005938        0xc Src\stm32f4xx_it.o
                0x08005938                TIM2_IRQHandler
 .text.DMA2_Stream1_IRQHandler
                0x08005944       0x14 Src\stm32f4xx_it.o
                0x08005944                DMA2_Stream1_IRQHandler
 .text.OTG_FS_IRQHandler
                0x08005958        0xc Src\stm32f4xx_it.o
                0x08005958                OTG_FS_IRQHandler
 .text.SPI4_IRQHandler
                0x08005964        0xc Src\stm32f4xx_it.o
                0x08005964                SPI4_IRQHandler
 .text.get_spi4_dma_completed
                0x08005970        0xc Src\stm32f4xx_it.o
                0x08005970                get_spi4_dma_completed
 .text._sbrk    0x0800597c       0x34 Src\syscalls.o
                0x0800597c                _sbrk
 .text.SystemInit
                0x080059b0       0x4c Src\system_stm32f4xx.o
                0x080059b0                SystemInit
 .text.USBH_UserProcess
                0x080059fc       0x24 Src\usb_host.o
 .text.MX_USB_HOST_Init
                0x08005a20       0x40 Src\usb_host.o
                0x08005a20                MX_USB_HOST_Init
 .text.MX_USB_HOST_Process
                0x08005a60        0xc Src\usb_host.o
                0x08005a60                MX_USB_HOST_Process
 .text.HAL_HCD_MspInit
                0x08005a6c       0x94 Src\usbh_conf.o
                0x08005a6c                HAL_HCD_MspInit
 .text.HAL_HCD_SOF_Callback
                0x08005b00        0x8 Src\usbh_conf.o
                0x08005b00                HAL_HCD_SOF_Callback
 .text.HAL_HCD_Connect_Callback
                0x08005b08        0x8 Src\usbh_conf.o
                0x08005b08                HAL_HCD_Connect_Callback
 .text.HAL_HCD_Disconnect_Callback
                0x08005b10        0x8 Src\usbh_conf.o
                0x08005b10                HAL_HCD_Disconnect_Callback
 .text.HAL_HCD_HC_NotifyURBChange_Callback
                0x08005b18        0x2 Src\usbh_conf.o
                0x08005b18                HAL_HCD_HC_NotifyURBChange_Callback
 .text.HAL_HCD_PortEnabled_Callback
                0x08005b1a        0x8 Src\usbh_conf.o
                0x08005b1a                HAL_HCD_PortEnabled_Callback
 .text.HAL_HCD_PortDisabled_Callback
                0x08005b22        0x8 Src\usbh_conf.o
                0x08005b22                HAL_HCD_PortDisabled_Callback
 *fill*         0x08005b2a        0x2 
 .text.USBH_LL_Init
                0x08005b2c       0x4c Src\usbh_conf.o
                0x08005b2c                USBH_LL_Init
 .text.USBH_LL_Start
                0x08005b78       0x1c Src\usbh_conf.o
                0x08005b78                USBH_LL_Start
 .text.USBH_LL_Stop
                0x08005b94       0x1c Src\usbh_conf.o
                0x08005b94                USBH_LL_Stop
 .text.USBH_LL_GetSpeed
                0x08005bb0       0x1c Src\usbh_conf.o
                0x08005bb0                USBH_LL_GetSpeed
 .text.USBH_LL_ResetPort
                0x08005bcc       0x1c Src\usbh_conf.o
                0x08005bcc                USBH_LL_ResetPort
 .text.USBH_LL_GetLastXferSize
                0x08005be8        0x8 Src\usbh_conf.o
                0x08005be8                USBH_LL_GetLastXferSize
 .text.USBH_LL_OpenPipe
                0x08005bf0       0x30 Src\usbh_conf.o
                0x08005bf0                USBH_LL_OpenPipe
 .text.USBH_LL_ClosePipe
                0x08005c20       0x1c Src\usbh_conf.o
                0x08005c20                USBH_LL_ClosePipe
 .text.USBH_LL_SubmitURB
                0x08005c3c       0x34 Src\usbh_conf.o
                0x08005c3c                USBH_LL_SubmitURB
 .text.USBH_LL_GetURBState
                0x08005c70        0x8 Src\usbh_conf.o
                0x08005c70                USBH_LL_GetURBState
 .text.USBH_LL_DriverVBUS
                0x08005c78       0x1a Src\usbh_conf.o
                0x08005c78                USBH_LL_DriverVBUS
 .text.USBH_LL_SetToggle
                0x08005c92       0x1e Src\usbh_conf.o
                0x08005c92                USBH_LL_SetToggle
 .text.USBH_Delay
                0x08005cb0        0x4 Src\usbh_conf.o
                0x08005cb0                USBH_Delay
 .text.MX_DriverVbusFS
                0x08005cb4       0x14 Src\usbh_platform.o
                0x08005cb4                MX_DriverVbusFS
 .text.Reset_Handler
                0x08005cc8       0x50 startup\startup_stm32f411xe.o
                0x08005cc8                Reset_Handler
 .text.Default_Handler
                0x08005d18        0x2 startup\startup_stm32f411xe.o
                0x08005d18                RTC_Alarm_IRQHandler
                0x08005d18                EXTI2_IRQHandler
                0x08005d18                TIM1_CC_IRQHandler
                0x08005d18                DMA2_Stream5_IRQHandler
                0x08005d18                DMA1_Stream5_IRQHandler
                0x08005d18                PVD_IRQHandler
                0x08005d18                SDIO_IRQHandler
                0x08005d18                TAMP_STAMP_IRQHandler
                0x08005d18                EXTI3_IRQHandler
                0x08005d18                TIM1_UP_TIM10_IRQHandler
                0x08005d18                I2C3_ER_IRQHandler
                0x08005d18                EXTI0_IRQHandler
                0x08005d18                I2C2_EV_IRQHandler
                0x08005d18                DMA1_Stream2_IRQHandler
                0x08005d18                FPU_IRQHandler
                0x08005d18                DMA2_Stream2_IRQHandler
                0x08005d18                SPI1_IRQHandler
                0x08005d18                TIM1_BRK_TIM9_IRQHandler
                0x08005d18                DMA2_Stream3_IRQHandler
                0x08005d18                USART6_IRQHandler
                0x08005d18                DMA2_Stream0_IRQHandler
                0x08005d18                TIM4_IRQHandler
                0x08005d18                I2C1_EV_IRQHandler
                0x08005d18                DMA1_Stream6_IRQHandler
                0x08005d18                DMA1_Stream1_IRQHandler
                0x08005d18                TIM3_IRQHandler
                0x08005d18                RCC_IRQHandler
                0x08005d18                Default_Handler
                0x08005d18                EXTI15_10_IRQHandler
                0x08005d18                ADC_IRQHandler
                0x08005d18                DMA1_Stream7_IRQHandler
                0x08005d18                SPI5_IRQHandler
                0x08005d18                TIM5_IRQHandler
                0x08005d18                DMA2_Stream7_IRQHandler
                0x08005d18                I2C3_EV_IRQHandler
                0x08005d18                EXTI9_5_IRQHandler
                0x08005d18                RTC_WKUP_IRQHandler
                0x08005d18                SPI2_IRQHandler
                0x08005d18                DMA1_Stream0_IRQHandler
                0x08005d18                EXTI4_IRQHandler
                0x08005d18                WWDG_IRQHandler
                0x08005d18                OTG_FS_WKUP_IRQHandler
                0x08005d18                TIM1_TRG_COM_TIM11_IRQHandler
                0x08005d18                EXTI1_IRQHandler
                0x08005d18                USART2_IRQHandler
                0x08005d18                I2C2_ER_IRQHandler
                0x08005d18                FLASH_IRQHandler
                0x08005d18                DMA2_Stream4_IRQHandler
                0x08005d18                USART1_IRQHandler
                0x08005d18                SPI3_IRQHandler
                0x08005d18                DMA1_Stream4_IRQHandler
                0x08005d18                I2C1_ER_IRQHandler
                0x08005d18                DMA2_Stream6_IRQHandler
                0x08005d18                DMA1_Stream3_IRQHandler
 *fill*         0x08005d1a        0x2 
 .text.__errno  0x08005d1c        0xc c:/program files (x86)/atollic/truestudio for stm32 9.0.1/armtools/bin/../lib/gcc/arm-atollic-eabi/6.3.1/../../../../arm-atollic-eabi/lib/armv7e-m/fpu\libc_nano.a(lib_a-errno.o)
                0x08005d1c                __errno
 .text.__libc_init_array
                0x08005d28       0x48 c:/program files (x86)/atollic/truestudio for stm32 9.0.1/armtools/bin/../lib/gcc/arm-atollic-eabi/6.3.1/../../../../arm-atollic-eabi/lib/armv7e-m/fpu\libc_nano.a(lib_a-init.o)
                0x08005d28                __libc_init_array
 .text.malloc   0x08005d70       0x10 c:/program files (x86)/atollic/truestudio for stm32 9.0.1/armtools/bin/../lib/gcc/arm-atollic-eabi/6.3.1/../../../../arm-atollic-eabi/lib/armv7e-m/fpu\libc_nano.a(lib_a-malloc.o)
                0x08005d70                malloc
 .text.free     0x08005d80       0x10 c:/program files (x86)/atollic/truestudio for stm32 9.0.1/armtools/bin/../lib/gcc/arm-atollic-eabi/6.3.1/../../../../arm-atollic-eabi/lib/armv7e-m/fpu\libc_nano.a(lib_a-malloc.o)
                0x08005d80                free
 .text.memset   0x08005d90       0x10 c:/program files (x86)/atollic/truestudio for stm32 9.0.1/armtools/bin/../lib/gcc/arm-atollic-eabi/6.3.1/../../../../arm-atollic-eabi/lib/armv7e-m/fpu\libc_nano.a(lib_a-memset.o)
                0x08005d90                memset
 .text._free_r  0x08005da0       0x9c c:/program files (x86)/atollic/truestudio for stm32 9.0.1/armtools/bin/../lib/gcc/arm-atollic-eabi/6.3.1/../../../../arm-atollic-eabi/lib/armv7e-m/fpu\libc_nano.a(lib_a-nano-freer.o)
                0x08005da0                _free_r
 .text._malloc_r
                0x08005e3c       0xbc c:/program files (x86)/atollic/truestudio for stm32 9.0.1/armtools/bin/../lib/gcc/arm-atollic-eabi/6.3.1/../../../../arm-atollic-eabi/lib/armv7e-m/fpu\libc_nano.a(lib_a-nano-mallocr.o)
                0x08005e3c                _malloc_r
 .text._sbrk_r  0x08005ef8       0x20 c:/program files (x86)/atollic/truestudio for stm32 9.0.1/armtools/bin/../lib/gcc/arm-atollic-eabi/6.3.1/../../../../arm-atollic-eabi/lib/armv7e-m/fpu\libc_nano.a(lib_a-sbrkr.o)
                0x08005ef8                _sbrk_r
 .text.snprintf
                0x08005f18       0x68 c:/program files (x86)/atollic/truestudio for stm32 9.0.1/armtools/bin/../lib/gcc/arm-atollic-eabi/6.3.1/../../../../arm-atollic-eabi/lib/armv7e-m/fpu\libc_nano.a(lib_a-snprintf.o)
                0x08005f18                sniprintf
                0x08005f18                snprintf
 .text.__malloc_lock
                0x08005f80        0x2 c:/program files (x86)/atollic/truestudio for stm32 9.0.1/armtools/bin/../lib/gcc/arm-atollic-eabi/6.3.1/../../../../arm-atollic-eabi/lib/armv7e-m/fpu\libc_nano.a(lib_a-mlock.o)
                0x08005f80                __malloc_lock
 .text.__malloc_unlock
                0x08005f82        0x2 c:/program files (x86)/atollic/truestudio for stm32 9.0.1/armtools/bin/../lib/gcc/arm-atollic-eabi/6.3.1/../../../../arm-atollic-eabi/lib/armv7e-m/fpu\libc_nano.a(lib_a-mlock.o)
                0x08005f82                __malloc_unlock
 .text.__ssputs_r
                0x08005f84       0xb6 c:/program files (x86)/atollic/truestudio for stm32 9.0.1/armtools/bin/../lib/gcc/arm-atollic-eabi/6.3.1/../../../../arm-atollic-eabi/lib/armv7e-m/fpu\libc_nano.a(lib_a-nano-svfprintf.o)
                0x08005f84                __ssputs_r
 *fill*         0x0800603a        0x2 
 .text._svfprintf_r
                0x0800603c      0x1e8 c:/program files (x86)/atollic/truestudio for stm32 9.0.1/armtools/bin/../lib/gcc/arm-atollic-eabi/6.3.1/../../../../arm-atollic-eabi/lib/armv7e-m/fpu\libc_nano.a(lib_a-nano-svfprintf.o)
                0x0800603c                _svfiprintf_r
                0x0800603c                _svfprintf_r
 .text._printf_common
                0x08006224       0xec c:/program files (x86)/atollic/truestudio for stm32 9.0.1/armtools/bin/../lib/gcc/arm-atollic-eabi/6.3.1/../../../../arm-atollic-eabi/lib/armv7e-m/fpu\libc_nano.a(lib_a-nano-vfprintf_i.o)
                0x08006224                _printf_common
 .text._printf_i
                0x08006310      0x240 c:/program files (x86)/atollic/truestudio for stm32 9.0.1/armtools/bin/../lib/gcc/arm-atollic-eabi/6.3.1/../../../../arm-atollic-eabi/lib/armv7e-m/fpu\libc_nano.a(lib_a-nano-vfprintf_i.o)
                0x08006310                _printf_i
 .text.memcpy   0x08006550       0x16 c:/program files (x86)/atollic/truestudio for stm32 9.0.1/armtools/bin/../lib/gcc/arm-atollic-eabi/6.3.1/../../../../arm-atollic-eabi/lib/armv7e-m/fpu\libc_nano.a(lib_a-memcpy-stub.o)
                0x08006550                memcpy
 .text.memmove  0x08006566       0x34 c:/program files (x86)/atollic/truestudio for stm32 9.0.1/armtools/bin/../lib/gcc/arm-atollic-eabi/6.3.1/../../../../arm-atollic-eabi/lib/armv7e-m/fpu\libc_nano.a(lib_a-memmove.o)
                0x08006566                memmove
 .text._realloc_r
                0x0800659a       0x4c c:/program files (x86)/atollic/truestudio for stm32 9.0.1/armtools/bin/../lib/gcc/arm-atollic-eabi/6.3.1/../../../../arm-atollic-eabi/lib/armv7e-m/fpu\libc_nano.a(lib_a-nano-reallocr.o)
                0x0800659a                _realloc_r
 .text._malloc_usable_size_r
                0x080065e6       0x12 c:/program files (x86)/atollic/truestudio for stm32 9.0.1/armtools/bin/../lib/gcc/arm-atollic-eabi/6.3.1/../../../../arm-atollic-eabi/lib/armv7e-m/fpu\libc_nano.a(lib_a-nano-msizer.o)
                0x080065e6                _malloc_usable_size_r
 *(.glue_7)
 .glue_7        0x080065f8        0x0 linker stubs
 *(.glue_7t)
 .glue_7t       0x080065f8        0x0 linker stubs
 *(.eh_frame)
 .eh_frame      0x080065f8        0x0 c:/program files (x86)/atollic/truestudio for stm32 9.0.1/armtools/bin/../lib/gcc/arm-atollic-eabi/6.3.1/armv7e-m/fpu/crtbegin.o
 *(.init)
 .init          0x080065f8        0x4 c:/program files (x86)/atollic/truestudio for stm32 9.0.1/armtools/bin/../lib/gcc/arm-atollic-eabi/6.3.1/armv7e-m/fpu/crti.o
                0x080065f8                _init
 .init          0x080065fc        0x8 c:/program files (x86)/atollic/truestudio for stm32 9.0.1/armtools/bin/../lib/gcc/arm-atollic-eabi/6.3.1/armv7e-m/fpu/crtn.o
 *(.fini)
 .fini          0x08006604        0x4 c:/program files (x86)/atollic/truestudio for stm32 9.0.1/armtools/bin/../lib/gcc/arm-atollic-eabi/6.3.1/armv7e-m/fpu/crti.o
                0x08006604                _fini
 .fini          0x08006608        0x8 c:/program files (x86)/atollic/truestudio for stm32 9.0.1/armtools/bin/../lib/gcc/arm-atollic-eabi/6.3.1/armv7e-m/fpu/crtn.o
                0x08006610                . = ALIGN (0x4)
                0x08006610                _etext = .

.vfp11_veneer   0x08006610        0x0
 .vfp11_veneer  0x08006610        0x0 linker stubs

.v4_bx          0x08006610        0x0
 .v4_bx         0x08006610        0x0 linker stubs

.iplt           0x08006610        0x0
 .iplt          0x08006610        0x0 c:/program files (x86)/atollic/truestudio for stm32 9.0.1/armtools/bin/../lib/gcc/arm-atollic-eabi/6.3.1/armv7e-m/fpu/crtbegin.o

.rodata         0x08006610     0x2338
                0x08006610                . = ALIGN (0x4)
 *(.rodata)
 .rodata        0x08006610       0x32 Src\ili9341.o
 *(.rodata*)
 .rodata.flagBitshiftOffset.8480
                0x08006642        0x8 Drivers\STM32F4xx_HAL_Driver\Src\stm32f4xx_hal_dma.o
 .rodata.str1.1
                0x0800664a        0x4 Middlewares\ST\STM32_USB_Host_Library\Class\CDC\Src\usbh_cdc.o
 .rodata.Font16x26
                0x0800664e     0x134c Src\fonts.o
 .rodata.angelcode_28x47
                0x0800799a      0xeb0 Src\fonts.o
                0x0800799a                angelcode_28x47
 .rodata.edit_menu_item.str1.1
                0x0800884a        0x6 Src\menu.o
 .rodata.init_display.str1.1
                0x08008850       0xa3 Src\menu.o
 .rodata.render_menu.str1.1
                0x080088f3        0x3 Src\menu.o
 .rodata.AHBPrescTable
                0x080088f6       0x10 Src\system_stm32f4xx.o
                0x080088f6                AHBPrescTable
 .rodata.APBPrescTable
                0x08008906        0x8 Src\system_stm32f4xx.o
                0x08008906                APBPrescTable
 .rodata.CSWTCH.14
                0x0800890e        0x3 Src\usbh_conf.o
 .rodata.CSWTCH.22
                0x08008911        0x4 Src\usbh_conf.o
 .rodata._svfprintf_r.str1.1
                0x08008915       0x11 c:/program files (x86)/atollic/truestudio for stm32 9.0.1/armtools/bin/../lib/gcc/arm-atollic-eabi/6.3.1/../../../../arm-atollic-eabi/lib/armv7e-m/fpu\libc_nano.a(lib_a-nano-svfprintf.o)
 .rodata._printf_i.str1.1
                0x08008926       0x22 c:/program files (x86)/atollic/truestudio for stm32 9.0.1/armtools/bin/../lib/gcc/arm-atollic-eabi/6.3.1/../../../../arm-atollic-eabi/lib/armv7e-m/fpu\libc_nano.a(lib_a-nano-vfprintf_i.o)
                0x08008948                . = ALIGN (0x4)

.ARM.extab
 *(.ARM.extab* .gnu.linkonce.armextab.*)

.ARM            0x08008948        0x8
                0x08008948                __exidx_start = .
 *(.ARM.exidx*)
 .ARM.exidx     0x08008948        0x8 c:/program files (x86)/atollic/truestudio for stm32 9.0.1/armtools/bin/../lib/gcc/arm-atollic-eabi/6.3.1/armv7e-m/fpu\libgcc.a(_udivmoddi4.o)
                0x08008950                __exidx_end = .

.rel.dyn        0x08008950        0x0
 .rel.iplt      0x08008950        0x0 c:/program files (x86)/atollic/truestudio for stm32 9.0.1/armtools/bin/../lib/gcc/arm-atollic-eabi/6.3.1/armv7e-m/fpu/crtbegin.o

.preinit_array  0x08008950        0x0
                0x08008950                PROVIDE (__preinit_array_start, .)
 *(.preinit_array*)
                0x08008950                PROVIDE (__preinit_array_end, .)

.init_array     0x08008950        0x4
                0x08008950                PROVIDE (__init_array_start, .)
 *(SORT(.init_array.*))
 *(.init_array*)
 .init_array    0x08008950        0x4 c:/program files (x86)/atollic/truestudio for stm32 9.0.1/armtools/bin/../lib/gcc/arm-atollic-eabi/6.3.1/armv7e-m/fpu/crtbegin.o
                0x08008954                PROVIDE (__init_array_end, .)

.fini_array     0x08008954        0x4
                [!provide]                PROVIDE (__fini_array_start, .)
 *(SORT(.fini_array.*))
 *(.fini_array*)
 .fini_array    0x08008954        0x4 c:/program files (x86)/atollic/truestudio for stm32 9.0.1/armtools/bin/../lib/gcc/arm-atollic-eabi/6.3.1/armv7e-m/fpu/crtbegin.o
                [!provide]                PROVIDE (__fini_array_end, .)
                0x08008958                _sidata = LOADADDR (.data)

.data           0x20000000       0xa8 load address 0x08008958
                0x20000000                . = ALIGN (0x4)
                0x20000000                _sdata = .
 *(.data)
 *(.data*)
 .data.uwTickFreq
                0x20000000        0x1 Drivers\STM32F4xx_HAL_Driver\Src\stm32f4xx_hal.o
                0x20000000                uwTickFreq
 *fill*         0x20000001        0x3 
 .data.uwTickPrio
                0x20000004        0x4 Drivers\STM32F4xx_HAL_Driver\Src\stm32f4xx_hal.o
                0x20000004                uwTickPrio
 .data.CDC_Class
                0x20000008       0x20 Middlewares\ST\STM32_USB_Host_Library\Class\CDC\Src\usbh_cdc.o
                0x20000008                CDC_Class
 .data.Font_16x26
                0x20000028        0x8 Src\fonts.o
                0x20000028                Font_16x26
 .data.angelcode_28x47_7seg
                0x20000030        0x8 Src\fonts.o
                0x20000030                angelcode_28x47_7seg
 .data.nr_menuitem_visible
                0x20000038        0x4 Src\menu.o
                0x20000038                nr_menuitem_visible
 .data.systemState
                0x2000003c        0x1 Src\menu.o
                0x2000003c                systemState
 *fill*         0x2000003d        0x3 
 .data.SystemCoreClock
                0x20000040        0x4 Src\system_stm32f4xx.o
                0x20000040                SystemCoreClock
 .data._impure_ptr
                0x20000044        0x4 c:/program files (x86)/atollic/truestudio for stm32 9.0.1/armtools/bin/../lib/gcc/arm-atollic-eabi/6.3.1/../../../../arm-atollic-eabi/lib/armv7e-m/fpu\libc_nano.a(lib_a-impure.o)
                0x20000044                _impure_ptr
 .data.impure_data
                0x20000048       0x60 c:/program files (x86)/atollic/truestudio for stm32 9.0.1/armtools/bin/../lib/gcc/arm-atollic-eabi/6.3.1/../../../../arm-atollic-eabi/lib/armv7e-m/fpu\libc_nano.a(lib_a-impure.o)
                0x200000a8                . = ALIGN (0x4)
                0x200000a8                _edata = .

.igot.plt       0x200000a8        0x0 load address 0x08008a00
 .igot.plt      0x200000a8        0x0 c:/program files (x86)/atollic/truestudio for stm32 9.0.1/armtools/bin/../lib/gcc/arm-atollic-eabi/6.3.1/armv7e-m/fpu/crtbegin.o
                0x200000a8                . = ALIGN (0x4)

.bss            0x200000a8      0x9cc load address 0x08008a00
                0x200000a8                _sbss = .
                0x200000a8                __bss_start__ = _sbss
 *(.bss)
 .bss           0x200000a8       0x1c c:/program files (x86)/atollic/truestudio for stm32 9.0.1/armtools/bin/../lib/gcc/arm-atollic-eabi/6.3.1/armv7e-m/fpu/crtbegin.o
 *(.bss*)
 .bss.tmpreg.8636
                0x200000c4        0x4 Drivers\STM32F4xx_HAL_Driver\Src\stm32f4xx_ll_usb.o
 .bss.counter   0x200000c8        0x4 Src\menu.o
                0x200000c8                counter
 .bss.edit_state
                0x200000cc        0x1 Src\menu.o
                0x200000cc                edit_state
 .bss.edit_state_exit
                0x200000cd        0x1 Src\menu.o
                0x200000cd                edit_state_exit
 *fill*         0x200000ce        0x2 
 .bss.encoder_pos
                0x200000d0        0x4 Src\menu.o
                0x200000d0                encoder_pos
 .bss.encoder_pos_raw
                0x200000d4        0x4 Src\menu.o
                0x200000d4                encoder_pos_raw
 .bss.menu_shift
                0x200000d8        0x1 Src\menu.o
                0x200000d8                menu_shift
 .bss.previousSystemState
                0x200000d9        0x1 Src\menu.o
                0x200000d9                previousSystemState
 .bss.spi4_dma_completed
                0x200000da        0x1 Src\stm32f4xx_it.o
                0x200000da                spi4_dma_completed
 *fill*         0x200000db        0x1 
 .bss.heap_end.7010
                0x200000dc        0x4 Src\syscalls.o
 .bss.Appli_state
                0x200000e0        0x1 Src\usb_host.o
                0x200000e0                Appli_state
 *fill*         0x200000e1        0x3 
 .bss.__malloc_free_list
                0x200000e4        0x4 c:/program files (x86)/atollic/truestudio for stm32 9.0.1/armtools/bin/../lib/gcc/arm-atollic-eabi/6.3.1/../../../../arm-atollic-eabi/lib/armv7e-m/fpu\libc_nano.a(lib_a-nano-mallocr.o)
                0x200000e4                __malloc_free_list
 .bss.__malloc_sbrk_start
                0x200000e8        0x4 c:/program files (x86)/atollic/truestudio for stm32 9.0.1/armtools/bin/../lib/gcc/arm-atollic-eabi/6.3.1/../../../../arm-atollic-eabi/lib/armv7e-m/fpu\libc_nano.a(lib_a-nano-mallocr.o)
                0x200000e8                __malloc_sbrk_start
 *(COMMON)
 COMMON         0x200000ec        0x4 Drivers\STM32F4xx_HAL_Driver\Src\stm32f4xx_hal.o
                0x200000ec                uwTick
 COMMON         0x200000f0       0x20 Drivers\STM32F4xx_HAL_Driver\Src\stm32f4xx_hal_flash.o
                0x200000f0                pFlash
 COMMON         0x20000110        0x1 Src\ili9341.o
                0x20000110                errr
 *fill*         0x20000111        0x3 
 COMMON         0x20000114      0x239 Src\main.o
                0x20000114                hi2c1
                0x20000168                hdma_spi4_tx
                0x200001c8                hspi4
                0x20000220                hspi1
                0x20000278                htim2
                0x200002b8                encoder_cnt
                0x200002bc                hi2s2
                0x20000304                hi2s3
                0x2000034c                buttonDown
 *fill*         0x2000034d        0x3 
 COMMON         0x20000350       0x90 Src\menu.o
                0x20000350                menu_10
                0x20000354                menu_9
                0x20000358                menu_ex
                0x2000035c                menu_12
                0x20000360                menu_4
                0x20000364                menu_7
                0x20000368                menu_00_ex
                0x2000036c                Flash
                0x2000038c                menu_2
                0x20000390                menu_01
                0x20000394                writestate
                0x20000398                menu_5
                0x2000039c                menu_0
                0x200003a0                display_menu_head
                0x200003a4                nr_menuitem
                0x200003a8                set_actual_menu
                0x200003ac                menu_13
                0x200003b0                menu_8
                0x200003b4                storedata
                0x200003b8                menu_3
                0x200003bc                parent_menu_encoder_state
                0x200003c0                menu_15
                0x200003c4                menu_6
                0x200003c8                menu_00
                0x200003cc                menu_01_ex
                0x200003d0                menu_11
                0x200003d4                menu_14
                0x200003d8                menu_1
                0x200003dc                value
 COMMON         0x200003e0      0x3cc Src\usb_host.o
                0x200003e0                hUsbHostFS
 COMMON         0x200007ac      0x2c4 Src\usbh_conf.o
                0x200007ac                hhcd_USB_OTG_FS
 COMMON         0x20000a70        0x4 c:/program files (x86)/atollic/truestudio for stm32 9.0.1/armtools/bin/../lib/gcc/arm-atollic-eabi/6.3.1/../../../../arm-atollic-eabi/lib/armv7e-m/fpu\libc_nano.a(lib_a-reent.o)
                0x20000a70                errno
                0x20000a74                . = ALIGN (0x4)
                0x20000a74                _ebss = .
                0x20000a74                __bss_end__ = _ebss

._user_heap_stack
                0x20000a74      0x600 load address 0x08008a00
                0x20000a74                . = ALIGN (0x4)
                0x20000a74                PROVIDE (end, .)
                [!provide]                PROVIDE (_end, .)
                0x20000c74                . = (. + _Min_Heap_Size)
 *fill*         0x20000a74      0x200 
                0x20001074                . = (. + _Min_Stack_Size)
 *fill*         0x20000c74      0x400 
                0x20001074                . = ALIGN (0x4)

/DISCARD/
 libc.a(*)
 libm.a(*)
 libgcc.a(*)

.ARM.attributes
                0x00000000       0x30
 *(.ARM.attributes)
 .ARM.attributes
                0x00000000       0x22 c:/program files (x86)/atollic/truestudio for stm32 9.0.1/armtools/bin/../lib/gcc/arm-atollic-eabi/6.3.1/armv7e-m/fpu/crti.o
 .ARM.attributes
                0x00000022       0x34 c:/program files (x86)/atollic/truestudio for stm32 9.0.1/armtools/bin/../lib/gcc/arm-atollic-eabi/6.3.1/armv7e-m/fpu/crtbegin.o
 .ARM.attributes
                0x00000056       0x39 Drivers\STM32F4xx_HAL_Driver\Src\stm32f4xx_hal.o
 .ARM.attributes
                0x0000008f       0x39 Drivers\STM32F4xx_HAL_Driver\Src\stm32f4xx_hal_cortex.o
 .ARM.attributes
                0x000000c8       0x39 Drivers\STM32F4xx_HAL_Driver\Src\stm32f4xx_hal_dma.o
 .ARM.attributes
                0x00000101       0x39 Drivers\STM32F4xx_HAL_Driver\Src\stm32f4xx_hal_flash.o
 .ARM.attributes
                0x0000013a       0x39 Drivers\STM32F4xx_HAL_Driver\Src\stm32f4xx_hal_flash_ex.o
 .ARM.attributes
                0x00000173       0x39 Drivers\STM32F4xx_HAL_Driver\Src\stm32f4xx_hal_gpio.o
 .ARM.attributes
                0x000001ac       0x39 Drivers\STM32F4xx_HAL_Driver\Src\stm32f4xx_hal_hcd.o
 .ARM.attributes
                0x000001e5       0x39 Drivers\STM32F4xx_HAL_Driver\Src\stm32f4xx_hal_i2c.o
 .ARM.attributes
                0x0000021e       0x39 Drivers\STM32F4xx_HAL_Driver\Src\stm32f4xx_hal_i2s.o
 .ARM.attributes
                0x00000257       0x39 Drivers\STM32F4xx_HAL_Driver\Src\stm32f4xx_hal_i2s_ex.o
 .ARM.attributes
                0x00000290       0x39 Drivers\STM32F4xx_HAL_Driver\Src\stm32f4xx_hal_rcc.o
 .ARM.attributes
                0x000002c9       0x39 Drivers\STM32F4xx_HAL_Driver\Src\stm32f4xx_hal_rcc_ex.o
 .ARM.attributes
                0x00000302       0x39 Drivers\STM32F4xx_HAL_Driver\Src\stm32f4xx_hal_spi.o
 .ARM.attributes
                0x0000033b       0x39 Drivers\STM32F4xx_HAL_Driver\Src\stm32f4xx_hal_tim.o
 .ARM.attributes
                0x00000374       0x39 Drivers\STM32F4xx_HAL_Driver\Src\stm32f4xx_hal_tim_ex.o
 .ARM.attributes
                0x000003ad       0x39 Drivers\STM32F4xx_HAL_Driver\Src\stm32f4xx_ll_usb.o
 .ARM.attributes
                0x000003e6       0x39 Middlewares\ST\STM32_USB_Host_Library\Class\CDC\Src\usbh_cdc.o
 .ARM.attributes
                0x0000041f       0x39 Middlewares\ST\STM32_USB_Host_Library\Core\Src\usbh_core.o
 .ARM.attributes
                0x00000458       0x39 Middlewares\ST\STM32_USB_Host_Library\Core\Src\usbh_ctlreq.o
 .ARM.attributes
                0x00000491       0x39 Middlewares\ST\STM32_USB_Host_Library\Core\Src\usbh_ioreq.o
 .ARM.attributes
                0x000004ca       0x39 Middlewares\ST\STM32_USB_Host_Library\Core\Src\usbh_pipes.o
 .ARM.attributes
                0x00000503       0x39 Src\fonts.o
 .ARM.attributes
                0x0000053c       0x39 Src\ili9341.o
 .ARM.attributes
                0x00000575       0x39 Src\main.o
 .ARM.attributes
                0x000005ae       0x39 Src\menu.o
 .ARM.attributes
                0x000005e7       0x39 Src\stm32f4xx_hal_msp.o
 .ARM.attributes
                0x00000620       0x39 Src\stm32f4xx_it.o
 .ARM.attributes
                0x00000659       0x39 Src\syscalls.o
 .ARM.attributes
                0x00000692       0x39 Src\system_stm32f4xx.o
 .ARM.attributes
                0x000006cb       0x39 Src\usb_host.o
 .ARM.attributes
                0x00000704       0x39 Src\usbh_conf.o
 .ARM.attributes
                0x0000073d       0x39 Src\usbh_platform.o
 .ARM.attributes
                0x00000776       0x21 startup\startup_stm32f411xe.o
 .ARM.attributes
                0x00000797       0x34 c:/program files (x86)/atollic/truestudio for stm32 9.0.1/armtools/bin/../lib/gcc/arm-atollic-eabi/6.3.1/../../../../arm-atollic-eabi/lib/armv7e-m/fpu\libc_nano.a(lib_a-errno.o)
 .ARM.attributes
                0x000007cb       0x34 c:/program files (x86)/atollic/truestudio for stm32 9.0.1/armtools/bin/../lib/gcc/arm-atollic-eabi/6.3.1/../../../../arm-atollic-eabi/lib/armv7e-m/fpu\libc_nano.a(lib_a-impure.o)
 .ARM.attributes
                0x000007ff       0x34 c:/program files (x86)/atollic/truestudio for stm32 9.0.1/armtools/bin/../lib/gcc/arm-atollic-eabi/6.3.1/../../../../arm-atollic-eabi/lib/armv7e-m/fpu\libc_nano.a(lib_a-init.o)
 .ARM.attributes
                0x00000833       0x34 c:/program files (x86)/atollic/truestudio for stm32 9.0.1/armtools/bin/../lib/gcc/arm-atollic-eabi/6.3.1/../../../../arm-atollic-eabi/lib/armv7e-m/fpu\libc_nano.a(lib_a-malloc.o)
 .ARM.attributes
                0x00000867       0x34 c:/program files (x86)/atollic/truestudio for stm32 9.0.1/armtools/bin/../lib/gcc/arm-atollic-eabi/6.3.1/../../../../arm-atollic-eabi/lib/armv7e-m/fpu\libc_nano.a(lib_a-memset.o)
 .ARM.attributes
                0x0000089b       0x34 c:/program files (x86)/atollic/truestudio for stm32 9.0.1/armtools/bin/../lib/gcc/arm-atollic-eabi/6.3.1/../../../../arm-atollic-eabi/lib/armv7e-m/fpu\libc_nano.a(lib_a-nano-freer.o)
 .ARM.attributes
                0x000008cf       0x34 c:/program files (x86)/atollic/truestudio for stm32 9.0.1/armtools/bin/../lib/gcc/arm-atollic-eabi/6.3.1/../../../../arm-atollic-eabi/lib/armv7e-m/fpu\libc_nano.a(lib_a-nano-mallocr.o)
 .ARM.attributes
                0x00000903       0x34 c:/program files (x86)/atollic/truestudio for stm32 9.0.1/armtools/bin/../lib/gcc/arm-atollic-eabi/6.3.1/../../../../arm-atollic-eabi/lib/armv7e-m/fpu\libc_nano.a(lib_a-sbrkr.o)
 .ARM.attributes
                0x00000937       0x34 c:/program files (x86)/atollic/truestudio for stm32 9.0.1/armtools/bin/../lib/gcc/arm-atollic-eabi/6.3.1/../../../../arm-atollic-eabi/lib/armv7e-m/fpu\libc_nano.a(lib_a-snprintf.o)
 .ARM.attributes
                0x0000096b       0x34 c:/program files (x86)/atollic/truestudio for stm32 9.0.1/armtools/bin/../lib/gcc/arm-atollic-eabi/6.3.1/../../../../arm-atollic-eabi/lib/armv7e-m/fpu\libc_nano.a(lib_a-mlock.o)
 .ARM.attributes
                0x0000099f       0x34 c:/program files (x86)/atollic/truestudio for stm32 9.0.1/armtools/bin/../lib/gcc/arm-atollic-eabi/6.3.1/../../../../arm-atollic-eabi/lib/armv7e-m/fpu\libc_nano.a(lib_a-nano-svfprintf.o)
 .ARM.attributes
                0x000009d3       0x34 c:/program files (x86)/atollic/truestudio for stm32 9.0.1/armtools/bin/../lib/gcc/arm-atollic-eabi/6.3.1/../../../../arm-atollic-eabi/lib/armv7e-m/fpu\libc_nano.a(lib_a-nano-vfprintf_i.o)
 .ARM.attributes
                0x00000a07       0x34 c:/program files (x86)/atollic/truestudio for stm32 9.0.1/armtools/bin/../lib/gcc/arm-atollic-eabi/6.3.1/../../../../arm-atollic-eabi/lib/armv7e-m/fpu\libc_nano.a(lib_a-reent.o)
 .ARM.attributes
                0x00000a3b       0x20 c:/program files (x86)/atollic/truestudio for stm32 9.0.1/armtools/bin/../lib/gcc/arm-atollic-eabi/6.3.1/../../../../arm-atollic-eabi/lib/armv7e-m/fpu\libc_nano.a(lib_a-memchr.o)
 .ARM.attributes
                0x00000a5b       0x34 c:/program files (x86)/atollic/truestudio for stm32 9.0.1/armtools/bin/../lib/gcc/arm-atollic-eabi/6.3.1/../../../../arm-atollic-eabi/lib/armv7e-m/fpu\libc_nano.a(lib_a-memcpy-stub.o)
 .ARM.attributes
                0x00000a8f       0x34 c:/program files (x86)/atollic/truestudio for stm32 9.0.1/armtools/bin/../lib/gcc/arm-atollic-eabi/6.3.1/../../../../arm-atollic-eabi/lib/armv7e-m/fpu\libc_nano.a(lib_a-memmove.o)
 .ARM.attributes
                0x00000ac3       0x34 c:/program files (x86)/atollic/truestudio for stm32 9.0.1/armtools/bin/../lib/gcc/arm-atollic-eabi/6.3.1/../../../../arm-atollic-eabi/lib/armv7e-m/fpu\libc_nano.a(lib_a-nano-reallocr.o)
 .ARM.attributes
                0x00000af7       0x34 c:/program files (x86)/atollic/truestudio for stm32 9.0.1/armtools/bin/../lib/gcc/arm-atollic-eabi/6.3.1/../../../../arm-atollic-eabi/lib/armv7e-m/fpu\libc_nano.a(lib_a-nano-msizer.o)
 .ARM.attributes
                0x00000b2b       0x22 c:/program files (x86)/atollic/truestudio for stm32 9.0.1/armtools/bin/../lib/gcc/arm-atollic-eabi/6.3.1/armv7e-m/fpu\libgcc.a(_aeabi_uldivmod.o)
 .ARM.attributes
                0x00000b4d       0x34 c:/program files (x86)/atollic/truestudio for stm32 9.0.1/armtools/bin/../lib/gcc/arm-atollic-eabi/6.3.1/armv7e-m/fpu\libgcc.a(_udivmoddi4.o)
 .ARM.attributes
                0x00000b81       0x22 c:/program files (x86)/atollic/truestudio for stm32 9.0.1/armtools/bin/../lib/gcc/arm-atollic-eabi/6.3.1/armv7e-m/fpu\libgcc.a(_dvmd_tls.o)
 .ARM.attributes
                0x00000ba3       0x22 c:/program files (x86)/atollic/truestudio for stm32 9.0.1/armtools/bin/../lib/gcc/arm-atollic-eabi/6.3.1/armv7e-m/fpu/crtn.o
OUTPUT(stm32f411_ili_5_mukodo_menurendszer.elf elf32-littlearm)

.debug_info     0x00000000    0x285ef
 .debug_info    0x00000000      0x983 Drivers\STM32F4xx_HAL_Driver\Src\stm32f4xx_hal.o
 .debug_info    0x00000983      0xea9 Drivers\STM32F4xx_HAL_Driver\Src\stm32f4xx_hal_cortex.o
 .debug_info    0x0000182c      0xa44 Drivers\STM32F4xx_HAL_Driver\Src\stm32f4xx_hal_dma.o
 .debug_info    0x00002270      0x743 Drivers\STM32F4xx_HAL_Driver\Src\stm32f4xx_hal_flash.o
 .debug_info    0x000029b3      0xa2c Drivers\STM32F4xx_HAL_Driver\Src\stm32f4xx_hal_flash_ex.o
 .debug_info    0x000033df      0x79d Drivers\STM32F4xx_HAL_Driver\Src\stm32f4xx_hal_gpio.o
 .debug_info    0x00003b7c     0x1273 Drivers\STM32F4xx_HAL_Driver\Src\stm32f4xx_hal_hcd.o
 .debug_info    0x00004def     0x3354 Drivers\STM32F4xx_HAL_Driver\Src\stm32f4xx_hal_i2c.o
 .debug_info    0x00008143      0xf5a Drivers\STM32F4xx_HAL_Driver\Src\stm32f4xx_hal_i2s.o
 .debug_info    0x0000909d      0xd83 Drivers\STM32F4xx_HAL_Driver\Src\stm32f4xx_hal_i2s_ex.o
 .debug_info    0x00009e20      0xa81 Drivers\STM32F4xx_HAL_Driver\Src\stm32f4xx_hal_rcc.o
 .debug_info    0x0000a8a1      0x6cc Drivers\STM32F4xx_HAL_Driver\Src\stm32f4xx_hal_rcc_ex.o
 .debug_info    0x0000af6d     0x1d92 Drivers\STM32F4xx_HAL_Driver\Src\stm32f4xx_hal_spi.o
 .debug_info    0x0000ccff     0x34c7 Drivers\STM32F4xx_HAL_Driver\Src\stm32f4xx_hal_tim.o
 .debug_info    0x000101c6     0x12f6 Drivers\STM32F4xx_HAL_Driver\Src\stm32f4xx_hal_tim_ex.o
 .debug_info    0x000114bc     0x1b55 Drivers\STM32F4xx_HAL_Driver\Src\stm32f4xx_ll_usb.o
 .debug_info    0x00013011     0x1ed2 Middlewares\ST\STM32_USB_Host_Library\Class\CDC\Src\usbh_cdc.o
 .debug_info    0x00014ee3     0x1b09 Middlewares\ST\STM32_USB_Host_Library\Core\Src\usbh_core.o
 .debug_info    0x000169ec     0x1acd Middlewares\ST\STM32_USB_Host_Library\Core\Src\usbh_ctlreq.o
 .debug_info    0x000184b9     0x1696 Middlewares\ST\STM32_USB_Host_Library\Core\Src\usbh_ioreq.o
 .debug_info    0x00019b4f     0x12f8 Middlewares\ST\STM32_USB_Host_Library\Core\Src\usbh_pipes.o
 .debug_info    0x0001ae47      0x226 Src\fonts.o
 .debug_info    0x0001b06d     0x186f Src\ili9341.o
 .debug_info    0x0001c8dc     0x1bfc Src\main.o
 .debug_info    0x0001e4d8     0x2cbe Src\menu.o
 .debug_info    0x00021196     0x1761 Src\stm32f4xx_hal_msp.o
 .debug_info    0x000228f7      0xe33 Src\stm32f4xx_it.o
 .debug_info    0x0002372a      0xfe1 Src\syscalls.o
 .debug_info    0x0002470b      0x534 Src\system_stm32f4xx.o
 .debug_info    0x00024c3f     0x1298 Src\usb_host.o
 .debug_info    0x00025ed7     0x245c Src\usbh_conf.o
 .debug_info    0x00028333      0x253 Src\usbh_platform.o
 .debug_info    0x00028586       0x69 startup\startup_stm32f411xe.o

.debug_abbrev   0x00000000     0x58b5
 .debug_abbrev  0x00000000      0x268 Drivers\STM32F4xx_HAL_Driver\Src\stm32f4xx_hal.o
 .debug_abbrev  0x00000268      0x314 Drivers\STM32F4xx_HAL_Driver\Src\stm32f4xx_hal_cortex.o
 .debug_abbrev  0x0000057c      0x2b0 Drivers\STM32F4xx_HAL_Driver\Src\stm32f4xx_hal_dma.o
 .debug_abbrev  0x0000082c      0x2c9 Drivers\STM32F4xx_HAL_Driver\Src\stm32f4xx_hal_flash.o
 .debug_abbrev  0x00000af5      0x2da Drivers\STM32F4xx_HAL_Driver\Src\stm32f4xx_hal_flash_ex.o
 .debug_abbrev  0x00000dcf      0x1ef Drivers\STM32F4xx_HAL_Driver\Src\stm32f4xx_hal_gpio.o
 .debug_abbrev  0x00000fbe      0x319 Drivers\STM32F4xx_HAL_Driver\Src\stm32f4xx_hal_hcd.o
 .debug_abbrev  0x000012d7      0x3a8 Drivers\STM32F4xx_HAL_Driver\Src\stm32f4xx_hal_i2c.o
 .debug_abbrev  0x0000167f      0x2af Drivers\STM32F4xx_HAL_Driver\Src\stm32f4xx_hal_i2s.o
 .debug_abbrev  0x0000192e      0x310 Drivers\STM32F4xx_HAL_Driver\Src\stm32f4xx_hal_i2s_ex.o
 .debug_abbrev  0x00001c3e      0x2cb Drivers\STM32F4xx_HAL_Driver\Src\stm32f4xx_hal_rcc.o
 .debug_abbrev  0x00001f09      0x172 Drivers\STM32F4xx_HAL_Driver\Src\stm32f4xx_hal_rcc_ex.o
 .debug_abbrev  0x0000207b      0x335 Drivers\STM32F4xx_HAL_Driver\Src\stm32f4xx_hal_spi.o
 .debug_abbrev  0x000023b0      0x333 Drivers\STM32F4xx_HAL_Driver\Src\stm32f4xx_hal_tim.o
 .debug_abbrev  0x000026e3      0x2ab Drivers\STM32F4xx_HAL_Driver\Src\stm32f4xx_hal_tim_ex.o
 .debug_abbrev  0x0000298e      0x33b Drivers\STM32F4xx_HAL_Driver\Src\stm32f4xx_ll_usb.o
 .debug_abbrev  0x00002cc9      0x3ca Middlewares\ST\STM32_USB_Host_Library\Class\CDC\Src\usbh_cdc.o
 .debug_abbrev  0x00003093      0x3ea Middlewares\ST\STM32_USB_Host_Library\Core\Src\usbh_core.o
 .debug_abbrev  0x0000347d      0x3be Middlewares\ST\STM32_USB_Host_Library\Core\Src\usbh_ctlreq.o
 .debug_abbrev  0x0000383b      0x271 Middlewares\ST\STM32_USB_Host_Library\Core\Src\usbh_ioreq.o
 .debug_abbrev  0x00003aac      0x2c6 Middlewares\ST\STM32_USB_Host_Library\Core\Src\usbh_pipes.o
 .debug_abbrev  0x00003d72       0xb8 Src\fonts.o
 .debug_abbrev  0x00003e2a      0x3bd Src\ili9341.o
 .debug_abbrev  0x000041e7      0x2b8 Src\main.o
 .debug_abbrev  0x0000449f      0x3db Src\menu.o
 .debug_abbrev  0x0000487a      0x249 Src\stm32f4xx_hal_msp.o
 .debug_abbrev  0x00004ac3      0x227 Src\stm32f4xx_it.o
 .debug_abbrev  0x00004cea      0x2d9 Src\syscalls.o
 .debug_abbrev  0x00004fc3      0x10e Src\system_stm32f4xx.o
 .debug_abbrev  0x000050d1      0x2b4 Src\usb_host.o
 .debug_abbrev  0x00005385      0x3f2 Src\usbh_conf.o
 .debug_abbrev  0x00005777      0x12c Src\usbh_platform.o
 .debug_abbrev  0x000058a3       0x12 startup\startup_stm32f411xe.o

.debug_loc      0x00000000    0x11e44
 .debug_loc     0x00000000      0x11b Drivers\STM32F4xx_HAL_Driver\Src\stm32f4xx_hal.o
 .debug_loc     0x0000011b      0x4fb Drivers\STM32F4xx_HAL_Driver\Src\stm32f4xx_hal_cortex.o
 .debug_loc     0x00000616      0x727 Drivers\STM32F4xx_HAL_Driver\Src\stm32f4xx_hal_dma.o
 .debug_loc     0x00000d3d      0x2d9 Drivers\STM32F4xx_HAL_Driver\Src\stm32f4xx_hal_flash.o
 .debug_loc     0x00001016      0x4da Drivers\STM32F4xx_HAL_Driver\Src\stm32f4xx_hal_flash_ex.o
 .debug_loc     0x000014f0      0x321 Drivers\STM32F4xx_HAL_Driver\Src\stm32f4xx_hal_gpio.o
 .debug_loc     0x00001811      0x9c1 Drivers\STM32F4xx_HAL_Driver\Src\stm32f4xx_hal_hcd.o
 .debug_loc     0x000021d2     0x2f30 Drivers\STM32F4xx_HAL_Driver\Src\stm32f4xx_hal_i2c.o
 .debug_loc     0x00005102      0x9bf Drivers\STM32F4xx_HAL_Driver\Src\stm32f4xx_hal_i2s.o
 .debug_loc     0x00005ac1      0x745 Drivers\STM32F4xx_HAL_Driver\Src\stm32f4xx_hal_i2s_ex.o
 .debug_loc     0x00006206      0x336 Drivers\STM32F4xx_HAL_Driver\Src\stm32f4xx_hal_rcc.o
 .debug_loc     0x0000653c      0x2f5 Drivers\STM32F4xx_HAL_Driver\Src\stm32f4xx_hal_rcc_ex.o
 .debug_loc     0x00006831     0x1830 Drivers\STM32F4xx_HAL_Driver\Src\stm32f4xx_hal_spi.o
 .debug_loc     0x00008061     0x2f57 Drivers\STM32F4xx_HAL_Driver\Src\stm32f4xx_hal_tim.o
 .debug_loc     0x0000afb8      0xa7c Drivers\STM32F4xx_HAL_Driver\Src\stm32f4xx_hal_tim_ex.o
 .debug_loc     0x0000ba34     0x1b55 Drivers\STM32F4xx_HAL_Driver\Src\stm32f4xx_ll_usb.o
 .debug_loc     0x0000d589      0x6dd Middlewares\ST\STM32_USB_Host_Library\Class\CDC\Src\usbh_cdc.o
 .debug_loc     0x0000dc66      0x79a Middlewares\ST\STM32_USB_Host_Library\Core\Src\usbh_core.o
 .debug_loc     0x0000e400      0x888 Middlewares\ST\STM32_USB_Host_Library\Core\Src\usbh_ctlreq.o
 .debug_loc     0x0000ec88      0x57d Middlewares\ST\STM32_USB_Host_Library\Core\Src\usbh_ioreq.o
 .debug_loc     0x0000f205      0x196 Middlewares\ST\STM32_USB_Host_Library\Core\Src\usbh_pipes.o
 .debug_loc     0x0000f39b      0xbe8 Src\ili9341.o
 .debug_loc     0x0000ff83     0x1023 Src\menu.o
 .debug_loc     0x00010fa6      0x1b3 Src\stm32f4xx_hal_msp.o
 .debug_loc     0x00011159      0x3ef Src\syscalls.o
 .debug_loc     0x00011548      0x11c Src\system_stm32f4xx.o
 .debug_loc     0x00011664      0x794 Src\usbh_conf.o
 .debug_loc     0x00011df8       0x4c Src\usbh_platform.o

.debug_aranges  0x00000000     0x1538
 .debug_aranges
                0x00000000       0xe8 Drivers\STM32F4xx_HAL_Driver\Src\stm32f4xx_hal.o
 .debug_aranges
                0x000000e8       0xa8 Drivers\STM32F4xx_HAL_Driver\Src\stm32f4xx_hal_cortex.o
 .debug_aranges
                0x00000190       0x80 Drivers\STM32F4xx_HAL_Driver\Src\stm32f4xx_hal_dma.o
 .debug_aranges
                0x00000210       0x90 Drivers\STM32F4xx_HAL_Driver\Src\stm32f4xx_hal_flash.o
 .debug_aranges
                0x000002a0       0x70 Drivers\STM32F4xx_HAL_Driver\Src\stm32f4xx_hal_flash_ex.o
 .debug_aranges
                0x00000310       0x58 Drivers\STM32F4xx_HAL_Driver\Src\stm32f4xx_hal_gpio.o
 .debug_aranges
                0x00000368       0xa0 Drivers\STM32F4xx_HAL_Driver\Src\stm32f4xx_hal_hcd.o
 .debug_aranges
                0x00000408      0x1b0 Drivers\STM32F4xx_HAL_Driver\Src\stm32f4xx_hal_i2c.o
 .debug_aranges
                0x000005b8       0xc8 Drivers\STM32F4xx_HAL_Driver\Src\stm32f4xx_hal_i2s.o
 .debug_aranges
                0x00000680       0x60 Drivers\STM32F4xx_HAL_Driver\Src\stm32f4xx_hal_i2s_ex.o
 .debug_aranges
                0x000006e0       0x88 Drivers\STM32F4xx_HAL_Driver\Src\stm32f4xx_hal_rcc.o
 .debug_aranges
                0x00000768       0x50 Drivers\STM32F4xx_HAL_Driver\Src\stm32f4xx_hal_rcc_ex.o
 .debug_aranges
                0x000007b8      0x188 Drivers\STM32F4xx_HAL_Driver\Src\stm32f4xx_hal_spi.o
 .debug_aranges
                0x00000940      0x278 Drivers\STM32F4xx_HAL_Driver\Src\stm32f4xx_hal_tim.o
 .debug_aranges
                0x00000bb8       0xf8 Drivers\STM32F4xx_HAL_Driver\Src\stm32f4xx_hal_tim_ex.o
 .debug_aranges
                0x00000cb0      0x198 Drivers\STM32F4xx_HAL_Driver\Src\stm32f4xx_ll_usb.o
 .debug_aranges
                0x00000e48       0x78 Middlewares\ST\STM32_USB_Host_Library\Class\CDC\Src\usbh_cdc.o
 .debug_aranges
                0x00000ec0       0xb0 Middlewares\ST\STM32_USB_Host_Library\Core\Src\usbh_core.o
 .debug_aranges
                0x00000f70       0x70 Middlewares\ST\STM32_USB_Host_Library\Core\Src\usbh_ctlreq.o
 .debug_aranges
                0x00000fe0       0x60 Middlewares\ST\STM32_USB_Host_Library\Core\Src\usbh_ioreq.o
 .debug_aranges
                0x00001040       0x38 Middlewares\ST\STM32_USB_Host_Library\Core\Src\usbh_pipes.o
 .debug_aranges
                0x00001078       0x18 Src\fonts.o
 .debug_aranges
                0x00001090       0x90 Src\ili9341.o
 .debug_aranges
                0x00001120       0x30 Src\main.o
 .debug_aranges
                0x00001150       0xf0 Src\menu.o
 .debug_aranges
                0x00001240       0x60 Src\stm32f4xx_hal_msp.o
 .debug_aranges
                0x000012a0       0x70 Src\stm32f4xx_it.o
 .debug_aranges
                0x00001310       0xb0 Src\syscalls.o
 .debug_aranges
                0x000013c0       0x28 Src\system_stm32f4xx.o
 .debug_aranges
                0x000013e8       0x30 Src\usb_host.o
 .debug_aranges
                0x00001418       0xd8 Src\usbh_conf.o
 .debug_aranges
                0x000014f0       0x20 Src\usbh_platform.o
 .debug_aranges
                0x00001510       0x28 startup\startup_stm32f411xe.o

.debug_ranges   0x00000000     0x20e0
 .debug_ranges  0x00000000       0xd8 Drivers\STM32F4xx_HAL_Driver\Src\stm32f4xx_hal.o
 .debug_ranges  0x000000d8      0x128 Drivers\STM32F4xx_HAL_Driver\Src\stm32f4xx_hal_cortex.o
 .debug_ranges  0x00000200       0xc8 Drivers\STM32F4xx_HAL_Driver\Src\stm32f4xx_hal_dma.o
 .debug_ranges  0x000002c8       0xb0 Drivers\STM32F4xx_HAL_Driver\Src\stm32f4xx_hal_flash.o
 .debug_ranges  0x00000378      0x110 Drivers\STM32F4xx_HAL_Driver\Src\stm32f4xx_hal_flash_ex.o
 .debug_ranges  0x00000488       0x68 Drivers\STM32F4xx_HAL_Driver\Src\stm32f4xx_hal_gpio.o
 .debug_ranges  0x000004f0       0xf8 Drivers\STM32F4xx_HAL_Driver\Src\stm32f4xx_hal_hcd.o
 .debug_ranges  0x000005e8      0x3d0 Drivers\STM32F4xx_HAL_Driver\Src\stm32f4xx_hal_i2c.o
 .debug_ranges  0x000009b8       0xb8 Drivers\STM32F4xx_HAL_Driver\Src\stm32f4xx_hal_i2s.o
 .debug_ranges  0x00000a70       0x50 Drivers\STM32F4xx_HAL_Driver\Src\stm32f4xx_hal_i2s_ex.o
 .debug_ranges  0x00000ac0       0xb0 Drivers\STM32F4xx_HAL_Driver\Src\stm32f4xx_hal_rcc.o
 .debug_ranges  0x00000b70       0x58 Drivers\STM32F4xx_HAL_Driver\Src\stm32f4xx_hal_rcc_ex.o
 .debug_ranges  0x00000bc8      0x238 Drivers\STM32F4xx_HAL_Driver\Src\stm32f4xx_hal_spi.o
 .debug_ranges  0x00000e00      0x340 Drivers\STM32F4xx_HAL_Driver\Src\stm32f4xx_hal_tim.o
 .debug_ranges  0x00001140       0xe8 Drivers\STM32F4xx_HAL_Driver\Src\stm32f4xx_hal_tim_ex.o
 .debug_ranges  0x00001228      0x1a0 Drivers\STM32F4xx_HAL_Driver\Src\stm32f4xx_ll_usb.o
 .debug_ranges  0x000013c8       0xc8 Middlewares\ST\STM32_USB_Host_Library\Class\CDC\Src\usbh_cdc.o
 .debug_ranges  0x00001490       0xa0 Middlewares\ST\STM32_USB_Host_Library\Core\Src\usbh_core.o
 .debug_ranges  0x00001530      0x120 Middlewares\ST\STM32_USB_Host_Library\Core\Src\usbh_ctlreq.o
 .debug_ranges  0x00001650       0x50 Middlewares\ST\STM32_USB_Host_Library\Core\Src\usbh_ioreq.o
 .debug_ranges  0x000016a0       0x48 Middlewares\ST\STM32_USB_Host_Library\Core\Src\usbh_pipes.o
 .debug_ranges  0x000016e8      0x100 Src\ili9341.o
 .debug_ranges  0x000017e8      0x100 Src\main.o
 .debug_ranges  0x000018e8      0x4a0 Src\menu.o
 .debug_ranges  0x00001d88       0xf8 Src\stm32f4xx_hal_msp.o
 .debug_ranges  0x00001e80       0x60 Src\stm32f4xx_it.o
 .debug_ranges  0x00001ee0       0xa0 Src\syscalls.o
 .debug_ranges  0x00001f80       0x18 Src\system_stm32f4xx.o
 .debug_ranges  0x00001f98       0x20 Src\usb_host.o
 .debug_ranges  0x00001fb8       0xf8 Src\usbh_conf.o
 .debug_ranges  0x000020b0       0x10 Src\usbh_platform.o
 .debug_ranges  0x000020c0       0x20 startup\startup_stm32f411xe.o

.debug_line     0x00000000     0xbfb9
 .debug_line    0x00000000      0x41b Drivers\STM32F4xx_HAL_Driver\Src\stm32f4xx_hal.o
 .debug_line    0x0000041b      0x456 Drivers\STM32F4xx_HAL_Driver\Src\stm32f4xx_hal_cortex.o
 .debug_line    0x00000871      0x56f Drivers\STM32F4xx_HAL_Driver\Src\stm32f4xx_hal_dma.o
 .debug_line    0x00000de0      0x44a Drivers\STM32F4xx_HAL_Driver\Src\stm32f4xx_hal_flash.o
 .debug_line    0x0000122a      0x464 Drivers\STM32F4xx_HAL_Driver\Src\stm32f4xx_hal_flash_ex.o
 .debug_line    0x0000168e      0x3c9 Drivers\STM32F4xx_HAL_Driver\Src\stm32f4xx_hal_gpio.o
 .debug_line    0x00001a57      0x5d9 Drivers\STM32F4xx_HAL_Driver\Src\stm32f4xx_hal_hcd.o
 .debug_line    0x00002030     0x1bf1 Drivers\STM32F4xx_HAL_Driver\Src\stm32f4xx_hal_i2c.o
 .debug_line    0x00003c21      0x6a5 Drivers\STM32F4xx_HAL_Driver\Src\stm32f4xx_hal_i2s.o
 .debug_line    0x000042c6      0x57f Drivers\STM32F4xx_HAL_Driver\Src\stm32f4xx_hal_i2s_ex.o
 .debug_line    0x00004845      0x4f4 Drivers\STM32F4xx_HAL_Driver\Src\stm32f4xx_hal_rcc.o
 .debug_line    0x00004d39      0x3b2 Drivers\STM32F4xx_HAL_Driver\Src\stm32f4xx_hal_rcc_ex.o
 .debug_line    0x000050eb      0xb7b Drivers\STM32F4xx_HAL_Driver\Src\stm32f4xx_hal_spi.o
 .debug_line    0x00005c66     0x10cb Drivers\STM32F4xx_HAL_Driver\Src\stm32f4xx_hal_tim.o
 .debug_line    0x00006d31      0x67d Drivers\STM32F4xx_HAL_Driver\Src\stm32f4xx_hal_tim_ex.o
 .debug_line    0x000073ae      0x947 Drivers\STM32F4xx_HAL_Driver\Src\stm32f4xx_ll_usb.o
 .debug_line    0x00007cf5      0x58c Middlewares\ST\STM32_USB_Host_Library\Class\CDC\Src\usbh_cdc.o
 .debug_line    0x00008281      0x593 Middlewares\ST\STM32_USB_Host_Library\Core\Src\usbh_core.o
 .debug_line    0x00008814      0x522 Middlewares\ST\STM32_USB_Host_Library\Core\Src\usbh_ctlreq.o
 .debug_line    0x00008d36      0x3d8 Middlewares\ST\STM32_USB_Host_Library\Core\Src\usbh_ioreq.o
 .debug_line    0x0000910e      0x367 Middlewares\ST\STM32_USB_Host_Library\Core\Src\usbh_pipes.o
 .debug_line    0x00009475      0x126 Src\fonts.o
 .debug_line    0x0000959b      0x565 Src\ili9341.o
 .debug_line    0x00009b00      0x456 Src\main.o
 .debug_line    0x00009f56      0x805 Src\menu.o
 .debug_line    0x0000a75b      0x41d Src\stm32f4xx_hal_msp.o
 .debug_line    0x0000ab78      0x30f Src\stm32f4xx_it.o
 .debug_line    0x0000ae87      0x3bb Src\syscalls.o
 .debug_line    0x0000b242      0x1de Src\system_stm32f4xx.o
 .debug_line    0x0000b420      0x383 Src\usb_host.o
 .debug_line    0x0000b7a3      0x5b2 Src\usbh_conf.o
 .debug_line    0x0000bd55      0x1e5 Src\usbh_platform.o
 .debug_line    0x0000bf3a       0x7f startup\startup_stm32f411xe.o

.debug_str      0x00000000     0x7e94
 .debug_str     0x00000000      0x9f2 Drivers\STM32F4xx_HAL_Driver\Src\stm32f4xx_hal.o
                                0xa60 (size before relaxing)
 .debug_str     0x000009f2      0x4a1 Drivers\STM32F4xx_HAL_Driver\Src\stm32f4xx_hal_cortex.o
                                0xb19 (size before relaxing)
 .debug_str     0x00000e93      0x508 Drivers\STM32F4xx_HAL_Driver\Src\stm32f4xx_hal_dma.o
                                0x7bd (size before relaxing)
 .debug_str     0x0000139b      0x2be Drivers\STM32F4xx_HAL_Driver\Src\stm32f4xx_hal_flash.o
                                0x59b (size before relaxing)
 .debug_str     0x00001659      0x2f8 Drivers\STM32F4xx_HAL_Driver\Src\stm32f4xx_hal_flash_ex.o
                                0x6c4 (size before relaxing)
 .debug_str     0x00001951      0x1cd Drivers\STM32F4xx_HAL_Driver\Src\stm32f4xx_hal_gpio.o
                                0x549 (size before relaxing)
 .debug_str     0x00001b1e      0x844 Drivers\STM32F4xx_HAL_Driver\Src\stm32f4xx_hal_hcd.o
                                0xb33 (size before relaxing)
 .debug_str     0x00002362      0xae1 Drivers\STM32F4xx_HAL_Driver\Src\stm32f4xx_hal_i2c.o
                               0x1049 (size before relaxing)
 .debug_str     0x00002e43      0x434 Drivers\STM32F4xx_HAL_Driver\Src\stm32f4xx_hal_i2s.o
                                0x999 (size before relaxing)
 .debug_str     0x00003277      0x1f1 Drivers\STM32F4xx_HAL_Driver\Src\stm32f4xx_hal_i2s_ex.o
                                0x8da (size before relaxing)
 .debug_str     0x00003468      0x2be Drivers\STM32F4xx_HAL_Driver\Src\stm32f4xx_hal_rcc.o
                                0x71c (size before relaxing)
 .debug_str     0x00003726      0x18f Drivers\STM32F4xx_HAL_Driver\Src\stm32f4xx_hal_rcc_ex.o
                                0x54b (size before relaxing)
 .debug_str     0x000038b5      0x649 Drivers\STM32F4xx_HAL_Driver\Src\stm32f4xx_hal_spi.o
                                0xc20 (size before relaxing)
 .debug_str     0x00003efe      0xfe6 Drivers\STM32F4xx_HAL_Driver\Src\stm32f4xx_hal_tim.o
                               0x1514 (size before relaxing)
 .debug_str     0x00004ee4      0x548 Drivers\STM32F4xx_HAL_Driver\Src\stm32f4xx_hal_tim_ex.o
                                0xd2c (size before relaxing)
 .debug_str     0x0000542c      0x502 Drivers\STM32F4xx_HAL_Driver\Src\stm32f4xx_ll_usb.o
                                0xc93 (size before relaxing)
 .debug_str     0x0000592e     0x1250 Middlewares\ST\STM32_USB_Host_Library\Class\CDC\Src\usbh_cdc.o
                               0x15a1 (size before relaxing)
 .debug_str     0x00006b7e      0x2ac Middlewares\ST\STM32_USB_Host_Library\Core\Src\usbh_core.o
                               0x1133 (size before relaxing)
 .debug_str     0x00006e2a      0x1db Middlewares\ST\STM32_USB_Host_Library\Core\Src\usbh_ctlreq.o
                               0x1111 (size before relaxing)
 .debug_str     0x00007005       0xb2 Middlewares\ST\STM32_USB_Host_Library\Core\Src\usbh_ioreq.o
                                0xf46 (size before relaxing)
 .debug_str     0x000070b7       0x80 Middlewares\ST\STM32_USB_Host_Library\Core\Src\usbh_pipes.o
                                0xedc (size before relaxing)
 .debug_str     0x00007137       0xa3 Src\fonts.o
                                0x246 (size before relaxing)
 .debug_str     0x000071da      0x1d9 Src\ili9341.o
                                0x960 (size before relaxing)
 .debug_str     0x000073b3      0x158 Src\main.o
                               0x1681 (size before relaxing)
 .debug_str     0x0000750b      0x48d Src\menu.o
                               0x139e (size before relaxing)
 .debug_str     0x00007998       0x28 Src\stm32f4xx_hal_msp.o
                               0x12a3 (size before relaxing)
 .debug_str     0x000079c0      0x100 Src\stm32f4xx_it.o
                                0xd46 (size before relaxing)
 .debug_str     0x00007ac0      0x246 Src\syscalls.o
                                0x86b (size before relaxing)
 .debug_str     0x00007d06       0x45 Src\system_stm32f4xx.o