ili9341.c:10:13:ILI9341_Select	8	static
ili9341.c:14:6:ILI9341_Unselect	8	static
ili9341.c:18:13:ILI9341_Reset	8	static
ili9341.c:24:13:ILI9341_WriteCommand	16	static
ili9341.c:32:13:ILI9341_WriteData	24	static
ili9341.c:48:13:ILI9341_SetAddressWindow	32	static
ili9341.c:67:6:ILI9341_Init	120	static
ili9341.c:223:6:ili9341_drawline	32	static
ili9341.c:233:6:ILI9341_DrawPixel	24	static
ili9341.c:246:13:ILI9341_WriteChar	64	dynamic
ili9341.c:269:6:ILI9341_WriteString	32	static
ili9341.c:295:17:ILI9341_WriteChar8	112	dynamic
ili9341.c:391:6:ILI9341_WriteString8	40	static
ili9341.c:419:6:ILI9341_FillRectangle	56	dynamic
ili9341.c:447:6:ILI9341_FillScreen	24	static
ili9341.c:451:6:ILI9341_DrawImage	24	static
ili9341.c:462:6:ILI9341_InvertColors	16	static
ili9341.c:468:6:ILI9341_WriteChar_2	72	dynamic
ili9341.c:505:6:ILI9341_WriteNumber_float	64	static
ili9341.c:541:6:ILI9341_WriteNumber	64	static
