main.c:100:5:main	8	static
main.c:216:6:SystemClock_Config	112	static
main.c:268:13:MX_I2C1_Init	8	static
main.c:302:13:MX_I2S2_Init	8	static
main.c:336:13:MX_I2S3_Init	8	static
main.c:370:13:MX_SPI1_Init	8	static
main.c:406:13:MX_SPI4_Init	8	static
main.c:432:13:MX_DMA_Init	16	static
main.c:448:13:MX_TIM1_Init	56	static
main.c:496:13:MX_TIM2_Init	56	static
main.c:537:13:MX_TIM3_Init	32	static
main.c:580:13:MX_TIM4_Init	32	static
main.c:632:13:MX_GPIO_Init	56	static
main.c:754:6:Error_Handler	4	static
main.c:762:6:FLASH_init	4	static
