stm32f4xx_it.c:74:6:NMI_Handler	4	static
stm32f4xx_it.c:87:6:HardFault_Handler	4	static
stm32f4xx_it.c:103:6:MemManage_Handler	4	static
stm32f4xx_it.c:118:6:BusFault_Handler	4	static
stm32f4xx_it.c:133:6:UsageFault_Handler	4	static
stm32f4xx_it.c:148:6:SVC_Handler	4	static
stm32f4xx_it.c:161:6:DebugMon_Handler	4	static
stm32f4xx_it.c:174:6:PendSV_Handler	4	static
stm32f4xx_it.c:187:6:SysTick_Handler	8	static
stm32f4xx_it.c:209:6:TIM2_IRQHandler	8	static
stm32f4xx_it.c:223:6:TIM3_IRQHandler	8	static
stm32f4xx_it.c:238:6:TIM4_IRQHandler	8	static
stm32f4xx_it.c:253:6:DMA2_Stream1_IRQHandler	8	static
stm32f4xx_it.c:267:6:OTG_FS_IRQHandler	8	static
stm32f4xx_it.c:281:6:SPI4_IRQHandler	8	static
stm32f4xx_it.c:293:9:get_spi4_dma_completed	4	static
